timestamp,nivelboiler,tempboiler,tempcoletor,tempcanos
08/06/2022 13:28:45,0.5,45.49,80,1
08/06/2022 13:28:46,0.5,45.49,80,1
08/06/2022 13:28:47,0.5,45.49,80,1
08/06/2022 13:28:55,0.5,45.47,80,1
08/06/2022 13:28:56,0.5,45.47,80,1
08/06/2022 13:28:57,0.5,45.47,80,1
08/06/2022 13:28:58,0.5,45.47,80,1
08/06/2022 13:32:02,0.5,45.16,80,1
08/06/2022 13:32:03,0.5,45.16,80,1
08/06/2022 13:32:04,0.5,45.16,80,1
08/06/2022 13:32:05,0.5,45.16,80,1
08/06/2022 13:32:06,0.5,45.15,80,1
08/06/2022 13:32:07,0.5,45.15,80,1
08/06/2022 13:32:08,0.5,45.15,80,1
08/06/2022 13:32:09,0.5,45.15,80,1
08/06/2022 13:32:10,0.5,45.15,80,1
08/06/2022 13:32:11,0.5,45.15,80,1
08/06/2022 13:32:12,0.5,45.15,80,1
08/06/2022 13:32:13,0.5,45.14,80,1
08/06/2022 13:32:14,0.5,45.14,80,1
08/06/2022 13:32:15,0.5,45.14,80,1
08/06/2022 13:32:58,0.5,45.07,80,1
08/06/2022 13:32:59,0.5,45.07,80,1
08/06/2022 13:33:00,0.5,45.06,80,1
08/06/2022 13:33:01,0.5,45.06,80,1
08/06/2022 13:33:02,0.5,45.06,80,1
08/06/2022 13:33:03,0.5,45.06,80,1
08/06/2022 13:33:04,0.5,45.06,80,1
08/06/2022 13:33:05,0.5,45.06,80,1
08/06/2022 13:33:06,0.5,45.06,80,1
08/06/2022 13:33:07,0.5,45.05,80,1
08/06/2022 13:33:08,0.5,45.05,80,1
08/06/2022 13:33:09,0.5,45.05,80,1
08/06/2022 13:33:10,0.5,45.05,80,1
08/06/2022 13:33:11,0.5,45.05,80,1
08/06/2022 13:33:12,0.5,45.04,80,1
08/06/2022 13:33:13,0.5,45.04,80,1
08/06/2022 13:33:14,0.5,45.04,80,1
08/06/2022 13:33:15,0.5,45.04,80,1
08/06/2022 13:33:16,0.5,45.04,80,1
08/06/2022 13:33:17,0.5,45.04,80,1
08/06/2022 13:33:18,0.5,45.03,80,1
08/06/2022 13:33:19,0.5,45.03,80,1
08/06/2022 13:33:20,0.5,45.03,80,1
08/06/2022 13:33:21,0.5,45.03,80,1
08/06/2022 13:33:27,0.5,45.02,80,1
08/06/2022 13:33:28,0.5,45.02,80,1
08/06/2022 13:33:29,0.5,45.02,80,1
08/06/2022 13:33:30,0.5,45.01,80,1
08/06/2022 13:33:31,0.5,45.01,80,1
08/06/2022 13:33:32,0.5,45.01,80,1
08/06/2022 13:33:33,0.5,45.01,80,1
08/06/2022 13:33:34,0.5,45.01,80,1
08/06/2022 13:33:35,0.5,45.01,80,1
08/06/2022 13:33:36,0.5,45,80,1
08/06/2022 13:33:37,0.5,45,80,1
08/06/2022 18:20:41,0.5,24.97,40.33,24.83
08/06/2022 18:20:42,0.5,24.97,40.35,24.83
08/06/2022 18:20:43,0.5,24.96,40.37,24.82
08/06/2022 18:20:44,0.5,24.96,40.38,24.81
08/06/2022 18:20:45,0.5,24.96,40.4,24.8
08/06/2022 18:20:46,0.5,24.96,40.42,24.79
08/06/2022 18:20:47,0.5,24.96,40.43,24.78
08/06/2022 18:20:48,0.5,24.95,40.45,24.77
08/06/2022 18:20:49,0.5,24.95,40.47,24.77
08/06/2022 18:20:50,0.5,24.95,40.48,24.76
08/06/2022 18:20:51,0.5,24.95,40.5,24.75
08/06/2022 18:20:52,0.5,24.95,40.52,24.74
08/06/2022 18:20:53,0.5,24.95,40.53,24.73
08/06/2022 18:20:54,0.5,24.94,40.55,24.73
08/06/2022 18:20:55,0.5,24.94,40.57,24.72
08/06/2022 18:20:56,0.5,24.94,40.58,24.71
08/06/2022 18:20:57,0.5,24.94,40.6,24.7
08/06/2022 18:20:58,0.5,24.94,40.62,24.69
08/06/2022 18:20:59,0.5,24.94,40.63,24.68
08/06/2022 18:21:00,0.5,24.93,40.65,24.67
08/06/2022 18:21:01,0.5,24.93,40.67,24.67
08/06/2022 18:21:02,0.5,24.93,40.68,24.66
08/06/2022 18:21:51,0.5,24.85,41.5,24.25
08/06/2022 18:21:52,0.5,24.85,41.51,24.24
08/06/2022 18:21:53,0.5,24.85,41.53,24.23
08/06/2022 18:44:00,0.5,22.64,63.65,13.18
08/06/2022 18:44:01,0.5,22.63,63.67,13.17
08/06/2022 18:44:02,0.5,22.63,63.68,13.16
08/06/2022 18:44:03,0.5,22.63,63.7,13.15
08/06/2022 18:44:04,0.5,22.63,63.72,13.14
08/06/2022 18:44:05,0.5,22.63,63.73,13.13
08/06/2022 18:44:06,0.5,22.62,63.75,13.12
08/06/2022 18:44:07,0.5,22.62,63.77,13.12
08/06/2022 18:44:08,0.5,22.62,63.78,13.11
08/06/2022 18:44:09,0.5,22.62,63.8,13.1
08/06/2022 18:44:10,0.5,22.62,63.82,13.09
08/06/2022 18:44:11,0.5,22.62,63.83,13.08
08/06/2022 18:44:12,0.5,22.61,63.85,13.07
08/06/2022 18:44:13,0.5,22.61,63.87,13.07
08/06/2022 18:44:14,0.5,22.61,63.88,13.06
08/06/2022 18:44:15,0.5,22.61,63.9,13.05
08/06/2022 18:44:16,0.5,22.61,63.92,13.04
08/06/2022 18:44:17,0.5,22.61,63.93,13.03
08/06/2022 18:44:32,0.5,22.58,64.18,12.91
08/06/2022 18:44:33,0.5,22.58,64.2,12.9
08/06/2022 18:44:34,0.5,22.58,64.22,12.89
08/06/2022 18:44:35,0.5,22.58,64.23,12.88
08/06/2022 18:44:36,0.5,22.58,64.25,12.88
08/06/2022 18:44:37,0.5,22.57,64.27,12.87
08/06/2022 18:44:38,0.5,22.57,64.28,12.86
08/06/2022 18:44:39,0.5,22.57,64.3,12.85
08/06/2022 18:44:40,0.5,22.57,64.32,12.84
08/06/2022 18:44:41,0.5,22.57,64.33,12.83
08/06/2022 18:44:42,0.5,22.57,64.35,12.82
08/06/2022 18:44:43,0.5,22.56,64.37,12.82
08/06/2022 18:44:44,0.5,22.56,64.38,12.81
08/06/2022 18:44:45,0.5,22.56,64.4,12.8
08/06/2022 18:44:46,0.5,22.56,64.42,12.79
08/06/2022 18:44:47,0.5,22.56,64.43,12.78
08/06/2022 18:44:48,0.5,22.56,64.45,12.77
08/06/2022 18:47:27,0.5,0,22.29,0
08/06/2022 18:47:28,0.5,22.29,67.11,11.44
08/06/2022 18:47:29,0.5,22.29,67.13,11.44
08/06/2022 18:47:30,0.5,22.29,67.14,11.43
08/06/2022 18:47:31,0.5,22.28,67.16,11.42
08/06/2022 18:47:32,0.5,22.28,67.18,11.41
08/06/2022 18:47:33,0.5,22.28,67.19,11.4
08/06/2022 18:47:34,0.5,22.28,67.21,11.39
08/06/2022 18:47:35,0.5,22.28,67.23,11.39
08/06/2022 18:47:36,0.5,22.28,67.25,11.38
08/06/2022 18:47:37,0.5,22.27,67.26,11.37
08/06/2022 18:47:38,0.5,22.27,67.28,11.36
08/06/2022 18:47:39,0.5,22.27,67.29,11.35
08/06/2022 18:47:40,0.5,22.27,67.31,11.34
08/06/2022 18:47:41,0.5,22.27,67.33,11.34
08/06/2022 18:47:42,0.5,22.27,67.35,11.33
08/06/2022 18:47:43,0.5,22.26,67.36,11.32
08/06/2022 18:47:44,0.5,22.26,67.38,11.31
08/06/2022 18:47:45,0.5,22.26,67.39,11.3
08/06/2022 18:47:46,0.5,22.26,67.41,11.29
08/06/2022 18:47:47,0.5,22.26,67.43,11.29
08/06/2022 18:47:48,0.5,22.26,67.44,11.28
08/06/2022 18:47:49,0.5,22.25,67.46,11.27
08/06/2022 18:47:50,0.5,22.25,67.48,11.26
08/06/2022 18:47:51,0.5,22.25,67.5,11.25
08/06/2022 18:47:52,0.5,22.25,67.51,11.24
08/06/2022 18:47:53,0.5,22.25,67.53,11.24
08/06/2022 18:47:54,0.5,22.25,67.54,11.23
08/06/2022 18:47:55,0.5,22.24,67.56,11.22
08/06/2022 18:48:16,0.5,22.21,67.9,11.05
08/06/2022 18:48:17,0.5,22.21,67.92,11.04
08/06/2022 18:48:18,0.5,22.21,67.94,11.03
08/06/2022 18:48:19,0.5,22.2,67.96,11.02
08/06/2022 18:48:20,0.5,22.2,67.97,11.01
08/06/2022 18:48:21,0.5,22.2,67.99,11.01
08/06/2022 18:48:22,0.5,22.2,68,11
08/06/2022 18:48:23,0.5,22.2,68.02,10.99
08/06/2022 18:48:24,0.5,22.2,68.04,10.98
08/06/2022 18:48:25,0.5,22.19,68.06,10.97
08/06/2022 18:48:26,0.5,22.19,68.07,10.96
08/06/2022 18:48:27,0.5,22.19,68.09,10.96
08/06/2022 18:48:28,0.5,22.19,68.11,10.95
08/06/2022 18:48:29,0.5,22.19,68.12,10.94
08/06/2022 18:48:30,0.5,22.19,68.14,10.93
08/06/2022 18:48:31,0.5,22.18,68.15,10.92
08/06/2022 18:48:32,0.5,22.18,68.17,10.91
08/06/2022 18:48:33,0.5,22.18,68.19,10.91
08/06/2022 18:48:34,0.5,22.18,68.21,10.9
08/06/2022 18:48:35,0.5,22.18,68.22,10.89
08/06/2022 18:48:36,0.5,22.18,68.24,10.88
08/06/2022 18:48:37,0.5,22.17,68.25,10.87
08/06/2022 18:49:42,0.5,22.07,69.33,10.34
08/06/2022 18:49:43,0.5,22.07,69.33,10.34
08/06/2022 18:49:44,0.5,22.07,69.33,10.34
08/06/2022 18:49:45,0.5,22.07,69.33,10.34
08/06/2022 18:49:46,0.5,22.06,69.41,10.3
08/06/2022 18:49:47,0.5,22.06,69.41,10.3
08/06/2022 18:49:48,0.5,22.06,69.41,10.3
08/06/2022 18:49:49,0.5,22.06,69.41,10.3
08/06/2022 18:49:50,0.5,22.06,69.41,10.3
08/06/2022 18:49:51,0.5,22.06,69.41,10.3
08/06/2022 18:49:52,0.5,22.06,69.41,10.3
08/06/2022 18:49:53,0.5,22.06,69.41,10.3
08/06/2022 18:49:54,0.5,22.06,69.41,10.3
08/06/2022 18:49:55,0.5,22.06,69.41,10.3
08/06/2022 18:49:56,0.5,22.06,69.41,10.3
08/06/2022 18:49:57,0.5,22.06,69.41,10.3
08/06/2022 18:49:58,0.5,22.06,69.41,10.3
08/06/2022 18:49:59,0.5,22.06,69.41,10.3
08/06/2022 18:50:00,0.5,22.06,69.41,10.3
08/06/2022 18:50:01,0.5,22.06,69.41,10.3
08/06/2022 18:50:02,0.5,22.06,69.41,10.3
08/06/2022 18:50:03,0.5,22.06,69.41,10.3
08/06/2022 18:50:04,0.5,22.06,69.41,10.3
08/06/2022 18:50:05,0.5,22.06,69.41,10.3
08/06/2022 18:50:06,0.5,22.06,69.41,10.3
08/06/2022 18:50:07,0.5,22.06,69.41,10.3
08/06/2022 18:50:08,0.5,22.06,69.41,10.3
08/06/2022 18:50:09,0.5,22.06,69.41,10.3
08/06/2022 18:50:10,0.5,22.06,69.41,10.3
08/06/2022 18:50:11,0.5,22.06,69.41,10.3
08/06/2022 18:50:12,0.5,22.06,69.41,10.3
08/06/2022 18:50:13,0.5,22.06,69.41,10.3
08/06/2022 18:50:14,0.5,22.06,69.41,10.3
08/06/2022 18:50:15,0.5,22.06,69.41,10.3
08/06/2022 18:50:16,0.5,22.06,69.41,10.3
08/06/2022 18:57:01,0.5,24.34,46.64,21.68
08/06/2022 18:57:02,0.5,24.33,46.66,21.67
08/06/2022 18:57:03,0.5,24.33,46.67,21.66
08/06/2022 18:57:04,0.5,24.33,46.69,21.66
08/06/2022 18:57:05,0.5,24.33,46.71,21.65
08/06/2022 18:57:06,0.5,24.33,46.72,21.64
08/06/2022 18:57:07,0.5,24.33,46.74,21.63
08/06/2022 18:57:08,0.5,24.32,46.76,21.62
08/06/2022 18:57:09,0.5,24.32,46.77,21.61
08/06/2022 18:57:10,0.5,24.32,46.79,21.6
08/06/2022 18:57:11,0.5,24.32,46.8,21.6
08/06/2022 18:57:12,0.5,24.32,46.8,21.6
08/06/2022 18:57:13,0.5,24.32,46.8,21.6
08/06/2022 18:59:49,0.5,24.75,42.54,23.73
08/06/2022 18:59:50,0.5,24.74,42.56,23.72
08/06/2022 18:59:51,0.5,24.74,42.58,23.71
08/06/2022 18:59:52,0.5,24.74,42.59,23.7
08/06/2022 18:59:53,0.5,24.74,42.61,23.7
08/06/2022 18:59:54,0.5,24.74,42.62,23.69
08/06/2022 18:59:55,0.5,24.74,42.64,23.68
08/06/2022 18:59:56,0.5,24.73,42.66,23.67
08/06/2022 18:59:57,0.5,24.73,42.67,23.66
08/06/2022 18:59:58,0.5,24.73,42.69,23.65
08/06/2022 18:59:59,0.5,24.73,42.71,23.65
08/06/2022 19:00:00,0.5,24.73,42.72,23.64
08/06/2022 19:00:01,0.5,24.73,42.74,23.63
08/06/2022 19:00:02,0.5,24.72,42.76,23.62
08/06/2022 19:00:10,0.5,24.71,42.89,23.56
08/06/2022 19:00:11,0.5,24.71,42.91,23.55
08/06/2022 19:00:12,0.5,24.71,42.92,23.54
08/06/2022 19:00:13,0.5,24.71,42.94,23.53
08/06/2022 19:00:14,0.5,24.7,42.96,23.52
08/06/2022 19:00:15,0.5,24.7,42.97,23.51
08/06/2022 19:00:16,0.5,24.7,42.99,23.5
08/06/2022 19:00:17,0.5,24.7,43.01,23.5
08/06/2022 19:00:18,0.5,24.7,43.02,23.49
08/06/2022 19:00:19,0.5,24.7,43.04,23.48
08/06/2022 19:00:20,0.5,24.69,43.06,23.47
08/06/2022 19:00:21,0.5,24.69,43.07,23.46
08/06/2022 19:00:22,0.5,24.69,43.09,23.45
08/06/2022 19:00:23,0.5,24.69,43.11,23.45
08/06/2022 19:00:24,0.5,24.69,43.12,23.44
08/06/2022 19:00:25,0.5,24.69,43.14,23.43
08/06/2022 19:00:26,0.5,24.68,43.16,23.42
08/06/2022 19:00:27,0.5,24.68,43.17,23.41
08/06/2022 19:00:28,0.5,24.68,43.19,23.41
08/06/2022 19:00:29,0.5,24.68,43.21,23.4
08/06/2022 19:00:30,0.5,24.68,43.22,23.39
08/06/2022 19:00:31,0.5,24.68,43.24,23.38
08/06/2022 19:00:32,0.5,24.67,43.26,23.37
08/06/2022 19:00:33,0.5,24.67,43.27,23.36
08/06/2022 19:00:34,0.5,24.67,43.29,23.35
08/06/2022 19:00:35,0.5,24.67,43.31,23.35
08/06/2022 19:00:36,0.5,24.67,43.32,23.34
08/06/2022 19:00:37,0.5,24.67,43.34,23.33
08/06/2022 19:00:38,0.5,24.66,43.36,23.32
08/06/2022 19:00:39,0.5,24.66,43.37,23.31
08/06/2022 19:00:40,0.5,24.66,43.39,23.31
08/06/2022 19:00:41,0.5,24.66,43.41,23.3
08/06/2022 19:00:42,0.5,24.66,43.42,23.29
08/06/2022 19:00:43,0.5,24.66,43.44,23.28
08/06/2022 19:00:44,0.5,24.65,43.46,23.27
08/06/2022 19:00:45,0.5,24.65,43.47,23.26
08/06/2022 19:00:46,0.5,24.65,43.49,23.25
08/06/2022 19:00:47,0.5,24.65,43.51,23.25
08/06/2022 19:00:48,0.5,24.65,43.52,23.24
08/06/2022 19:00:49,0.5,24.65,43.54,23.23
08/06/2022 19:00:50,0.5,24.64,43.56,23.22
08/06/2022 19:00:51,0.5,24.64,43.57,23.21
08/06/2022 19:00:52,0.5,24.64,43.59,23.2
08/06/2022 19:00:53,0.5,24.64,43.61,23.2
08/06/2022 19:00:54,0.5,24.64,43.62,23.19
08/06/2022 19:00:55,0.5,24.64,43.64,23.18
08/06/2022 19:00:56,0.5,24.63,43.66,23.17
08/06/2022 19:00:57,0.5,24.63,43.67,23.16
08/06/2022 19:00:58,0.5,24.63,43.69,23.16
08/06/2022 19:00:59,0.5,24.63,43.71,23.15
08/06/2022 19:01:00,0.5,24.63,43.72,23.14
08/06/2022 19:01:01,0.5,24.63,43.74,23.13
08/06/2022 19:01:02,0.5,24.62,43.76,23.12
08/06/2022 19:01:03,0.5,24.62,43.77,23.11
08/06/2022 19:01:04,0.5,24.62,43.79,23.1
08/06/2022 19:01:05,0.5,24.62,43.81,23.1
08/06/2022 19:01:06,0.5,24.62,43.82,23.09
08/06/2022 19:01:07,0.5,24.62,43.84,23.08
08/06/2022 19:01:08,0.5,24.61,43.86,23.07
08/06/2022 19:01:09,0.5,24.61,43.87,23.06
08/06/2022 19:01:10,0.5,24.61,43.89,23.06
08/06/2022 19:01:11,0.5,24.61,43.91,23.05
08/06/2022 19:01:12,0.5,24.61,43.92,23.04
08/06/2022 19:01:13,0.5,24.61,43.94,23.03
08/06/2022 19:01:14,0.5,24.6,43.96,23.02
08/06/2022 19:01:15,0.5,24.6,43.97,23.01
08/06/2022 19:01:16,0.5,24.6,43.99,23
08/06/2022 19:01:17,0.5,24.6,44.01,23
08/06/2022 19:01:18,0.5,24.6,44.02,22.99
08/06/2022 19:01:19,0.5,24.6,44.04,22.98
08/06/2022 19:01:20,0.5,24.59,44.06,22.97
08/06/2022 19:01:21,0.5,24.59,44.07,22.96
08/06/2022 19:01:22,0.5,24.59,44.09,22.95
08/06/2022 19:01:23,0.5,24.59,44.11,22.95
08/06/2022 19:07:12,0.5,24.01,49.92,20.04
08/06/2022 19:07:13,0.5,24.01,49.93,20.03
08/06/2022 19:25:40,0.5,22.16,68.39,10.8
08/06/2022 19:25:41,0.5,22.16,68.41,10.8
08/06/2022 19:25:42,0.5,22.16,68.43,10.79
08/06/2022 19:25:43,0.5,22.16,68.44,10.78
08/06/2022 19:25:44,0.5,22.15,68.46,10.77
08/06/2022 19:25:45,0.5,22.15,68.48,10.76
08/06/2022 19:25:46,0.5,22.15,68.49,10.75
08/06/2022 19:25:47,0.5,22.15,68.51,10.74
08/06/2022 19:25:48,0.5,22.15,68.53,10.74
08/06/2022 19:25:49,0.5,22.15,68.54,10.73
08/06/2022 19:25:50,0.5,22.14,68.56,10.72
08/06/2022 19:25:51,0.5,22.14,68.58,10.71
08/06/2022 19:25:52,0.5,22.14,68.59,10.7
08/06/2022 19:25:53,0.5,22.14,68.61,10.69
08/06/2022 19:25:54,0.5,22.14,68.63,10.69
08/06/2022 19:25:55,0.5,22.14,68.64,10.68
08/06/2022 19:25:56,0.5,22.13,68.66,10.67
08/06/2022 19:25:57,0.5,22.13,68.68,10.66
08/06/2022 19:25:58,0.5,22.13,68.69,10.65
08/06/2022 19:25:59,0.5,22.13,68.71,10.65
08/06/2022 19:26:00,0.5,22.13,68.73,10.64
08/06/2022 19:26:01,0.5,22.13,68.74,10.63
08/06/2022 19:26:02,0.5,22.12,68.76,10.62
08/06/2022 19:26:03,0.5,22.12,68.78,10.61
08/06/2022 19:26:04,0.5,22.12,68.79,10.6
08/06/2022 19:26:05,0.5,22.12,68.81,10.6
08/06/2022 19:26:06,0.5,22.12,68.83,10.59
08/06/2022 19:26:07,0.5,22.12,68.84,10.58
08/06/2022 19:26:08,0.5,22.11,68.86,10.57
08/06/2022 19:26:09,0.5,22.11,68.88,10.56
08/06/2022 19:26:10,0.5,22.11,68.89,10.55
08/06/2022 19:26:11,0.5,22.11,68.91,10.55
08/06/2022 19:26:12,0.5,22.11,68.93,10.54
08/06/2022 19:26:13,0.5,22.11,68.94,10.53
08/06/2022 19:26:14,0.5,22.1,68.96,10.52
08/06/2022 19:26:15,0.5,22.1,68.98,10.51
08/06/2022 19:26:16,0.5,22.1,68.99,10.5
08/06/2022 19:26:17,0.5,22.1,69.01,10.49
08/06/2022 19:26:18,0.5,22.1,69.03,10.49
08/06/2022 19:26:19,0.5,22.1,69.04,10.48
08/06/2022 19:26:20,0.5,22.09,69.06,10.47
08/06/2022 19:26:21,0.5,22.09,69.08,10.46
08/06/2022 19:26:22,0.5,22.09,69.09,10.45
08/06/2022 19:26:23,0.5,22.09,69.11,10.44
08/06/2022 19:26:24,0.5,22.09,69.13,10.44
08/06/2022 19:26:25,0.5,22.09,69.14,10.43
08/06/2022 19:26:26,0.5,22.08,69.16,10.42
08/06/2022 19:26:27,0.5,22.08,69.18,10.41
08/06/2022 19:26:28,0.5,22.08,69.19,10.4
08/06/2022 19:26:29,0.5,22.08,69.21,10.4
08/06/2022 19:26:30,0.5,22.08,69.23,10.39
08/06/2022 19:26:31,0.5,22.08,69.24,10.38
08/06/2022 19:26:32,0.5,22.07,69.26,10.37
08/06/2022 19:26:33,0.5,22.07,69.28,10.36
08/06/2022 19:26:34,0.5,22.07,69.29,10.35
08/06/2022 19:26:35,0.5,22.07,69.31,10.35
08/06/2022 19:26:36,0.5,22.07,69.33,10.34
08/06/2022 19:26:37,0.5,22.07,69.34,10.33
08/06/2022 19:26:38,0.5,22.06,69.36,10.32
08/06/2022 19:26:39,0.5,22.06,69.38,10.31
08/06/2022 19:26:40,0.5,22.06,69.39,10.3
08/06/2022 19:26:41,0.5,22.06,69.41,10.3
08/06/2022 19:26:42,0.5,22.06,69.43,10.29
08/06/2022 19:26:43,0.5,22.06,69.44,10.28
08/06/2022 19:26:44,0.5,22.05,69.46,10.27
08/06/2022 19:26:45,0.5,22.05,69.48,10.26
08/06/2022 19:26:46,0.5,22.05,69.49,10.25
08/06/2022 19:26:47,0.5,22.05,69.51,10.24
08/06/2022 19:26:48,0.5,22.05,69.53,10.24
08/06/2022 19:26:49,0.5,22.05,69.54,10.23
08/06/2022 19:26:50,0.5,22.04,69.56,10.22
08/06/2022 19:26:51,0.5,22.04,69.58,10.21
08/06/2022 19:26:52,0.5,22.04,69.59,10.2
08/06/2022 19:26:53,0.5,22.04,69.61,10.19
08/06/2022 19:26:54,0.5,22.04,69.63,10.19
08/06/2022 19:26:55,0.5,22.04,69.64,10.18
08/06/2022 19:26:56,0.5,22.03,69.66,10.17
08/06/2022 19:26:57,0.5,22.03,69.68,10.16
08/06/2022 19:26:58,0.5,22.03,69.69,10.15
08/06/2022 19:26:59,0.5,22.03,69.71,10.15
08/06/2022 19:27:00,0.5,22.03,69.73,10.14
08/06/2022 19:27:01,0.5,22.03,69.74,10.13
08/06/2022 19:27:02,0.5,22.02,69.76,10.12
08/06/2022 19:27:03,0.5,22.02,69.78,10.11
08/06/2022 19:27:04,0.5,22.02,69.79,10.1
08/06/2022 19:27:05,0.5,22.02,69.81,10.1
08/06/2022 19:27:06,0.5,22.02,69.83,10.09
08/06/2022 19:27:07,0.5,22.02,69.84,10.08
08/06/2022 19:27:08,0.5,22.01,69.86,10.07
08/06/2022 19:27:09,0.5,22.01,69.88,10.06
08/06/2022 19:27:10,0.5,22.01,69.89,10.05
08/06/2022 19:27:11,0.5,22.01,69.91,10.05
08/06/2022 19:27:12,0.5,22.01,69.93,10.04
08/06/2022 19:27:13,0.5,22.01,69.94,10.03
08/06/2022 19:27:14,0.5,22,69.96,10.02
08/06/2022 19:27:15,0.5,22,69.98,10.01
08/06/2022 19:27:16,0.5,22,69.99,10
08/06/2022 19:27:17,0.5,22,70.01,9.995
08/06/2022 19:27:18,0.5,22,70.03,9.987
08/06/2022 19:27:19,0.5,22,70.04,9.978
08/06/2022 19:27:20,0.5,21.99,70.06,9.97
08/06/2022 19:27:21,0.5,21.99,70.08,9.962
08/06/2022 19:27:22,0.5,21.99,70.09,9.953
08/06/2022 19:27:23,0.5,21.99,70.11,9.945
08/06/2022 19:27:24,0.5,21.99,70.13,9.937
08/06/2022 19:27:25,0.5,21.99,70.14,9.928
08/06/2022 19:27:26,0.5,21.98,70.16,9.92
08/06/2022 19:27:27,0.5,21.98,70.18,9.912
08/06/2022 19:27:28,0.5,21.98,70.19,9.903
08/06/2022 19:27:29,0.5,21.98,70.21,9.895
08/06/2022 19:27:30,0.5,21.98,70.23,9.887
08/06/2022 19:27:31,0.5,21.98,70.24,9.878
08/06/2022 19:27:32,0.5,21.97,70.26,9.87
08/06/2022 19:27:33,0.5,21.97,70.28,9.862
08/06/2022 19:27:34,0.5,21.97,70.29,9.853
08/06/2022 19:27:35,0.5,21.97,70.31,9.845
08/06/2022 19:27:36,0.5,21.97,70.33,9.837
08/06/2022 19:27:37,0.5,21.97,70.34,9.828
08/06/2022 19:27:38,0.5,21.96,70.36,9.82
08/06/2022 19:27:39,0.5,21.96,70.38,9.812
08/06/2022 19:27:40,0.5,21.96,70.39,9.803
08/06/2022 19:27:41,0.5,21.96,70.41,9.795
08/06/2022 19:27:42,0.5,21.96,70.43,9.787
08/06/2022 19:27:43,0.5,21.96,70.44,9.778
08/06/2022 19:27:44,0.5,21.95,70.46,9.77
08/06/2022 19:27:45,0.5,21.95,70.48,9.762
08/06/2022 19:27:46,0.5,21.95,70.49,9.753
08/06/2022 19:27:47,0.5,21.95,70.51,9.745
08/06/2022 19:27:48,0.5,21.95,70.53,9.737
08/06/2022 19:27:49,0.5,21.95,70.54,9.728
08/06/2022 19:27:50,0.5,21.94,70.56,9.72
08/06/2022 19:27:51,0.5,21.94,70.58,9.712
08/06/2022 19:27:52,0.5,21.94,70.59,9.703
08/06/2022 19:27:53,0.5,21.94,70.61,9.695
08/06/2022 19:27:54,0.5,21.94,70.63,9.687
08/06/2022 19:27:55,0.5,21.94,70.64,9.678
08/06/2022 19:27:56,0.5,21.93,70.66,9.67
08/06/2022 19:27:57,0.5,21.93,70.68,9.662
08/06/2022 19:27:58,0.5,21.93,70.69,9.653
08/06/2022 19:27:59,0.5,21.93,70.71,9.645
08/06/2022 19:28:00,0.5,21.93,70.73,9.637
08/06/2022 19:28:01,0.5,21.93,70.74,9.628
08/06/2022 19:28:02,0.5,21.92,70.76,9.62
08/06/2022 19:28:03,0.5,21.92,70.78,9.612
08/06/2022 19:28:04,0.5,21.92,70.79,9.603
08/06/2022 19:28:05,0.5,21.92,70.81,9.595
08/06/2022 19:28:06,0.5,21.92,70.83,9.587
08/06/2022 19:28:07,0.5,21.92,70.84,9.578
08/06/2022 19:28:08,0.5,21.91,70.86,9.57
08/06/2022 19:28:09,0.5,21.91,70.88,9.562
08/06/2022 19:28:10,0.5,21.91,70.89,9.553
08/06/2022 19:28:11,0.5,21.91,70.91,9.545
08/06/2022 19:28:12,0.5,21.91,70.93,9.537
08/06/2022 19:28:13,0.5,21.91,70.94,9.528
08/06/2022 19:28:14,0.5,21.9,70.96,9.52
08/06/2022 19:28:15,0.5,21.9,70.98,9.512
08/06/2022 19:28:16,0.5,21.9,70.99,9.503
08/06/2022 19:28:17,0.5,21.9,71.01,9.495
08/06/2022 19:28:18,0.5,21.9,71.03,9.487
08/06/2022 19:28:19,0.5,21.9,71.04,9.478
08/06/2022 19:28:20,0.5,21.89,71.06,9.47
08/06/2022 19:28:21,0.5,21.89,71.08,9.462
08/06/2022 19:28:22,0.5,21.89,71.09,9.453
08/06/2022 19:28:23,0.5,21.89,71.11,9.445
08/06/2022 19:28:24,0.5,21.89,71.13,9.437
08/06/2022 19:28:25,0.5,21.89,71.14,9.428
08/06/2022 19:28:26,0.5,21.88,71.16,9.42
08/06/2022 19:28:27,0.5,21.88,71.18,9.412
08/06/2022 19:28:28,0.5,21.88,71.19,9.403
08/06/2022 19:28:29,0.5,21.88,71.21,9.395
08/06/2022 19:28:30,0.5,21.88,71.23,9.387
08/06/2022 19:28:31,0.5,21.88,71.24,9.378
08/06/2022 19:28:32,0.5,21.87,71.26,9.37
08/06/2022 19:28:33,0.5,21.87,71.28,9.362
08/06/2022 19:28:34,0.5,21.87,71.29,9.353
08/06/2022 19:28:35,0.5,21.87,71.31,9.345
08/06/2022 19:28:36,0.5,21.87,71.33,9.337
08/06/2022 19:28:37,0.5,21.87,71.34,9.328
08/06/2022 19:28:38,0.5,21.86,71.36,9.32
08/06/2022 19:28:39,0.5,21.86,71.38,9.312
08/06/2022 19:28:40,0.5,21.86,71.39,9.303
08/06/2022 19:28:41,0.5,21.86,71.41,9.295
08/06/2022 19:28:42,0.5,21.86,71.43,9.287
08/06/2022 19:28:43,0.5,21.86,71.44,9.278
08/06/2022 19:28:44,0.5,21.85,71.46,9.27
08/06/2022 19:28:45,0.5,21.85,71.48,9.262
08/06/2022 19:28:46,0.5,21.85,71.49,9.253
08/06/2022 19:28:47,0.5,21.85,71.51,9.245
08/06/2022 19:28:48,0.5,21.85,71.53,9.237
08/06/2022 19:28:49,0.5,21.85,71.54,9.228
08/06/2022 19:28:50,0.5,21.84,71.56,9.22
08/06/2022 19:28:51,0.5,21.84,71.58,9.212
08/06/2022 19:28:52,0.5,21.84,71.59,9.203
08/06/2022 19:28:53,0.5,21.84,71.61,9.195
08/06/2022 19:28:54,0.5,21.84,71.63,9.187
08/06/2022 19:28:55,0.5,21.84,71.64,9.178
08/06/2022 19:28:56,0.08/06/2022 19:30:56,0.5,21.64,73.65,8.176
08/06/2022 19:30:57,0.5,21.63,73.67,8.168
08/06/2022 19:30:58,0.5,21.63,73.68,8.159
08/06/2022 19:30:59,0.5,21.63,73.7,8.151
08/06/2022 19:31:00,0.5,21.63,73.71,8.143
08/06/2022 19:31:01,0.5,21.63,73.73,8.134
08/06/2022 19:31:02,0.5,21.62,73.75,8.126
08/06/2022 19:31:03,0.5,21.62,73.76,8.118
08/06/2022 19:31:04,0.5,21.62,73.78,8.109
08/06/2022 19:31:05,0.5,21.62,73.8,8.101
08/06/2022 19:31:06,0.5,21.62,73.82,8.093
08/06/2022 19:31:07,0.5,21.62,73.83,8.084
08/06/2022 19:31:08,0.5,21.61,73.85,8.076
08/06/2022 19:31:09,0.5,21.61,73.86,8.068
08/06/2022 19:31:10,0.5,21.61,73.88,8.059
08/06/2022 19:31:11,0.5,21.61,73.9,8.051
08/06/2022 19:31:12,0.5,21.61,73.92,8.043
08/06/2022 19:31:13,0.5,21.61,73.93,8.034
08/06/2022 19:31:14,0.5,21.6,73.95,8.026
08/06/2022 19:31:15,0.5,21.6,73.96,8.018
08/06/2022 19:31:16,0.5,21.6,73.98,8.009
08/06/2022 19:31:17,0.5,21.6,74,8.001
08/06/2022 19:31:18,0.5,21.6,74.01,7.993
08/06/2022 19:31:19,0.5,21.6,74.03,7.984
08/06/2022 19:31:20,0.5,21.59,74.05,7.976
08/06/2022 19:31:21,0.5,21.59,74.07,7.968
08/06/2022 19:31:22,0.5,21.59,74.08,7.959
08/06/2022 19:31:23,0.5,21.59,74.1,7.951
08/06/2022 19:31:24,0.5,21.59,74.11,7.943
08/06/2022 19:31:25,0.5,21.59,74.13,7.934
08/06/2022 19:31:26,0.5,21.58,74.15,7.926
08/06/2022 19:31:27,0.5,21.58,74.17,7.918
08/06/2022 19:31:28,0.5,21.58,74.18,7.909
08/06/2022 19:31:29,0.5,21.58,74.2,7.901
08/06/2022 19:31:30,0.5,21.58,74.21,7.893
08/06/2022 19:31:31,0.5,21.58,74.23,7.884
08/06/2022 19:31:32,0.5,21.58,74.25,7.876
08/06/2022 19:31:33,0.5,21.57,74.26,7.868
08/06/2022 19:31:34,0.5,21.57,74.28,7.859
08/06/2022 19:31:35,0.5,21.57,74.3,7.851
08/06/2022 19:31:36,0.5,21.57,74.32,7.843
08/06/2022 19:31:37,0.5,21.57,74.33,7.834
08/06/2022 19:31:38,0.5,21.57,74.35,7.826
08/06/2022 19:31:39,0.5,21.56,74.36,7.818
08/06/2022 19:31:40,0.5,21.56,74.38,7.809
08/06/2022 19:31:41,0.5,21.56,74.4,7.801
08/06/2022 19:31:42,0.5,21.56,74.42,7.793
08/06/2022 19:31:43,0.5,21.56,74.43,7.784
08/06/2022 19:31:44,0.5,21.56,74.45,7.776
08/06/2022 19:31:45,0.5,21.55,74.46,7.768
08/06/2022 19:31:46,0.5,21.55,74.48,7.759
08/06/2022 19:31:47,0.5,21.55,74.5,7.751
08/06/2022 19:31:48,0.5,21.55,74.51,7.743
08/06/2022 19:31:49,0.5,21.55,74.53,7.734
08/06/2022 19:31:50,0.5,21.55,74.55,7.726
08/06/2022 19:31:51,0.5,21.54,74.57,7.718
08/06/2022 19:31:52,0.5,21.54,74.58,7.709
08/06/2022 19:31:53,0.5,21.54,74.6,7.701
08/06/2022 19:31:54,0.5,21.54,74.61,7.693
08/06/2022 19:31:55,0.5,21.54,74.63,7.684
08/06/2022 19:31:56,0.5,21.53,74.65,7.676
08/06/2022 19:31:57,0.5,21.53,74.67,7.668
08/06/2022 19:31:58,0.5,21.53,74.68,7.659
08/06/2022 19:31:59,0.5,21.53,74.7,7.651
08/06/2022 19:32:00,0.5,21.53,74.71,7.643
08/06/2022 19:32:01,0.5,21.53,74.73,7.634
08/06/2022 19:32:02,0.5,21.52,74.75,7.626
08/06/2022 19:32:03,0.5,21.52,74.76,7.618
08/06/2022 19:32:04,0.5,21.52,74.78,7.609
08/06/2022 19:32:05,0.5,21.52,74.8,7.601
08/06/2022 19:32:06,0.5,21.52,74.82,7.593
08/06/2022 19:32:07,0.5,21.52,74.83,7.584
08/06/2022 19:32:08,0.5,21.51,74.85,7.576
08/06/2022 19:32:09,0.5,21.51,74.86,7.568
08/06/2022 19:32:10,0.5,21.51,74.88,7.559
08/06/2022 19:32:11,0.5,21.51,74.9,7.551
08/06/2022 19:32:12,0.5,21.51,74.92,7.543
08/06/2022 19:32:13,0.5,21.51,74.93,7.534
08/06/2022 19:32:14,0.5,21.5,74.95,7.526
08/06/2022 19:32:15,0.5,21.5,74.96,7.518
08/06/2022 19:32:16,0.5,21.5,74.98,7.509
08/06/2022 19:32:17,0.5,21.5,75,7.501
08/06/2022 19:32:18,0.5,21.5,75.01,7.493
08/06/2022 19:32:19,0.5,21.5,75.03,7.484
08/06/2022 19:32:20,0.5,21.5,75.05,7.476
08/06/2022 19:32:21,0.5,21.49,75.07,7.468
08/06/2022 19:32:22,0.5,21.49,75.08,7.459
08/06/2022 19:32:23,0.5,21.49,75.1,7.451
08/06/2022 19:32:24,0.5,21.49,75.11,7.443
08/06/2022 19:32:25,0.5,21.49,75.13,7.434
08/06/2022 19:32:26,0.5,21.49,75.15,7.426
08/06/2022 19:32:27,0.5,21.48,75.17,7.418
08/06/2022 19:32:28,0.5,21.48,75.18,7.409
08/06/2022 19:32:29,0.5,21.48,75.2,7.401
08/06/2022 19:32:30,0.5,21.48,75.21,7.393
08/06/2022 19:32:31,0.5,21.48,75.23,7.384
08/06/2022 19:32:32,0.5,21.48,75.25,7.376
08/06/2022 19:32:33,0.5,21.47,75.26,7.368
08/06/2022 19:32:34,0.5,21.47,75.28,7.359
08/06/2022 19:32:35,0.5,21.47,75.3,7.351
08/06/2022 19:32:36,0.5,21.47,75.32,7.343
08/06/2022 19:32:37,0.5,21.47,75.33,7.334
08/06/2022 19:32:38,0.5,21.47,75.35,7.326
08/06/2022 19:32:39,0.5,21.46,75.36,7.318
08/06/2022 19:32:40,0.5,21.46,75.38,7.309
08/06/2022 19:32:41,0.5,21.46,75.4,7.301
08/06/2022 19:32:42,0.5,21.46,75.42,7.293
08/06/2022 19:32:43,0.5,21.46,75.43,7.284
08/06/2022 19:32:44,0.5,21.45,75.45,7.276
08/06/2022 19:32:45,0.5,21.45,75.46,7.268
08/06/2022 19:32:46,0.5,21.45,75.48,7.259
08/06/2022 19:32:47,0.5,21.45,75.5,7.251
08/06/2022 19:32:48,0.5,21.45,75.51,7.243
08/06/2022 19:32:49,0.5,21.45,75.53,7.234
08/06/2022 19:32:50,0.5,21.44,75.55,7.226
08/06/2022 19:32:51,0.5,21.44,75.57,7.218
08/06/2022 19:32:52,0.5,21.44,75.58,7.209
08/06/2022 19:32:53,0.5,21.44,75.6,7.201
08/06/2022 19:32:54,0.5,21.44,75.61,7.193
08/06/2022 19:32:55,0.5,21.44,75.63,7.184
08/06/2022 19:32:56,0.5,21.43,75.65,7.176
08/06/2022 19:32:57,0.5,21.43,75.67,7.168
08/06/2022 19:32:58,0.5,21.43,75.68,7.159
08/06/2022 19:32:59,0.5,21.43,75.7,7.151
08/06/2022 19:33:00,0.5,21.43,75.71,7.143
08/06/2022 19:33:01,0.5,21.43,75.73,7.134
08/06/2022 19:33:02,0.5,21.42,75.75,7.126
08/06/2022 19:33:03,0.5,21.42,75.76,7.118
08/06/2022 19:33:04,0.5,21.42,75.78,7.109
08/06/2022 19:33:05,0.5,21.42,75.8,7.101
08/06/2022 19:33:06,0.5,21.42,75.82,7.093
08/06/2022 19:33:07,0.5,21.42,75.83,7.084
08/06/2022 19:33:08,0.5,21.42,75.85,7.076
08/06/2022 19:33:09,0.5,21.41,75.86,7.068
08/06/2022 19:33:10,0.5,21.41,75.88,7.059
08/06/2022 19:33:11,0.5,21.41,75.9,7.051
08/06/2022 19:33:12,0.5,21.41,75.92,7.043
08/06/2022 19:33:13,0.5,21.41,75.93,7.034
08/06/2022 19:33:14,0.5,21.41,75.95,7.026
08/06/2022 19:33:15,0.5,21.4,75.96,7.018
08/06/2022 19:33:16,0.5,21.4,75.98,7.009
08/06/2022 19:33:17,0.5,21.4,76,7.001
08/06/2022 19:33:18,0.5,21.4,76.01,6.993
08/06/2022 19:33:19,0.5,21.4,76.03,6.984
08/06/2022 19:33:20,0.5,21.4,76.05,6.976
08/06/2022 19:33:21,0.5,21.39,76.07,6.968
08/06/2022 19:33:22,0.5,21.39,76.08,6.959
08/06/2022 19:33:23,0.5,21.39,76.1,6.951
08/06/2022 19:33:24,0.5,21.39,76.11,6.943
08/06/2022 19:33:25,0.5,21.39,76.13,6.934
08/06/2022 19:33:26,0.5,21.39,76.15,6.926
08/06/2022 19:33:27,0.5,21.38,76.17,6.918
08/06/2022 19:33:28,0.5,21.38,76.18,6.909
08/06/2022 19:33:29,0.5,21.38,76.2,6.901
08/06/2022 19:33:30,0.5,21.38,76.21,6.893
08/06/2022 19:33:31,0.5,21.38,76.23,6.884
08/06/2022 19:33:32,0.5,21.38,76.25,6.876
08/06/2022 19:33:33,0.5,21.37,76.26,6.868
08/06/2022 19:33:34,0.5,21.37,76.28,6.859
08/06/2022 19:33:35,0.5,21.37,76.3,6.851
08/06/2022 19:33:36,0.5,21.37,76.32,6.843
08/06/2022 19:33:37,0.5,21.37,76.33,6.834
08/06/2022 19:33:38,0.5,21.36,76.35,6.826
08/06/2022 19:33:39,0.5,21.36,76.36,6.818
08/06/2022 19:33:40,0.5,21.36,76.38,6.809
08/06/2022 19:33:41,0.5,21.36,76.4,6.801
08/06/2022 19:33:42,0.5,21.36,76.42,6.793
08/06/2022 19:33:43,0.5,21.36,76.43,6.784
08/06/2022 19:33:44,0.5,21.35,76.45,6.776
08/06/2022 19:33:45,0.5,21.35,76.46,6.768
08/06/2022 19:33:46,0.5,21.35,76.48,6.759
08/06/2022 19:33:47,0.5,21.35,76.5,6.751
08/06/2022 19:33:48,0.5,21.35,76.51,6.743
08/06/2022 19:33:49,0.5,21.35,76.53,6.734
08/06/2022 19:33:50,0.5,21.34,76.55,6.726
08/06/2022 19:33:51,0.5,21.34,76.57,6.718
08/06/2022 19:33:52,0.5,21.34,76.58,6.709
08/06/2022 19:33:53,0.5,21.34,76.6,6.701
08/06/2022 19:33:54,0.5,21.34,76.61,6.693
08/06/2022 19:33:55,0.5,21.34,76.63,6.684
08/06/2022 19:33:56,0.5,21.33,76.65,6.676
08/06/2022 19:33:57,0.5,21.33,76.67,6.668
08/06/2022 19:33:58,0.5,21.33,76.68,6.659
08/06/2022 19:33:59,0.5,21.33,76.7,6.651
08/06/2022 19:34:00,0.5,21.33,76.71,6.643
08/06/2022 19:34:01,0.5,21.33,76.73,6.634
08/06/2022 19:34:02,0.5,21.33,76.75,6.626
08/06/2022 19:34:03,0.5,21.32,76.76,6.618
08/06/2022 19:34:04,0.5,21.32,76.78,6.609
08/06/2022 19:34:05,0.5,21.32,76.8,6.601
08/06/2022 19:34:06,0.5,21.32,76.82,6.593
08/06/2022 19:34:07,0.5,21.32,76.83,6.584
08/06/2022 19:34:08,0.5,21.32,76.85,6.576
08/06/2022 19:34:09,0.5,21.31,76.86,6.568
08/06/2022 19:34:10,0.5,21.31,76.88,6.559
08/06/2022 19:34:11,0.5,21.31,76.9,6.551
08/06/2022 19:34:108/06/2022 19:34:16,0.5,21.3,76.98,6.508
08/06/2022 19:34:17,0.5,21.3,77,6.5
08/06/2022 19:34:18,0.5,21.3,77.02,6.492
08/06/2022 19:34:19,0.5,21.3,77.03,6.483
08/06/2022 19:34:20,0.5,21.3,77.05,6.475
08/06/2022 19:34:21,0.5,21.29,77.07,6.467
08/06/2022 19:34:22,0.5,21.29,77.08,6.458
08/06/2022 19:34:23,0.5,21.29,77.1,6.45
08/06/2022 19:34:24,0.5,21.29,77.12,6.442
08/06/2022 19:34:25,0.5,21.29,77.13,6.433
08/06/2022 19:34:26,0.5,21.28,77.15,6.425
08/06/2022 19:34:27,0.5,21.28,77.17,6.417
08/06/2022 19:34:28,0.5,21.28,77.18,6.408
08/06/2022 19:34:29,0.5,21.28,77.2,6.4
08/06/2022 19:34:30,0.5,21.28,77.22,6.392
08/06/2022 19:34:31,0.5,21.28,77.23,6.383
08/06/2022 19:34:32,0.5,21.27,77.25,6.375
08/06/2022 19:34:33,0.5,21.27,77.27,6.367
08/06/2022 19:34:34,0.5,21.27,77.28,6.358
08/06/2022 19:34:35,0.5,21.27,77.3,6.35
08/06/2022 19:34:36,0.5,21.27,77.32,6.342
08/06/2022 19:34:37,0.5,21.27,77.33,6.333
08/06/2022 19:34:38,0.5,21.26,77.35,6.325
08/06/2022 19:34:39,0.5,21.26,77.37,6.317
08/06/2022 19:34:40,0.5,21.26,77.38,6.308
08/06/2022 19:34:41,0.5,21.26,77.4,6.3
08/06/2022 19:34:42,0.5,21.26,77.42,6.292
08/06/2022 19:34:43,0.5,21.26,77.43,6.283
08/06/2022 19:34:44,0.5,21.25,77.45,6.275
08/06/2022 19:34:45,0.5,21.25,77.47,6.267
08/06/2022 19:34:46,0.5,21.25,77.48,6.258
08/06/2022 19:34:47,0.5,21.25,77.5,6.25
08/06/2022 19:34:48,0.5,21.25,77.52,6.242
08/06/2022 19:34:49,0.5,21.25,77.53,6.233
08/06/2022 19:34:50,0.5,21.25,77.55,6.225
08/06/2022 19:34:51,0.5,21.24,77.57,6.217
08/06/2022 19:34:52,0.5,21.24,77.58,6.208
08/06/2022 19:34:53,0.5,21.24,77.6,6.2
08/06/2022 19:34:54,0.5,21.24,77.62,6.192
08/06/2022 19:34:55,0.5,21.24,77.63,6.183
08/06/2022 19:34:56,0.5,21.24,77.65,6.175
08/06/2022 19:34:57,0.5,21.23,77.67,6.167
08/06/2022 19:34:58,0.5,21.23,77.68,6.158
08/06/2022 19:34:59,0.5,21.23,77.7,6.15
08/06/2022 19:35:00,0.5,21.23,77.72,6.142
08/06/2022 19:35:01,0.5,21.23,77.73,6.133
08/06/2022 19:35:02,0.5,21.23,77.75,6.125
08/06/2022 19:35:03,0.5,21.22,77.77,6.117
08/06/2022 19:35:04,0.5,21.22,77.78,6.108
08/06/2022 19:35:05,0.5,21.22,77.8,6.1
08/06/2022 19:35:06,0.5,21.22,77.82,6.092
08/06/2022 19:35:07,0.5,21.22,77.83,6.083
08/06/2022 19:35:08,0.5,21.22,77.85,6.075
08/06/2022 19:35:09,0.5,21.21,77.87,6.067
08/06/2022 19:35:10,0.5,21.21,77.88,6.058
08/06/2022 19:35:11,0.5,21.21,77.9,6.05
08/06/2022 19:35:12,0.5,21.21,77.92,6.042
08/06/2022 19:35:13,0.5,21.21,77.93,6.033
08/06/2022 19:35:14,0.5,21.2,77.95,6.025
08/06/2022 19:35:15,0.5,21.2,77.97,6.017
08/06/2022 19:35:16,0.5,21.2,77.98,6.008
08/06/2022 19:35:17,0.5,21.2,78,6
08/06/2022 19:35:18,0.5,21.2,78.02,5.992
08/06/2022 19:35:19,0.5,21.2,78.03,5.983
08/06/2022 19:35:20,0.5,21.19,78.05,5.975
08/06/2022 19:35:21,0.5,21.19,78.07,5.967
08/06/2022 19:35:22,0.5,21.19,78.08,5.958
08/06/2022 19:35:23,0.5,21.19,78.1,5.95
08/06/2022 19:35:24,0.5,21.19,78.12,5.942
08/06/2022 19:35:25,0.5,21.19,78.13,5.933
08/06/2022 19:35:26,0.5,21.18,78.15,5.925
08/06/2022 19:35:27,0.5,21.18,78.17,5.917
08/06/2022 19:35:28,0.5,21.18,78.18,5.908
08/06/2022 19:35:29,0.5,21.18,78.2,5.9
08/06/2022 19:35:30,0.5,21.18,78.22,5.892
08/06/2022 19:35:31,0.5,21.18,78.23,5.883
08/06/2022 19:35:32,0.5,21.17,78.25,5.875
08/06/2022 19:35:33,0.5,21.17,78.27,5.867
08/06/2022 19:35:34,0.5,21.17,78.28,5.858
08/06/2022 19:35:35,0.5,21.17,78.3,5.85
08/06/2022 19:35:36,0.5,21.17,78.32,5.842
08/06/2022 19:35:37,0.5,21.17,78.33,5.833
08/06/2022 19:35:38,0.5,21.17,78.35,5.825
08/06/2022 19:35:39,0.5,21.16,78.37,5.817
08/06/2022 19:35:40,0.5,21.16,78.38,5.808
08/06/2022 19:35:41,0.5,21.16,78.4,5.8
08/06/2022 19:35:42,0.5,21.16,78.42,5.792
08/06/2022 19:35:43,0.5,21.16,78.43,5.783
08/06/2022 19:35:44,0.5,21.16,78.45,5.775
08/06/2022 19:35:45,0.5,21.15,78.47,5.767
08/06/2022 19:35:46,0.5,21.15,78.48,5.758
08/06/2022 19:35:47,0.5,21.15,78.5,5.75
08/06/2022 19:35:48,0.5,21.15,78.52,5.742
08/06/2022 19:35:49,0.5,21.15,78.53,5.733
08/06/2022 19:35:50,0.5,21.15,78.55,5.725
08/06/2022 19:35:51,0.5,21.14,78.57,5.717
08/06/2022 19:35:52,0.5,21.14,78.58,5.708
08/06/2022 19:35:53,0.5,21.14,78.6,5.7
08/06/2022 19:35:54,0.5,21.14,78.62,5.6908/06/2022 19:36:45,0.5,21.05,79.48,0
08/06/2022 19:36:46,0.5,21.05,79.49,5.254
08/06/2022 19:36:47,0.5,21.05,79.51,5.246
08/06/2022 19:36:48,0.5,21.05,79.53,5.237
08/06/2022 19:36:49,0.5,21.05,79.54,5.229
08/06/2022 19:36:50,0.5,21.04,79.56,5.221
08/06/2022 19:36:51,0.5,21.04,79.57,5.212
08/06/2022 19:36:52,0.5,21.04,79.59,5.204
08/06/2022 19:36:53,0.5,21.04,79.61,5.196
08/06/2022 19:36:54,0.5,21.04,79.62,5.187
08/06/2022 19:36:55,0.5,21.04,79.64,5.179
08/06/2022 19:36:56,0.5,21.03,79.66,5.171
08/06/2022 19:36:57,0.5,21.03,79.68,5.162
08/06/2022 19:36:58,0.5,21.03,79.69,5.154
08/06/2022 19:36:59,0.5,21.03,79.71,5.146
08/06/2022 19:37:00,0.5,21.03,79.72,5.137
08/06/2022 19:37:01,0.5,21.03,79.74,5.129
08/06/2022 19:37:02,0.5,21.02,79.76,5.121
08/06/2022 19:37:03,0.5,21.02,79.78,5.112
08/06/2022 19:37:04,0.5,21.02,79.79,5.104
08/06/2022 19:37:05,0.5,21.02,79.81,5.096
08/06/2022 19:37:06,0.5,21.02,79.82,5.087
08/06/2022 19:37:07,0.5,21.02,79.84,5.079
08/06/2022 19:37:08,0.5,21.01,79.86,5.071
08/06/2022 19:37:09,0.5,21.01,79.88,5.062
08/06/2022 19:37:10,0.5,21.01,79.89,5.054
08/06/2022 19:37:11,0.5,21.01,79.91,5.046
08/06/2022 19:37:12,0.5,21.01,79.93,5.037
08/06/2022 19:37:13,0.5,21.01,79.94,5.029
08/06/2022 19:37:14,0.5,21,79.96,5.021
08/06/2022 19:37:15,0.5,21,79.97,5.012
08/06/2022 19:37:16,0.5,21,79.99,5.004
08/06/2022 19:37:17,0.5,21,80,4.996
08/06/2022 19:37:18,0.5,21,80,4.987
08/06/2022 19:37:19,0.5,21,80,4.979
08/06/2022 19:37:20,0.5,20.99,80,4.971
08/06/2022 19:37:21,0.5,20.99,80,4.962
08/06/2022 19:37:22,0.5,20.99,80,4.954
08/06/2022 19:37:23,0.5,20.99,80,4.946
08/06/2022 19:37:24,0.5,20.99,80,4.937
08/06/2022 19:37:25,0.5,20.99,80,4.929
08/06/2022 19:37:26,0.5,20.98,80,4.921
08/06/2022 19:37:27,0.5,20.98,80,4.912
08/06/2022 19:37:28,0.5,20.98,80,4.904
08/06/2022 19:37:29,0.5,20.98,80,4.896
08/06/2022 19:37:30,0.5,20.98,80,4.887
08/06/2022 19:37:31,0.5,20.98,80,4.879
08/06/2022 19:37:32,0.5,20.97,80,4.871
08/06/2022 19:37:33,0.5,20.97,80,4.862
08/06/2022 19:37:34,0.5,20.97,80,4.854
08/06/2022 19:37:35,0.5,20.97,80,4.846
08/06/2022 19:37:36,0.5,20.97,80,4.837
08/06/2022 19:37:37,0.5,20.97,80,4.829
08/06/2022 19:37:38,0.5,20.96,80,4.821
08/06/2022 19:37:39,0.5,20.96,80,4.812
08/06/2022 19:37:40,0.5,20.96,80,4.804
08/06/2022 19:37:41,0.5,20.96,80,4.796
08/06/2022 19:37:42,0.5,20.96,80,4.787
08/06/2022 19:37:43,0.5,20.96,80,4.779
08/06/2022 19:37:44,0.5,20.95,80,4.771
08/06/2022 19:37:45,0.5,20.95,80,4.762
08/06/2022 19:37:46,0.5,20.95,80,4.754
08/06/2022 19:37:47,0.5,20.95,80,4.746
08/06/2022 19:37:48,0.5,20.95,80,4.737
08/06/2022 19:37:49,0.5,20.95,80,4.729
08/06/2022 19:37:50,0.5,20.94,80,4.721
08/06/2022 19:37:51,0.5,20.94,80,4.712
08/06/2022 19:37:52,0.5,20.94,80,4.704
08/06/2022 19:37:53,0.5,20.94,80,4.696
08/06/2022 19:37:54,0.5,20.94,80,4.687
08/06/2022 19:37:55,0.5,20.94,80,4.679
08/06/2022 19:37:56,0.5,20.93,80,4.671
08/06/2022 19:37:57,0.5,20.93,80,4.662
08/06/2022 19:37:58,0.5,20.93,80,4.654
08/06/2022 19:37:59,0.5,20.93,80,4.646
08/06/2022 19:38:00,0.5,20.93,80,4.637
08/06/2022 19:38:01,0.5,20.93,80,4.629
08/06/2022 19:38:02,0.5,20.92,80,4.621
08/06/2022 19:38:03,0.5,20.92,80,4.612
08/06/2022 19:38:04,0.5,20.92,80,4.604
08/06/2022 19:38:05,0.5,20.92,80,4.596
08/06/2022 19:38:06,0.5,20.92,80,4.587
08/06/2022 19:38:07,0.5,20.92,80,4.579
08/06/2022 19:38:08,0.5,20.91,80,4.571
08/06/2022 19:38:09,0.5,20.91,80,4.562
08/06/2022 19:38:10,0.5,20.91,80,4.554
08/06/2022 19:38:11,0.5,20.91,80,4.546
08/06/2022 19:38:12,0.5,20.91,80,4.537
08/06/2022 19:38:13,0.5,20.91,80,4.529
08/06/2022 19:38:14,0.5,20.9,80,4.521
08/06/2022 19:38:15,0.5,20.9,80,4.512
08/06/2022 19:38:16,0.5,20.9,80,4.504
08/06/2022 19:38:17,0.5,20.9,80,4.496
08/06/2022 19:38:18,0.5,20.9,80,4.487
08/06/2022 19:38:19,0.5,20.9,80,4.479
08/06/2022 19:38:20,0.5,20.89,80,4.471
08/06/2022 19:38:21,0.5,20.89,80,4.462
08/06/2022 19:38:22,0.5,20.89,80,4.454
08/06/2022 19:38:23,0.5,20.89,80,4.446
08/06/2022 19:38:24,0.5,20.89,80,4.437
08/06/2022 19:38:25,0.5,20.89,80,4.429
08/06/2022 19:38:26,0.5,20.88,80,4.421
08/06/2022 19:38:27,0.5,20.88,80,4.412
08/06/2022 08/06/2022 19:38:41,0.5,20.86,80,4.295
08/06/2022 19:38:42,0.5,20.86,80,4.287
08/06/2022 19:38:43,0.5,20.86,80,4.278
08/06/2022 19:38:44,0.5,20.85,80,4.27
08/06/2022 19:38:45,0.5,20.85,80,4.262
08/06/2022 19:38:46,0.5,20.85,80,4.253
08/06/2022 19:44:11,0.5,20.31,80,1.547
08/06/2022 19:44:12,0.5,20.31,80,1.539
08/06/2022 19:44:13,0.5,20.31,80,1.531
08/06/2022 19:44:14,0.5,20.3,80,1.522
08/06/2022 19:44:15,0.5,20.3,80,1.514
08/06/2022 19:44:16,0.5,20.3,80,1.506
08/06/2022 19:44:17,0.5,20.3,80,1.497
08/06/2022 19:44:18,0.5,20.3,80,1.489
08/06/2022 19:44:19,0.5,20.3,80,1.481
08/06/2022 19:44:20,0.5,20.29,80,1.472
08/06/2022 19:44:21,0.5,20.29,80,1.464
08/06/2022 19:44:22,0.5,20.29,80,1.456
08/06/2022 19:44:23,0.5,20.29,80,1.447
08/06/2022 20:56:38,0.5,13.06,80,1
08/06/2022 20:56:39,0.5,13.06,80,1
08/06/2022 20:56:40,0.5,13.06,80,1
08/06/2022 20:56:41,0.5,13.06,80,1
08/06/2022 20:56:42,0.5,13.06,80,1
08/06/2022 20:56:43,0.5,13.06,80,1
08/06/2022 20:56:44,0.5,13.06,80,1
08/06/2022 20:56:45,0.5,13.05,80,1
08/06/2022 20:56:46,0.5,13.05,80,1
08/06/2022 20:56:47,0.5,13.05,80,1
08/06/2022 20:56:48,0.5,13.05,80,1
08/06/2022 20:56:49,0.5,13.05,80,1
08/06/2022 20:56:50,0.5,13.05,80,1
08/06/2022 20:56:51,0.5,13.04,80,1
08/06/2022 20:56:52,0.5,13.04,80,1
08/06/2022 20:56:53,0.5,13.04,80,1
08/06/2022 20:56:54,0.5,13.04,80,1
08/06/2022 20:56:55,0.5,13.04,80,1
08/06/2022 20:56:56,0.5,13.03,80,1
08/06/2022 20:56:57,0.5,13.03,80,1
08/06/2022 20:56:58,0.5,13.03,80,1
08/06/2022 20:56:59,0.5,13.03,80,1
08/06/2022 20:57:00,0.5,13.03,80,1
08/06/2022 20:57:01,0.5,13.03,80,1
08/06/2022 20:57:02,0.5,13.02,80,1
08/06/2022 20:57:03,0.5,13.02,80,1
08/06/2022 20:57:04,0.5,13.02,80,1
08/06/2022 20:57:05,0.5,13.02,80,1
08/06/2022 20:57:06,0.5,13.02,80,1
08/06/2022 21:15:18,0.5,11.2,80,1
08/06/2022 21:15:19,0.5,11.2,80,1
08/06/2022 21:15:20,0.5,11.19,80,1
08/06/2022 21:15:21,0.5,11.19,80,1
08/06/2022 21:15:22,0.5,11.19,80,1
08/06/2022 21:15:45,0.5,11.15,80,1
08/06/2022 21:15:46,0.5,11.15,80,1
08/06/2022 21:15:47,0.5,11.15,80,1
08/06/2022 21:15:48,0.5,11.15,80,1
08/06/2022 21:15:49,0.5,11.15,80,1
08/06/2022 21:15:50,0.5,11.15,80,1
08/06/2022 21:15:51,0.5,11.14,80,1
08/06/2022 21:15:52,0.5,11.14,80,1
08/06/2022 21:15:53,0.5,11.14,80,1
08/06/2022 21:15:54,0.5,11.14,80,1
08/06/2022 21:15:55,0.5,11.14,80,1
08/06/2022 21:15:56,0.5,11.14,80,1
08/06/2022 21:15:57,0.5,11.13,80,1
08/06/2022 21:16:16,0.5,11.1,80,1
08/06/2022 21:16:17,0.5,11.1,80,1
08/06/2022 21:16:18,0.5,11.1,80,1
08/06/2022 21:16:19,0.5,11.1,80,1
08/06/2022 21:16:20,0.5,11.1,80,1
08/06/2022 21:16:21,0.5,11.09,80,1
08/06/2022 21:16:22,0.5,11.09,80,1
08/06/2022 21:16:23,0.5,11.09,80,1
08/06/2022 21:16:24,0.5,11.09,80,1
08/06/2022 21:16:25,0.5,11.09,80,1
08/06/2022 21:16:26,0.5,11.09,80,1
08/06/2022 21:17:27,0.5,10.98,80,1
08/06/2022 21:17:28,0.5,10.98,80,1
08/06/2022 21:17:29,0.5,10.98,80,1
08/06/2022 21:17:30,0.5,10.98,80,1
08/06/2022 21:17:31,0.5,10.98,80,1
08/06/2022 21:17:32,0.5,10.98,80,1
08/06/2022 21:17:33,0.5,10.97,80,1
08/06/2022 22:05:03,0.5,6.222,80,1
08/06/2022 22:05:04,0.5,6.221,80,1
08/06/2022 22:05:05,0.5,6.219,80,1
08/06/2022 22:05:06,0.5,6.217,80,1
08/06/2022 22:05:07,0.5,6.216,80,1
08/06/2022 22:05:08,0.5,6.214,80,1
08/06/2022 22:05:09,0.5,6.212,80,1
08/06/2022 22:05:10,0.5,6.211,80,1
08/06/2022 22:05:11,0.5,6.209,80,1
08/06/2022 22:05:12,0.5,6.207,80,1
08/06/2022 22:05:13,0.5,6.206,80,1
08/06/2022 22:05:14,0.5,6.204,80,1
08/06/2022 22:05:15,0.5,6.202,80,1
08/06/2022 22:05:16,0.5,6.201,80,1
08/06/2022 22:05:17,0.5,6.213,80,1
08/06/2022 22:05:18,0.5,6.274,79.98,1
08/06/2022 22:05:19,0.5,6.333,79.96,1
08/06/2022 22:05:20,0.5,6.392,79.94,1
08/06/2022 22:05:21,0.5,6.453,79.93,1
08/06/2022 22:05:22,0.5,6.512,79.91,1
08/06/2022 22:05:23,0.5,6.57,79.89,1
08/06/2022 22:05:24,0.5,6.631,79.87,1
08/06/2022 22:05:25,0.5,6.659,79.87,1
08/06/2022 22:05:26,0.5,6.657,79.89,1
08/06/2022 22:05:27,0.5,6.655,79.91,1
08/06/2022 22:05:28,0.5,6.654,79.92,1
08/06/2022 22:05:29,0.5,6.652,79.94,1
08/06/2022 22:05:30,0.5,6.65,79.96,1
08/06/2022 22:05:31,0.5,6.649,79.97,1
08/06/2022 22:05:32,0.5,6.647,79.99,1
08/06/2022 22:05:33,0.5,6.645,80,1
08/06/2022 22:05:34,0.5,6.644,80,1
08/06/2022 22:07:44,0.5,6.428,80,1
08/06/2022 22:07:45,0.5,6.426,80,1
08/06/2022 22:07:46,0.5,6.424,80,1
08/06/2022 22:07:47,0.5,6.423,80,1
08/06/2022 22:07:48,0.5,6.421,80,1
08/06/2022 22:07:49,0.5,6.419,80,1
08/06/2022 22:07:50,0.5,6.418,80,1
08/06/2022 22:07:51,0.5,6.416,80,1
08/06/2022 22:07:52,0.5,6.414,80,1
08/06/2022 22:07:53,0.5,6.413,80,1
08/06/2022 22:07:54,0.5,6.411,80,1
08/06/2022 22:07:55,0.5,6.409,80,1
08/06/2022 22:07:56,0.5,6.408,80,1
08/06/2022 22:07:57,0.5,6.406,80,1
08/06/2022 22:07:58,0.5,6.404,80,1
08/06/2022 22:07:59,0.5,6.403,80,1
08/06/2022 22:08:00,0.5,6.401,80,1
08/06/2022 22:08:01,0.5,6.399,80,1
08/06/2022 22:08:02,0.5,6.398,80,1
08/06/2022 22:08:03,0.5,6.396,80,1
08/06/2022 22:08:04,0.5,6.394,80,1
08/06/2022 22:08:05,0.5,6.393,80,1
08/06/2022 22:08:06,0.5,6.391,80,1
08/06/2022 22:08:07,0.5,6.389,80,1
08/06/2022 22:08:08,0.5,6.388,80,1
08/06/2022 22:08:09,0.5,6.386,80,1
08/06/2022 22:08:10,0.5,6.384,80,1
08/06/2022 22:08:11,0.5,6.383,80,1
08/06/2022 22:08:12,0.5,6.381,80,1
08/06/2022 22:08:13,0.5,6.379,80,1
08/06/2022 22:08:14,0.5,6.378,80,1
08/06/2022 22:08:15,0.5,6.376,80,1
08/06/2022 22:08:16,0.5,6.374,80,1
08/06/2022 22:08:17,0.5,6.373,80,1
08/06/2022 22:08:18,0.5,6.371,80,1
08/06/2022 22:08:19,0.5,6.369,80,1
08/06/2022 22:08:20,0.5,6.368,80,1
08/06/2022 22:08:21,0.5,6.366,80,1
08/06/2022 22:08:22,0.5,6.364,80,1
08/06/2022 22:08:23,0.5,6.363,80,1
08/06/2022 22:08:24,0.5,6.361,80,1
08/06/2022 22:08:25,0.5,6.359,80,1
08/06/2022 22:08:26,0.5,6.358,80,1
08/06/2022 22:08:27,0.5,6.356,80,1
08/06/2022 22:08:28,0.5,6.354,80,1
08/06/2022 22:08:29,0.5,6.353,80,1
08/06/2022 22:08:30,0.5,6.351,80,1
08/06/2022 22:08:31,0.5,6.349,80,1
08/06/2022 22:08:32,0.5,6.348,80,1
08/06/2022 22:08:33,0.5,6.346,80,1
08/06/2022 22:08:34,0.5,6.344,80,1
08/06/2022 22:08:35,0.5,6.343,80,1
08/06/2022 22:08:36,0.5,6.341,80,1
08/06/2022 22:08:37,0.5,6.339,80,1
08/06/2022 22:08:38,0.5,6.338,80,1
08/06/2022 22:08:39,0.5,6.336,80,1
08/06/2022 22:08:40,0.5,6.334,80,1
08/06/2022 22:08:41,0.5,6.333,80,1
08/06/2022 22:08:42,0.5,6.331,80,1
08/06/2022 22:08:43,0.5,6.329,80,1
08/06/2022 22:08:44,0.5,6.328,80,1
08/06/2022 22:08:45,0.5,6.326,80,1
08/06/2022 22:08:46,0.5,6.324,80,1
08/06/2022 22:08:47,0.5,6.323,80,1
08/06/2022 22:08:48,0.5,6.321,80,1
08/06/2022 22:08:49,0.5,6.319,80,1
08/06/2022 22:08:50,0.5,6.318,80,1
08/06/2022 22:08:51,0.5,6.316,80,1
08/06/2022 22:08:52,0.5,6.314,80,1
08/06/2022 22:08:53,0.5,6.313,80,1
08/06/2022 22:08:54,0.5,6.311,80,1
08/06/2022 22:08:55,0.5,6.309,80,1
08/06/2022 22:08:56,0.5,6.308,80,1
08/06/2022 22:08:57,0.5,6.306,80,1
08/06/2022 22:08:58,0.5,6.304,80,1
08/06/2022 22:08:59,0.5,6.303,80,1
08/06/2022 22:09:00,0.5,6.301,80,1
08/06/2022 22:09:01,0.5,6.299,80,1
08/06/2022 22:09:02,0.5,6.298,80,1
08/06/2022 22:09:03,0.5,6.296,80,1
08/06/2022 22:09:04,0.5,6.294,80,1
08/06/2022 22:09:05,0.5,6.293,80,1
08/06/2022 22:09:06,0.5,6.291,80,1
08/06/2022 22:09:07,0.5,6.289,80,1
08/06/2022 22:09:08,0.5,6.288,80,1
08/06/2022 22:09:09,0.5,6.286,80,1
08/06/2022 22:09:10,0.5,6.284,80,1
08/06/2022 22:09:11,0.5,6.283,80,1
08/06/2022 22:09:12,0.5,6.281,80,1
08/06/2022 22:09:13,0.5,6.279,80,1
08/06/2022 22:09:14,0.5,6.278,80,1
08/06/2022 22:09:15,0.5,6.276,80,1
08/06/2022 22:09:16,0.5,6.274,80,1
08/06/2022 22:09:17,0.5,6.273,80,1
08/06/2022 22:09:18,0.5,6.271,80,1
08/06/2022 22:09:19,0.5,6.269,80,1
08/06/2022 22:09:20,0.5,6.268,80,1
08/06/2022 22:09:21,0.5,6.266,80,1
08/06/2022 22:09:22,0.5,6.264,80,1
08/06/2022 22:09:23,0.5,6.263,80,1
08/06/2022 22:09:24,0.5,6.261,80,1
08/06/2022 22:09:25,0.5,6.259,80,1
08/06/2022 22:09:26,0.5,6.258,80,1
08/06/2022 22:09:27,0.5,6.256,80,1
08/06/2022 22:09:28,0.5,6.254,80,1
08/06/2022 22:09:29,0.5,6.253,80,1
08/06/2022 22:09:30,0.5,6.251,80,1
08/06/2022 22:09:31,0.5,6.249,80,1
08/06/2022 22:09:32,0.5,6.248,80,1
08/06/2022 22:09:33,0.5,6.246,80,1
08/06/2022 22:09:34,0.5,6.244,80,1
08/06/2022 22:09:35,0.5,6.243,80,1
08/06/2022 22:09:36,0.5,6.241,80,1
08/06/2022 22:09:37,0.5,6.239,80,1
08/06/2022 22:09:38,0.5,6.238,80,1
08/06/2022 22:09:39,0.5,6.236,80,1
08/06/2022 22:09:40,0.5,6.234,80,1
008/06/2022 22:11:01,0.5,6.1,80,1
08/06/2022 22:11:02,0.5,6.098,80,1
08/06/2022 22:11:03,0.5,6.096,80,1
08/06/2022 22:11:04,0.5,6.095,80,1
08/06/2022 22:11:05,0.5,6.093,80,1
08/06/2022 22:11:06,0.5,6.091,80,1
08/06/2022 22:11:07,0.5,6.09,80,1
08/06/2022 22:11:08,0.5,6.088,80,1
08/06/2022 22:11:09,0.5,6.086,80,1
08/06/2022 22:11:10,0.5,6.085,80,1
08/06/2022 22:11:11,0.5,6.083,80,1
08/06/2022 22:11:12,0.5,6.081,80,1
08/06/2022 22:11:13,0.5,6.08,80,1
08/06/2022 22:11:14,0.5,6.078,80,1
08/06/2022 22:11:15,0.5,6.076,80,1
08/06/2022 22:11:16,0.5,6.075,80,1
08/06/2022 22:11:17,0.5,6.073,80,1
08/06/2022 22:11:18,0.5,6.071,80,1
08/06/2022 22:11:19,0.5,6.07,80,1
08/06/2022 22:11:20,0.5,6.068,80,1
08/06/2022 22:11:21,0.5,6.066,80,1
08/06/2022 22:11:22,0.5,6.065,80,1
08/06/2022 22:11:23,0.5,6.063,80,1
08/06/2022 22:11:24,0.5,6.061,80,1
08/06/2022 22:11:25,0.5,6.06,80,1
08/06/2022 22:11:26,0.5,6.058,80,1
08/06/2022 22:11:27,0.5,6.056,80,1
08/06/2022 22:11:28,0.5,6.055,80,1
08/06/2022 22:11:29,0.5,6.053,80,1
08/06/2022 22:11:30,0.5,6.051,80,1
08/06/2022 22:11:31,0.5,6.05,80,1
08/06/2022 22:11:32,0.5,6.048,80,1
08/06/2022 22:11:33,0.5,6.046,80,1
08/06/2022 22:11:34,0.5,6.045,80,1
08/06/2022 22:11:35,0.5,6.043,80,1
08/06/2022 22:11:36,0.5,6.041,80,1
08/06/2022 22:11:37,0.5,6.04,80,1
08/06/2022 22:11:38,0.5,6.038,80,1
08/06/2022 22:11:39,0.5,6.036,80,1
08/06/2022 22:11:40,0.5,6.035,80,1
08/06/2022 22:11:41,0.5,6.033,80,1
08/06/2022 22:11:42,0.5,6.031,80,1
08/06/2022 22:11:43,0.5,6.03,80,1
08/06/2022 22:11:44,0.5,6.028,80,1
08/06/2022 22:11:45,0.5,6.026,80,1
08/06/2022 22:11:46,0.5,6.025,80,1
08/06/2022 22:11:47,0.5,6.023,80,1
08/06/2022 22:11:48,0.5,6.021,80,1
08/06/2022 22:11:49,0.5,6.02,80,1
08/06/2022 22:11:50,0.5,6.018,80,1
08/06/2022 22:11:51,0.5,6.016,80,1
08/06/2022 22:11:52,0.5,6.015,80,1
08/06/2022 22:11:53,0.5,6.013,80,1
08/06/2022 22:11:54,0.5,6.011,80,1
08/06/2022 22:11:55,0.5,6.01,80,1
08/06/2022 22:11:56,0.5,6.008,80,1
08/06/2022 22:11:57,0.5,6.006,80,1
08/06/2022 22:11:58,0.5,6.005,80,1
08/06/2022 22:11:59,0.5,6.003,80,1
08/06/2022 22:12:00,0.5,6.001,80,1
08/06/2022 22:12:01,0.5,6,80,1
08/06/2022 22:12:02,0.5,5.998,80,1
08/06/2022 22:12:03,0.5,5.996,80,1
08/06/2022 22:12:04,0.5,5.995,80,1
08/06/2022 22:12:05,0.5,5.993,80,1
08/06/2022 22:12:06,0.5,5.991,80,1
08/06/2022 22:12:07,0.5,5.99,80,1
08/06/2022 22:12:08,0.5,5.988,80,1
08/06/2022 22:12:09,0.5,5.986,80,1
08/06/2022 22:12:10,0.5,5.985,80,1
08/06/2022 22:12:11,0.5,5.983,80,1
08/06/2022 22:12:12,0.5,5.981,80,1
08/06/2022 22:12:13,0.5,5.98,80,1
08/06/2022 22:12:14,0.5,5.978,80,1
08/06/2022 22:12:15,0.5,5.976,80,1
08/06/2022 22:12:16,0.5,5.975,80,1
08/06/2022 22:12:17,0.5,5.973,80,1
08/06/2022 22:12:18,0.5,5.971,80,1
08/06/2022 22:12:19,0.5,5.97,80,1
08/06/2022 22:12:20,0.5,5.968,80,1
08/06/2022 22:12:21,0.5,5.966,80,1
08/06/2022 22:12:27,0.5,5.956,80,1
08/06/2022 22:12:28,0.5,5.955,80,1
08/06/2022 22:12:29,0.5,5.953,80,1
08/06/2022 22:12:30,0.5,5.951,80,1
08/06/2022 22:12:31,0.5,5.95,80,1
08/06/2022 22:12:32,0.5,5.948,80,1
08/06/2022 22:12:33,0.5,5.946,80,1
08/06/2022 22:12:34,0.5,5.945,80,1
08/06/2022 22:12:35,0.5,5.943,80,1
08/06/2022 22:12:36,0.5,5.941,80,1
08/06/2022 22:12:37,0.5,5.94,80,1
08/06/2022 22:12:38,0.5,5.938,80,1
08/06/2022 22:12:39,0.5,5.936,80,1
08/06/2022 22:12:40,0.5,5.935,80,1
08/06/2022 22:12:41,0.5,5.933,80,1
08/06/2022 22:12:42,0.5,5.931,80,1
08/06/2022 22:12:43,0.5,5.93,80,1
08/06/2022 22:12:44,0.5,5.928,80,1
08/06/2022 22:12:45,0.5,5.926,80,1
08/06/2022 22:12:46,0.5,5.925,80,1
08/06/2022 22:12:47,0.5,5.923,80,1
08/06/2022 22:12:48,0.5,5.921,80,1
08/06/2022 22:12:49,0.5,5.92,80,1
08/06/2022 22:12:50,0.5,5.918,80,1
08/06/2022 22:12:51,0.5,5.916,80,1
08/06/2022 22:12:52,0.5,5.915,80,1
08/06/2022 22:12:53,0.5,5.913,80,1
08/06/2022 22:12:54,0.5,5.911,80,1
08/06/2022 22:12:55,0.5,5.91,80,1
08/06/2022 22:12:56,0.5,5.908,80,1
08/06/2022 22:12:57,0.5,5.906,80,1
08/06/2022 22:12:58,0.5,5.905,80,1
08/06/2022 22:12:59,0.5,5.903,80,1
08/06/2022 22:13:00,0.5,5.901,80,1
08/06/2022 22:13:01,0.5,5.9,80,1
08/06/2022 22:13:02,0.5,5.898,80,1
08/06/2022 22:13:03,0.5,5.896,80,1
08/06/2022 22:13:11,0.5,5.883,80,1
08/06/2022 22:13:12,0.5,5.881,80,1
08/06/2022 22:13:13,0.5,5.879,80,1
08/06/2022 22:13:14,0.5,5.878,80,1
08/06/2022 22:13:15,0.5,5.876,80,1
08/06/2022 22:13:16,0.5,5.874,80,1
08/06/2022 22:13:17,0.5,5.873,80,1
08/06/2022 22:13:18,0.5,5.871,80,1
08/06/2022 22:13:19,0.5,5.869,80,1
08/06/2022 22:13:20,0.5,5.868,80,1
08/06/2022 22:13:21,0.5,5.866,80,1
08/06/2022 22:13:22,0.5,5.864,80,1
08/06/2022 22:13:23,0.5,5.863,80,1
08/06/2022 22:13:24,0.5,5.861,80,1
08/06/2022 22:13:25,0.5,5.859,80,1
08/06/2022 22:13:26,0.5,5.858,80,1
08/06/2022 22:13:27,0.5,5.856,80,1
08/06/2022 22:13:28,0.5,5.854,80,1
08/06/2022 22:13:29,0.5,5.853,80,1
08/06/2022 22:13:30,0.5,5.851,80,1
08/06/2022 22:13:31,0.5,5.849,80,1
08/06/2022 22:13:32,0.5,5.848,80,1
08/06/2022 22:13:33,0.5,5.846,80,1
08/06/2022 22:13:34,0.5,5.844,80,1
08/06/2022 22:13:35,0.5,5.843,80,1
08/06/2022 22:13:36,0.5,5.841,80,1
08/06/2022 22:13:37,0.5,5.839,80,1
08/06/2022 22:13:38,0.5,5.838,80,1
08/06/2022 22:13:44,0.5,5.828,80,1
08/06/2022 22:13:45,0.5,5.826,80,1
08/06/2022 22:13:46,0.5,5.825,80,1
08/06/2022 22:13:47,0.5,5.823,80,1
08/06/2022 22:15:35,0.5,5.642,80,1
08/06/2022 22:15:36,0.5,5.641,80,1
08/06/2022 22:15:37,0.5,5.639,80,1
08/06/2022 22:15:38,0.5,5.637,80,1
08/06/2022 22:15:39,0.5,5.636,80,1
08/06/2022 22:15:40,0.5,5.634,80,1
08/06/2022 22:15:41,0.5,5.632,80,1
08/06/2022 22:15:42,0.5,5.631,80,1
08/06/2022 22:15:43,0.5,5.629,80,1
08/06/2022 22:15:44,0.5,5.627,80,1
08/06/2022 22:15:45,0.5,5.626,80,1
08/06/2022 22:15:46,0.5,5.624,80,1
08/06/2022 22:15:47,0.5,5.622,80,1
08/06/2022 22:15:48,0.5,5.621,80,1
08/06/2022 22:15:49,0.5,5.619,80,1
08/06/2022 22:15:50,0.5,5.617,80,1
08/06/2022 22:15:51,0.5,5.616,80,1
08/06/2022 22:15:52,0.5,5.614,80,1
08/06/2022 22:15:53,0.5,5.612,80,1
08/06/2022 22:15:54,0.5,5.611,80,1
08/06/2022 22:15:55,0.5,5.609,80,1
08/06/2022 22:15:56,0.5,5.607,80,1
08/06/2022 22:15:57,0.5,5.606,80,1
08/06/2022 22:15:58,0.5,5.604,80,1
08/06/2022 22:15:59,0.5,5.602,80,1
08/06/2022 22:16:00,0.5,5.601,80,1
08/06/2022 22:16:01,0.5,5.599,80,1
08/06/2022 22:16:02,0.5,5.597,80,1
08/06/2022 22:16:03,0.5,5.596,80,1
08/06/2022 22:16:04,0.5,5.594,80,1
08/06/2022 22:16:05,0.5,5.592,80,1
08/06/2022 22:16:06,0.5,5.591,80,1
08/06/2022 22:16:07,0.5,5.589,80,1
08/06/2022 22:16:08,0.5,5.587,80,1
08/06/2022 22:16:09,0.5,5.586,80,1
08/06/2022 22:16:10,0.5,5.584,80,1
08/06/2022 22:16:11,0.5,5.582,80,1
08/06/2022 22:16:12,0.5,5.581,80,1
08/06/2022 22:16:13,0.5,5.579,80,1
08/06/2022 22:16:14,0.5,5.577,80,1
08/06/2022 22:16:15,0.5,5.576,80,1
08/06/2022 22:16:20,0.5,5.567,80,1
08/06/2022 22:16:21,0.5,5.565,80,1
08/06/2022 22:16:22,0.5,5.564,80,1
08/06/2022 22:16:23,0.5,5.562,80,1
08/06/2022 22:16:24,0.5,5.56,80,1
08/06/2022 22:16:25,0.5,5.559,80,1
08/06/2022 22:16:26,0.5,5.557,80,1
08/06/2022 22:16:27,0.5,5.555,80,1
08/06/2022 22:16:28,0.5,5.554,80,1
08/06/2022 22:16:29,0.5,5.552,80,1
08/06/2022 22:16:30,0.5,5.55,80,1
08/06/2022 22:16:31,0.5,5.549,80,1
08/06/2022 22:16:32,0.5,5.547,80,1
08/06/2022 22:16:33,0.5,5.545,80,1
08/06/2022 22:16:34,0.5,5.544,80,1
08/06/2022 22:16:35,0.5,5.542,80,1
08/06/2022 22:16:36,0.5,5.54,80,1
08/06/2022 22:16:37,0.5,5.539,80,1
08/06/2022 22:16:38,0.5,5.537,80,1
08/06/2022 22:16:39,0.5,5.535,80,1
08/06/2022 22:16:40,0.5,5.534,80,1
08/06/2022 22:16:41,0.5,5.532,80,1
08/06/2022 22:16:42,0.5,5.53,80,1
08/06/2022 22:16:43,0.5,5.529,80,1
08/06/2022 22:16:48,0.5,5.52,80,1
08/06/2022 22:16:49,0.5,5.519,80,1
08/06/2022 22:16:50,0.5,5.517,80,1
08/06/2022 22:16:51,0.5,5.515,80,1
08/06/2022 22:16:52,0.5,5.514,80,1
08/06/2022 22:16:53,0.5,5.512,80,1
08/06/2022 22:16:54,0.5,5.51,80,1
08/06/2022 22:16:55,0.5,5.509,80,1
08/06/2022 22:16:56,0.5,5.507,80,1
08/06/2022 22:16:57,0.5,5.505,80,1
08/06/2022 22:16:58,0.5,5.504,80,1
08/06/2022 22:16:59,0.5,5.502,80,1
08/06/2022 22:17:00,0.5,5.5,80,1
08/06/2022 22:17:01,0.5,5.499,80,1
08/06/2022 22:17:02,0.5,5.497,80,1
08/06/2022 22:17:03,0.5,5.495,80,1
08/06/2022 22:17:04,0.5,5.494,80,1
08/06/2022 22:17:05,0.5,5.492,80,1
08/06/2022 22:17:06,0.5,5.49,80,1
08/06/2022 22:17:07,0.5,5.489,80,1
08/06/2022 22:17:08,0.5,5.487,80,1
08/06/2022 22:17:09,0.5,5.485,80,1
08/06/2022 22:17:10,0.5,5.484,80,1
08/06/2022 22:17:11,0.5,5.482,80,1
08/06/2022 22:17:12,0.5,5.48,80,1
08/06/2022 22:17:13,0.5,5.479,80,1
08/06/2022 22:17:14,0.5,5.477,80,1
08/06/2022 22:17:15,0.5,5.475,80,1
08/06/2022 22:17:16,0.5,5.474,80,1
08/06/2022 22:17:17,0.5,5.472,80,1
08/06/2022 22:17:18,0.5,5.47,80,1
08/06/2022 22:17:19,0.5,5.469,80,1
08/06/2022 22:17:20,0.5,5.467,80,1
08/06/2022 22:17:21,0.5,5.465,80,1
08/06/2022 22:17:22,0.5,5.464,80,1
08/06/2022 22:17:23,0.5,5.462,80,1
08/06/2022 22:17:24,0.5,5.46,80,1
08/06/2022 22:17:25,0.5,5.459,80,1
08/06/2022 22:19:45,0.5,5.225,80,1
08/06/2022 22:19:46,0.5,5.224,80,1
08/06/2022 22:19:47,0.5,5.222,80,1
08/06/2022 22:19:48,0.5,5.22,80,1
08/06/2022 22:19:49,0.5,5.219,80,1
08/06/2022 22:19:50,0.5,5.217,80,1
08/06/2022 22:19:51,0.5,5.215,80,1
08/06/2022 22:19:52,0.5,5.214,80,1
08/06/2022 22:19:53,0.5,5.212,80,1
08/06/2022 22:19:54,0.5,5.21,80,1
08/06/2022 22:19:55,0.5,5.209,80,1
08/06/2022 22:19:56,0.5,5.207,80,1
08/06/2022 22:19:57,0.5,5.205,80,1
08/06/2022 22:19:58,0.5,5.204,80,1
08/06/2022 22:19:59,0.5,5.202,80,1
08/06/2022 22:20:00,0.5,5.2,80,1
08/06/2022 22:20:01,0.5,5.199,80,1
08/06/2022 22:20:02,0.5,5.197,80,1
08/06/2022 22:20:03,0.5,5.195,80,1
08/06/2022 22:20:04,0.5,5.194,80,1
08/06/2022 22:20:05,0.5,5.192,80,1
08/06/2022 22:20:06,0.5,5.19,80,1
08/06/2022 22:20:07,0.5,5.189,80,1
08/06/2022 22:20:08,0.5,5.187,80,1
08/06/2022 22:20:09,0.5,5.186,80,1
08/06/2022 22:20:10,0.5,5.184,80,1
08/06/2022 22:20:11,0.5,5.182,80,1
08/06/2022 22:20:12,0.5,5.18,80,1
08/06/2022 22:20:13,0.5,5.179,80,1
08/06/2022 22:20:14,0.5,5.177,80,1
08/06/2022 22:20:15,0.5,5.175,80,1
08/06/2022 22:20:16,0.5,5.174,80,1
08/06/2022 22:20:17,0.5,5.172,80,1
08/06/2022 22:20:18,0.5,5.17,80,1
08/06/2022 22:20:19,0.5,5.169,80,1
08/06/2022 22:20:20,0.5,5.167,80,1
08/06/2022 22:20:21,0.5,5.165,80,1
08/06/2022 22:20:22,0.5,5.164,80,1
08/06/2022 22:20:23,0.5,5.162,80,1
08/06/2022 22:20:24,0.5,5.16,80,1
08/06/2022 22:20:25,0.5,5.159,80,1
08/06/2022 22:20:26,0.5,5.157,80,1
08/06/2022 22:20:27,0.5,5.155,80,1
08/06/2022 22:20:28,0.5,5.154,80,1
08/06/2022 22:20:29,0.5,5.152,80,1
08/06/2022 22:20:30,0.5,5.15,80,1
08/06/2022 22:20:31,0.5,5.149,80,1
08/06/2022 22:20:32,0.5,5.147,80,1
08/06/2022 22:20:33,0.5,5.145,80,1
08/06/2022 22:20:34,0.5,5.144,80,1
08/06/2022 22:20:35,0.5,5.142,80,1
08/06/2022 22:20:36,0.5,5.14,80,1
08/06/2022 22:20:37,0.5,5.139,80,1
08/06/2022 22:20:38,0.5,5.137,80,1
08/06/2022 22:20:39,0.5,5.135,80,1
08/06/2022 22:20:40,0.5,5.134,80,1
08/06/2022 22:20:41,0.5,5.132,80,1
08/06/2022 22:20:42,0.5,5.13,80,1
08/06/2022 22:20:43,0.5,5.129,80,1
08/06/2022 22:20:44,0.5,5.127,80,1
08/06/2022 22:20:45,0.5,5.125,80,1
08/06/2022 22:20:46,0.5,5.124,80,1
08/06/2022 22:20:47,0.5,5.122,80,1
08/06/2022 22:20:48,0.5,5.12,80,1
08/06/2022 22:20:49,0.5,5.119,80,1
08/06/2022 22:20:50,0.5,5.117,80,1
08/06/2022 22:20:51,0.5,5.115,80,1
08/06/2022 22:20:52,0.5,5.114,80,1
08/06/2022 22:20:53,0.5,5.112,80,1
08/06/2022 22:20:59,0.5,5.102,80,1
08/06/2022 22:21:00,0.5,5.1,80,1
08/06/2022 22:21:01,0.5,5.099,80,1
08/06/2022 22:21:02,0.5,5.097,80,1
08/06/2022 22:21:03,0.5,5.095,80,1
08/06/2022 22:21:04,0.5,5.094,80,1
08/06/2022 22:21:05,0.5,5.092,80,1
08/06/2022 22:21:06,0.5,5.09,80,1
08/06/2022 22:21:07,0.5,5.089,80,1
08/06/2022 22:21:08,0.5,5.087,80,1
08/06/2022 22:21:09,0.5,5.085,80,1
08/06/2022 22:21:10,0.5,5.084,80,1
08/06/2022 22:21:11,0.5,5.082,80,1
08/06/2022 22:21:12,0.5,5.08,80,1
08/06/2022 22:21:13,0.5,5.079,80,1
08/06/2022 22:21:14,0.5,5.077,80,1
08/06/2022 22:21:15,0.5,5.075,80,1
08/06/2022 22:21:16,0.5,5.074,80,1
08/06/2022 22:21:17,0.5,5.072,80,1
08/06/2022 22:21:18,0.5,5.07,80,1
08/06/2022 22:21:19,0.5,5.069,80,1
08/06/2022 22:21:20,0.5,5.067,80,1
08/06/2022 22:21:21,0.5,5.065,80,1
08/06/2022 22:21:22,0.5,5.064,80,1
08/06/2022 22:21:23,0.5,5.062,80,1
08/06/2022 22:21:24,0.5,5.06,80,1
08/06/2022 22:21:25,0.5,5.059,80,1
08/06/2022 22:21:26,0.5,5.057,80,1
08/06/2022 22:21:27,0.5,5.055,80,1
08/06/2022 22:21:28,0.5,5.054,80,1
08/06/2022 22:21:29,0.5,5.052,80,1
08/06/2022 22:21:30,0.5,5.05,80,1
08/06/2022 22:21:31,0.5,5.049,80,1
08/06/2022 22:21:32,0.5,5.047,80,1
08/06/2022 22:21:33,0.5,5.045,80,1
08/06/2022 22:21:34,0.5,5.044,80,1
08/06/2022 22:21:35,0.5,5.042,80,1
08/06/2022 22:21:36,0.5,5.04,80,1
08/06/2022 22:21:37,0.5,5.039,80,1
08/06/2022 22:21:38,0.5,5.037,80,1
08/06/2022 22:21:39,0.5,5.035,80,1
08/06/2022 22:21:40,0.5,5.034,80,1
08/06/2022 22:21:41,0.5,5.032,80,1
08/06/2022 22:21:42,0.5,5.03,80,1
08/06/2022 22:23:24,0.5,4.861,80,1
08/06/2022 22:23:25,0.5,4.86,80,1
08/06/2022 22:23:26,0.5,4.858,80,1
08/06/2022 22:23:27,0.5,4.856,80,1
08/06/2022 22:23:28,0.5,4.855,80,1
08/06/2022 22:23:29,0.5,4.853,80,1
08/06/2022 22:24:13,0.5,4.779,80,1
08/06/2022 22:24:14,0.5,4.778,80,1
08/06/2022 22:24:15,0.5,4.776,80,1
08/06/2022 22:24:16,0.5,4.774,80,1
08/06/2022 22:24:17,0.5,4.773,80,1
08/06/2022 22:24:18,0.5,4.771,80,1
08/06/2022 22:24:19,0.5,4.769,80,1
08/06/2022 22:24:20,0.5,4.768,80,1
08/06/2022 22:24:21,0.5,4.766,80,1
08/06/2022 22:24:22,0.5,4.764,80,1
08/06/2022 22:24:41,0.5,4.732,80,1
08/06/2022 22:24:42,0.5,4.73,80,1
08/06/2022 22:24:43,0.5,4.729,80,1
08/06/2022 22:24:44,0.5,4.727,80,1
08/06/2022 22:24:45,0.5,4.725,80,1
08/06/2022 22:24:46,0.5,4.724,80,1
08/06/2022 22:24:47,0.5,4.722,80,1
08/06/2022 22:24:48,0.5,4.72,80,1
08/06/2022 22:24:49,0.5,4.719,80,1
08/06/2022 22:24:50,0.5,4.717,80,1
08/06/2022 22:24:51,0.5,4.715,80,1
08/06/2022 22:24:52,0.5,4.714,80,1
08/06/2022 22:24:53,0.5,4.712,80,1
08/06/2022 22:25:49,0.5,4.62,80,1
08/06/2022 22:25:50,0.5,4.618,80,1
08/06/2022 22:25:51,0.5,4.616,80,1
08/06/2022 22:25:52,0.5,4.615,80,1
08/06/2022 22:25:53,0.5,4.613,80,1
08/06/2022 22:25:54,0.5,4.611,80,1
08/06/2022 22:25:55,0.5,4.61,80,1
08/06/2022 22:26:19,0.5,4.57,80,1
08/06/2022 22:26:20,0.5,4.568,80,1
08/06/2022 22:26:21,0.5,4.566,80,1
08/06/2022 22:26:22,0.5,4.565,80,1
08/06/2022 22:26:23,0.5,4.563,80,1
08/06/2022 22:26:24,0.5,4.561,80,1
08/06/2022 22:26:40,0.5,4.534,80,1
08/06/2022 22:26:41,0.5,4.532,80,1
08/06/2022 22:26:42,0.5,4.531,80,1
08/06/2022 22:26:43,0.5,4.529,80,1
08/06/2022 22:26:55,0.5,4.509,80,1
08/06/2022 22:26:56,0.5,4.504,80,1.056
08/06/2022 22:26:57,0.5,4.5,80,1.11
08/06/2022 22:26:58,0.5,4.495,80,1.165
08/06/2022 22:26:59,0.5,4.491,80,1.217
08/06/2022 22:27:00,0.5,4.486,80,1.268
08/06/2022 22:27:01,0.5,4.482,80,1.32
08/06/2022 22:27:02,0.5,4.478,80,1.369
08/06/2022 22:27:03,0.5,4.474,80,1.418
08/06/2022 22:27:04,0.5,4.469,80,1.466
08/06/2022 22:27:05,0.5,4.465,80,1.513
08/06/2022 22:27:06,0.5,4.461,80,1.558
08/06/2022 22:27:07,0.5,4.457,80,1.604
08/06/2022 22:27:08,0.5,4.453,80,1.648
08/06/2022 22:27:09,0.5,4.449,80,1.69
08/06/2022 22:27:10,0.5,4.445,80,1.734
08/06/2022 22:27:11,0.5,4.441,80,1.774
08/06/2022 22:27:12,0.5,4.437,80,1.814
08/06/2022 22:27:13,0.5,4.433,80,1.855
08/06/2022 22:27:14,0.5,4.43,80,1.893
08/06/2022 22:27:15,0.5,4.426,80,1.931
08/06/2022 22:27:53,0.5,4.303,80,2.929
08/06/2022 22:27:54,0.5,4.308,80,2.921
08/06/2022 22:27:55,0.501,4.314,80,2.912
08/06/2022 22:27:56,0.501,4.319,80,2.904
08/06/2022 22:27:57,0.501,4.324,80,2.896
08/06/2022 22:27:58,0.501,4.329,80,2.887
08/06/2022 22:27:59,0.502,4.334,80,2.879
08/06/2022 22:28:00,0.502,4.339,80,2.871
08/06/2022 22:28:01,0.502,4.344,80,2.862
08/06/2022 22:28:02,0.503,4.349,80,2.854
08/06/2022 22:28:03,0.503,4.355,80,2.846
08/06/2022 22:28:04,0.503,4.36,80,2.837
08/06/2022 22:28:05,0.503,4.365,80,2.829
08/06/2022 22:28:06,0.504,4.37,80,2.821
08/06/2022 22:28:07,0.504,4.375,80,2.812
08/06/2022 22:28:08,0.504,4.38,80,2.804
08/06/2022 22:28:09,0.505,4.385,80,2.796
08/06/2022 22:29:06,0.521,4.659,80,2.326
08/06/2022 22:29:07,0.521,4.723,79.98,2.361
08/06/2022 22:29:08,0.522,4.787,79.96,2.396
08/06/2022 22:29:09,0.522,4.853,79.95,2.433
08/06/2022 22:29:10,0.522,4.917,79.93,2.469
08/06/2022 22:29:11,0.523,4.98,79.91,2.506
08/06/2022 22:29:12,0.523,5.045,79.89,2.545
08/06/2022 22:29:13,0.523,5.109,79.87,2.582
08/06/2022 22:29:14,0.523,5.172,79.86,2.621
08/06/2022 22:29:15,0.524,5.237,79.84,2.661
08/06/2022 22:29:22,0.524,5.471,79.82,2.807
08/06/2022 22:29:23,0.524,5.528,79.8,2.848
08/06/2022 22:29:24,0.524,5.584,79.78,2.889
08/06/2022 22:29:25,0.524,5.642,79.76,2.931
08/06/2022 22:29:26,0.524,5.699,79.74,2.973
08/06/2022 22:29:27,0.524,5.755,79.73,3.015
08/06/2022 22:29:28,0.524,5.813,79.71,3.058
08/06/2022 22:29:29,0.524,5.869,79.69,3.101
08/06/2022 22:29:30,0.524,5.925,79.67,3.143
08/06/2022 22:29:31,0.524,5.983,79.66,3.187
08/06/2022 22:29:32,0.524,6.039,79.64,3.231
08/06/2022 22:29:33,0.524,6.094,79.62,3.274
08/06/2022 22:29:34,0.524,6.152,79.6,3.319
08/06/2022 22:29:35,0.524,6.208,79.59,3.363
08/06/2022 22:29:36,0.524,6.263,79.57,3.407
08/06/2022 22:29:37,0.524,6.32,79.55,3.452
08/06/2022 22:29:38,0.524,6.376,79.54,3.497
08/06/2022 22:29:39,0.524,6.431,79.52,3.541
08/06/2022 22:29:40,0.524,6.488,79.5,3.587
08/06/2022 22:29:41,0.524,6.544,79.48,3.632
08/06/2022 22:29:42,0.524,6.599,79.47,3.678
08/06/2022 22:29:43,0.524,6.656,79.45,3.724
08/06/2022 22:29:44,0.524,6.711,79.43,3.77
08/06/2022 22:29:45,0.524,6.766,79.42,3.816
08/06/2022 22:29:46,0.524,6.823,79.4,3.863
08/06/2022 22:29:47,0.524,6.878,79.38,3.909
08/06/2022 22:29:48,0.524,6.932,79.36,3.955
08/06/2022 22:29:49,0.524,6.989,79.35,4.003
08/06/2022 22:29:50,0.524,7.044,79.33,4.05
08/06/2022 22:29:51,0.524,7.098,79.32,4.097
08/06/2022 22:29:52,0.524,7.154,79.3,4.145
08/06/2022 22:29:53,0.524,7.209,79.28,4.192
08/06/2022 22:29:54,0.524,7.263,79.26,4.239
08/06/2022 22:29:55,0.524,7.32,79.25,4.288
08/06/2022 22:29:56,0.524,7.374,79.23,4.335
08/06/2022 22:29:57,0.524,7.428,79.21,4.383
08/06/2022 22:29:58,0.524,7.484,79.2,4.432
08/06/2022 22:29:59,0.524,7.538,79.18,4.479
08/06/2022 22:30:00,0.524,7.592,79.17,4.527
08/06/2022 22:30:01,0.524,7.648,79.15,4.577
08/06/2022 22:30:02,0.524,7.702,79.13,4.625
08/06/2022 22:30:03,0.524,7.756,79.12,4.673
08/06/2022 22:30:04,0.524,7.811,79.1,4.723
08/06/2022 22:30:05,0.524,7.865,79.08,4.771
08/06/2022 22:30:06,0.524,7.919,79.07,4.82
08/06/2022 22:30:07,0.524,7.974,79.05,4.87
08/06/2022 22:30:08,0.524,8.028,79.03,4.919
08/06/2022 22:30:09,0.524,8.081,79.02,4.967
08/06/2022 22:30:10,0.524,8.136,79,5.018
08/06/2022 22:30:11,0.524,8.19,78.99,5.067
08/06/2022 22:30:12,0.524,8.243,78.97,5.116
08/06/2022 22:30:13,0.524,8.298,78.95,5.166
08/06/2022 22:30:14,0.524,8.352,78.94,5.216
08/06/2022 22:30:15,0.524,8.405,78.92,5.265
08/06/2022 22:30:16,0.524,8.46,78.9,5.316
08/06/2022 22:30:17,0.524,8.513,78.89,5.365
08/06/2022 22:30:18,0.524,8.566,78.87,5.415
08/06/2022 22:30:19,0.524,8.62,78.86,5.466
08/06/2022 22:30:20,0.524,8.673,78.84,5.515
08/06/2022 22:30:21,0.524,8.726,78.83,5.565
08/06/2022 22:30:22,0.524,8.78,78.81,5.616
08/06/2022 22:30:23,0.524,8.833,78.79,5.666
08/06/2022 22:30:24,0.524,8.886,78.78,5.716
08/06/2022 22:30:25,0.524,8.94,78.76,5.767
08/06/2022 22:30:26,0.524,8.993,78.75,5.817
08/06/2022 22:30:27,0.524,9.045,78.73,5.867
08/06/2022 22:30:28,0.524,9.099,78.72,5.919
08/06/2022 22:30:29,0.524,9.152,78.7,5.969
08/06/2022 22:30:30,0.524,9.204,78.69,6.019
08/06/2022 22:30:31,0.524,9.258,78.67,6.071
08/06/2022 22:30:32,0.524,9.31,78.65,6.121
08/06/2022 22:30:33,0.524,9.362,78.64,6.171
08/06/2022 22:30:34,0.524,9.416,78.62,6.223
08/06/2022 22:30:35,0.524,9.468,78.61,6.273
08/06/2022 22:30:36,0.524,9.52,78.59,6.323
08/06/2022 22:30:37,0.524,9.574,78.58,6.375
08/06/2022 22:30:38,0.524,9.626,78.56,6.426
08/06/2022 22:30:39,0.524,9.678,78.55,6.476
08/06/2022 22:30:40,0.524,9.731,78.53,6.528
08/06/2022 22:30:41,0.524,9.783,78.52,6.579
08/06/2022 22:30:42,0.524,9.834,78.5,6.629
08/06/2022 22:30:43,0.524,9.888,78.49,6.681
08/06/2022 22:30:44,0.524,9.939,78.47,6.732
08/06/2022 22:30:45,0.524,9.991,78.46,6.782
08/06/2022 22:30:46,0.524,9.998,78.47,6.834
08/06/2022 22:30:47,0.524,9.996,78.48,6.883
08/06/2022 22:30:48,0.524,9.993,78.5,6.932
08/06/2022 22:30:49,0.524,9.991,78.52,6.981
08/06/2022 22:30:50,0.524,9.989,78.53,7.027
08/06/2022 22:30:51,0.524,9.987,78.55,7.073
08/06/2022 22:30:52,0.524,9.985,78.57,7.119
08/06/2022 22:30:53,0.524,9.983,78.58,7.163
08/06/2022 22:30:54,0.524,9.981,78.6,7.206
08/06/2022 22:30:55,0.524,9.978,78.62,7.249
08/06/2022 22:30:56,0.524,9.976,78.63,7.291
08/06/2022 22:30:57,0.524,9.975,78.65,7.331
08/06/2022 22:30:58,0.524,9.973,78.67,7.372
08/06/2022 22:30:59,0.524,9.971,78.68,7.411
08/06/2022 22:31:00,0.524,9.969,78.7,7.45
08/06/2022 22:31:01,0.524,9.967,78.72,7.488
08/06/2022 22:31:02,0.524,9.965,78.73,7.525
08/06/2022 22:31:03,0.524,9.963,78.75,7.561
08/06/2022 22:31:04,0.524,9.962,78.77,7.598
08/06/2022 22:31:05,0.524,9.96,78.78,7.632
08/06/2022 22:31:06,0.524,9.958,78.8,7.667
08/06/2022 22:31:07,0.524,9.957,78.82,7.701
08/06/2022 22:31:08,0.524,9.955,78.83,7.734
08/06/2022 22:31:09,0.524,9.953,78.85,7.766
08/06/2022 22:31:10,0.524,9.952,78.87,7.798
08/06/2022 22:31:11,0.524,9.95,78.88,7.829
08/06/2022 22:31:12,0.524,9.949,78.9,7.86
08/06/2022 22:31:13,0.524,9.947,78.92,7.89
08/06/2022 22:31:14,0.524,9.946,78.93,7.92
08/06/2022 22:31:15,0.524,9.945,78.95,7.945
08/06/2022 22:31:16,0.524,9.944,78.97,7.945
08/06/2022 22:31:17,0.524,9.944,78.98,7.945
08/06/2022 22:31:18,0.524,9.944,79,7.944
08/06/2022 22:31:19,0.524,9.944,79.02,7.945
08/06/2022 22:31:20,0.524,9.944,79.03,7.945
08/06/2022 22:31:21,0.524,9.943,79.05,7.943
08/06/2022 22:31:22,0.524,9.943,79.07,7.943
08/06/2022 22:31:23,0.524,9.943,79.08,7.943
08/06/2022 22:31:24,0.524,9.943,79.1,7.943
08/06/2022 22:31:25,0.524,9.943,79.12,7.942
08/06/2022 22:31:26,0.524,9.942,79.13,7.943
08/06/2022 22:31:27,0.524,9.942,79.15,7.943
08/06/2022 22:31:28,0.524,9.942,79.17,7.943
08/06/2022 22:31:29,0.524,9.942,79.18,7.943
08/06/2022 22:31:30,0.524,9.942,79.2,7.943
08/06/2022 22:31:31,0.524,9.941,79.22,7.942
08/06/2022 22:31:32,0.524,9.941,79.23,7.941
08/06/2022 22:31:33,0.524,9.941,79.25,7.94
08/06/2022 22:31:34,0.524,9.941,79.27,7.941
08/06/2022 22:31:35,0.524,9.941,79.28,7.94
08/06/2022 22:31:36,0.524,9.941,79.3,7.941
08/06/2022 22:31:37,0.524,9.94,79.32,7.94
08/06/2022 22:31:38,0.524,9.94,79.33,7.94
08/06/2022 22:31:39,0.524,9.94,79.35,7.939
08/06/2022 22:31:40,0.524,9.94,79.37,7.94
08/06/2022 22:31:41,0.524,9.94,79.38,7.94
08/06/2022 22:31:42,0.524,9.939,79.4,7.939
08/06/2022 22:31:43,0.524,9.939,79.42,7.939
08/06/2022 22:31:44,0.524,9.939,79.43,7.939
08/06/2022 22:31:45,0.524,9.939,79.45,7.939
08/06/2022 22:31:46,0.524,9.939,79.47,7.939
08/06/2022 22:31:47,0.524,9.938,79.48,7.938
08/06/2022 22:31:48,0.524,9.938,79.5,7.938
08/06/2022 22:31:49,0.524,9.938,79.52,7.938
08/06/2022 22:31:50,0.524,9.938,79.53,7.937
08/06/2022 22:31:51,0.524,9.938,79.55,7.938
08/06/2022 22:31:52,0.524,9.937,79.57,7.937
08/06/2022 22:31:53,0.524,9.937,79.58,7.938
08/06/2022 22:31:54,0.524,9.937,79.6,7.938
08/06/2022 22:31:55,0.524,9.937,79.62,7.938
08/06/2022 22:31:56,0.524,9.937,79.63,7.937
08/06/2022 22:31:57,0.524,9.936,79.65,7.937
08/06/2022 22:31:58,0.524,9.936,79.67,7.936
08/06/2022 22:31:59,0.524,9.936,79.68,7.936
08/06/2022 22:32:00,0.524,9.936,79.7,7.935
08/06/2022 22:32:01,0.524,9.936,79.72,7.936
08/06/2022 22:32:02,0.524,9.936,79.73,7.935
08/06/2022 22:32:03,0.524,9.935,79.75,7.936
08/06/2022 22:32:04,0.524,9.935,79.77,7.936
08/06/2022 22:32:05,0.524,9.935,79.78,7.936
08/06/2022 22:32:06,0.524,9.935,79.8,7.935
08/06/2022 22:32:07,0.524,9.935,79.82,7.936
08/06/2022 22:32:08,0.524,9.934,79.83,7.934
08/06/2022 22:32:09,0.524,9.934,79.85,7.934
08/06/2022 22:32:10,0.524,9.934,79.87,7.934
08/06/2022 22:32:11,0.524,9.934,79.88,7.934
08/06/2022 22:32:12,0.524,9.934,79.9,7.934
08/06/2022 22:32:13,0.524,9.933,79.92,7.932
08/06/2022 22:32:14,0.524,9.933,79.93,7.933
08/06/2022 22:32:15,0.524,9.933,79.95,7.933
08/06/2022 22:32:16,0.524,9.933,79.97,7.933
08/06/2022 22:32:17,0.524,9.933,79.98,7.932
08/06/2022 22:32:18,0.524,9.932,80,7.932
08/06/2022 22:32:19,0.524,9.932,80,7.932
08/06/2022 22:32:20,0.524,9.932,80,7.932
08/06/2022 22:32:21,0.524,9.932,80,7.931
08/06/2022 22:32:22,0.524,9.932,80,7.932
08/06/2022 22:32:23,0.524,9.932,80,7.931
08/06/2022 22:32:24,0.524,9.931,80,7.931
08/06/2022 22:32:25,0.524,9.931,80,7.931
08/06/2022 22:32:26,0.524,9.931,80,7.931
08/06/2022 22:32:27,0.524,9.931,80,7.93
08/06/2022 22:32:28,0.524,9.931,80,7.931
08/06/2022 22:32:29,0.524,9.93,80,7.93
08/06/2022 22:32:30,0.524,9.93,80,7.931
08/06/2022 22:32:31,0.524,9.93,80,7.931
08/06/2022 22:32:32,0.524,9.93,80,7.931
08/06/2022 22:32:33,0.524,9.93,80,7.93
08/06/2022 22:32:34,0.524,9.929,80,7.928
08/06/2022 22:32:35,0.524,9.929,80,7.929
08/06/2022 22:32:36,0.524,9.929,80,7.929
08/06/2022 22:32:37,0.524,9.929,80,7.929
08/06/2022 22:32:38,0.524,9.929,80,7.929
08/06/2022 22:32:39,0.524,9.928,80,7.929
08/06/2022 22:32:40,0.524,9.928,80,7.928
08/06/2022 22:32:41,0.524,9.928,80,7.929
08/06/2022 22:32:42,0.524,9.928,80,7.929
08/06/2022 22:32:43,0.524,9.928,80,7.929
08/06/2022 22:32:44,0.524,9.927,80,7.927
08/06/2022 22:32:45,0.524,9.927,80,7.927
08/06/2022 22:32:46,0.524,9.927,80,7.926
08/06/2022 22:32:47,0.524,9.927,80,7.927
08/06/2022 22:32:48,0.524,9.927,80,7.926
08/06/2022 22:32:49,0.524,9.926,80,7.927
08/06/2022 22:32:50,0.524,9.926,80,7.926
08/06/2022 22:32:51,0.524,9.926,80,7.926
08/06/2022 22:32:52,0.524,9.926,80,7.926
08/06/2022 22:32:53,0.524,9.926,80,7.926
08/06/2022 22:32:54,0.524,9.926,80,7.925
08/06/2022 22:32:55,0.524,9.925,80,7.925
08/06/2022 22:32:56,0.524,9.925,80,7.925
08/06/2022 22:32:57,0.524,9.925,80,7.925
08/06/2022 22:32:58,0.524,9.925,80,7.925
08/06/2022 22:32:59,0.524,9.925,80,7.925
08/06/2022 22:33:00,0.524,9.924,80,7.924
08/06/2022 22:33:01,0.524,9.924,80,7.923
08/06/2022 22:33:02,0.524,9.924,80,7.924
08/06/2022 22:33:03,0.524,9.924,80,7.924
08/06/2022 22:33:04,0.524,9.924,80,7.924
08/06/2022 22:33:05,0.524,9.923,80,7.924
08/06/2022 22:33:06,0.524,9.923,80,7.924
08/06/2022 22:33:07,0.524,9.923,80,7.923
08/06/2022 22:33:08,0.524,9.923,80,7.924
08/06/2022 22:33:09,0.524,9.923,80,7.924
08/06/2022 22:33:10,0.524,9.923,80,7.922
08/06/2022 22:33:11,0.524,9.922,80,7.921
08/06/2022 22:33:12,0.524,9.922,80,7.922
08/06/2022 22:33:13,0.524,9.922,80,7.921
08/06/2022 22:33:14,0.524,9.922,80,7.922
08/06/2022 22:33:15,0.524,9.922,80,7.921
08/06/2022 22:33:16,0.524,9.921,80,7.921
08/06/2022 22:33:17,0.524,9.921,80,7.921
08/06/2022 22:33:18,0.524,9.921,80,7.921
08/06/2022 22:33:19,0.524,9.921,80,7.921
08/06/2022 22:33:20,0.524,9.921,80,7.921
08/06/2022 22:33:21,0.524,9.92,80,7.92
08/06/2022 22:33:22,0.524,9.92,80,7.92
08/06/2022 22:33:23,0.524,9.92,80,7.92
08/06/2022 22:33:24,0.524,9.92,80,7.92
08/06/2022 22:33:25,0.524,9.92,80,7.92
08/06/2022 22:33:26,0.524,9.919,80,7.919
08/06/2022 22:33:27,0.524,9.919,80,7.919
08/06/2022 22:33:28,0.524,9.919,80,7.919
08/06/2022 22:33:29,0.524,9.919,80,7.919
08/06/2022 22:33:30,0.524,9.919,80,7.919
08/06/2022 22:33:31,0.524,9.918,80,7.918
08/06/2022 22:33:32,0.524,9.918,80,7.918
08/06/2022 22:33:33,0.524,9.918,80,7.918
08/06/2022 22:33:34,0.524,9.918,80,7.917
08/06/2022 22:33:35,0.524,9.918,80,7.918
08/06/2022 22:33:36,0.524,9.917,80,7.918
08/06/2022 22:33:37,0.524,9.917,80,7.917
08/06/2022 22:33:38,0.524,9.917,80,7.916
08/06/2022 22:33:39,0.524,9.917,80,7.917
08/06/2022 22:33:40,0.524,9.917,80,7.916
08/06/2022 22:33:41,0.524,9.917,80,7.917
08/06/2022 22:33:42,0.524,9.916,80,7.916
08/06/2022 22:33:43,0.524,9.916,80,7.917
08/06/2022 22:33:44,0.524,9.916,80,7.916
08/06/2022 22:33:45,0.524,9.916,80,7.917
08/06/2022 22:33:46,0.524,9.916,80,7.916
08/06/2022 22:33:47,0.524,9.915,80,7.915
08/06/2022 22:33:48,0.524,9.915,80,7.915
08/06/2022 22:33:49,0.524,9.915,80,7.915
08/06/2022 22:33:50,0.524,9.915,80,7.915
08/06/2022 22:33:51,0.524,9.915,80,7.915
08/06/2022 22:33:52,0.524,9.914,80,7.914
08/06/2022 22:33:53,0.524,9.914,80,7.914
08/06/2022 22:33:54,0.524,9.914,80,7.914
08/06/2022 22:33:55,0.524,9.914,80,7.914
08/06/2022 22:33:56,0.524,9.914,80,7.914
08/06/2022 22:33:57,0.524,9.913,80,7.913
08/06/2022 22:33:58,0.524,9.913,80,7.913
08/06/2022 22:33:59,0.524,9.913,80,7.913
08/06/2022 22:34:00,0.524,9.913,80,7.913
08/06/2022 22:34:01,0.524,9.913,80,7.912
08/06/2022 22:34:02,0.524,9.912,80,7.913
08/06/2022 22:34:03,0.524,9.912,80,7.911
08/06/2022 22:34:04,0.524,9.912,80,7.912
08/06/2022 22:34:05,0.524,9.912,80,7.911
08/06/2022 22:34:06,0.524,9.912,80,7.912
08/06/2022 22:34:07,0.524,9.912,80,7.911
08/06/2022 22:34:08,0.524,9.911,80,7.912
08/06/2022 22:34:09,0.524,9.911,80,7.911
08/06/2022 22:34:10,0.524,9.911,80,7.912
08/06/2022 22:34:11,0.524,9.911,80,7.911
08/06/2022 22:34:12,0.524,9.911,80,7.912
08/06/2022 22:34:13,0.524,9.91,80,7.91
08/06/2022 22:34:14,0.524,9.91,80,7.91
08/06/2022 22:34:15,0.524,9.91,80,7.909
08/06/2022 22:34:16,0.524,9.91,80,7.91
08/06/2022 22:34:17,0.524,9.91,80,7.91
08/06/2022 22:34:18,0.524,9.909,80,7.91
08/06/2022 22:34:19,0.524,9.909,80,7.91
08/06/2022 22:34:20,0.524,9.909,80,7.91
08/06/2022 22:34:21,0.524,9.909,80,7.91
08/06/2022 22:34:22,0.524,9.909,80,7.91
08/06/2022 22:34:23,0.524,9.908,80,7.908
08/06/2022 22:34:24,0.524,9.908,80,7.908
08/06/2022 22:34:25,0.524,9.908,80,7.908
08/06/2022 22:34:26,0.524,9.908,80,7.907
08/06/2022 22:34:27,0.524,9.908,80,7.908
08/06/2022 22:34:28,0.524,9.907,80,7.907
08/06/2022 22:34:29,0.524,9.907,80,7.907
08/06/2022 22:34:30,0.524,9.907,80,7.906
08/06/2022 22:34:31,0.524,9.907,80,7.907
08/06/2022 22:34:32,0.524,9.907,80,7.906
08/06/2022 22:34:33,0.524,9.907,80,7.907
08/06/2022 22:34:34,0.524,9.906,80,7.906
08/06/2022 22:34:40,0.524,9.906,80,7.889
08/06/2022 22:34:41,0.524,9.96,79.98,7.918
08/06/2022 22:34:42,0.524,10.01,79.97,7.947
08/06/2022 22:34:43,0.524,10.07,79.95,7.978
08/06/2022 22:34:44,0.524,10.12,79.94,8.008
08/06/2022 22:34:45,0.524,10.18,79.92,8.039
08/06/2022 22:34:46,0.524,10.23,79.91,8.071
08/06/2022 22:34:47,0.524,10.28,79.89,8.102
08/06/2022 22:34:48,0.524,10.34,79.88,8.134
08/06/2022 22:34:49,0.524,10.39,79.86,8.168
08/06/2022 22:34:50,0.524,10.44,79.84,8.2
08/06/2022 22:34:51,0.524,10.5,79.83,8.233
08/06/2022 22:34:52,0.524,10.55,79.81,8.268
08/06/2022 22:34:53,0.524,10.6,79.8,8.302
08/06/2022 22:34:54,0.524,10.66,79.78,8.336
08/06/2022 22:34:55,0.524,10.66,79.8,8.371
08/06/2022 22:34:56,0.524,10.66,79.81,8.404
08/06/2022 22:34:57,0.524,10.66,79.83,8.437
08/06/2022 22:34:58,0.524,10.66,79.85,8.47
08/06/2022 22:34:59,0.524,10.65,79.86,8.502
08/06/2022 22:35:00,0.524,10.65,79.88,8.533
08/06/2022 22:35:01,0.524,10.65,79.9,8.564
08/06/2022 22:35:02,0.524,10.65,79.91,8.594
08/06/2022 22:35:03,0.524,10.65,79.93,8.623
08/06/2022 22:35:04,0.524,10.65,79.95,8.647
08/06/2022 22:35:05,0.524,10.65,79.96,8.647
08/06/2022 22:35:06,0.524,10.65,79.98,8.647
08/06/2022 22:35:07,0.524,10.65,80,8.647
08/06/2022 22:35:08,0.524,10.65,80,8.646
08/06/2022 22:35:09,0.524,10.65,80,8.646
08/06/2022 22:35:10,0.524,10.65,80,8.646
08/06/2022 22:35:11,0.524,10.65,80,8.646
08/06/2022 22:35:12,0.524,10.65,80,8.646
08/06/2022 22:35:13,0.524,10.65,80,8.645
08/06/2022 22:35:14,0.524,10.65,80,8.645
08/06/2022 22:35:15,0.524,10.65,80,8.645
08/06/2022 22:35:16,0.524,10.65,80,8.644
08/06/2022 22:35:17,0.524,10.65,80,8.645
08/06/2022 22:35:18,0.524,10.64,80,8.644
08/06/2022 22:35:19,0.524,10.64,80,8.644
08/06/2022 22:35:20,0.524,10.64,80,8.643
08/06/2022 22:35:21,0.524,10.64,80,8.644
08/06/2022 22:35:22,0.524,10.64,80,8.643
08/06/2022 22:35:23,0.524,10.64,80,8.643
08/06/2022 22:35:24,0.524,10.64,80,8.642
08/06/2022 22:35:25,0.524,10.64,80,8.643
08/06/2022 22:35:26,0.524,10.64,80,8.642
08/06/2022 22:35:27,0.524,10.64,80,8.643
08/06/2022 22:35:28,0.524,10.64,80,8.642
08/06/2022 22:35:29,0.524,10.64,80,8.642
08/06/2022 22:35:30,0.524,10.64,80,8.641
08/06/2022 22:35:31,0.524,10.64,80,8.642
08/06/2022 22:35:32,0.524,10.64,80,8.642
08/06/2022 22:35:33,0.524,10.64,80,8.642
08/06/2022 22:35:34,0.524,10.64,80,8.641
08/06/2022 22:35:35,0.524,10.64,80,8.641
08/06/2022 22:35:36,0.524,10.64,80,8.641
08/06/2022 22:35:37,0.524,10.64,80,8.641
08/06/2022 22:35:38,0.524,10.64,80,8.639
08/06/2022 22:35:39,0.524,10.64,80,8.637
08/06/2022 22:35:40,0.524,10.64,80,8.636
08/06/2022 22:35:41,0.524,10.63,80,8.634
08/06/2022 22:35:42,0.524,10.63,80,8.631
08/06/2022 22:35:43,0.524,10.63,80,8.63
08/06/2022 22:35:44,0.524,10.63,80,8.628
08/06/2022 22:35:45,0.524,10.63,80,8.626
08/06/2022 22:35:46,0.524,10.62,80,8.623
08/06/2022 22:35:47,0.524,10.62,80,8.622
08/06/2022 22:35:48,0.524,10.62,80,8.62
08/06/2022 22:35:49,0.524,10.62,80,8.617
08/06/2022 22:35:50,0.524,10.62,80,8.616
08/06/2022 22:35:51,0.524,10.61,80,8.614
08/06/2022 22:35:52,0.524,10.61,80,8.612
08/06/2022 22:35:53,0.524,10.61,80,8.61
08/06/2022 22:35:54,0.524,10.61,80,8.608
08/06/2022 22:35:55,0.524,10.61,80,8.606
08/06/2022 22:35:56,0.524,10.6,80,8.605
08/06/2022 22:35:57,0.524,10.6,80,8.602
08/06/2022 22:35:58,0.524,10.6,80,8.6
08/06/2022 22:35:59,0.524,10.6,80,8.598
08/06/2022 22:36:00,0.524,10.6,80,8.597
08/06/2022 22:36:01,0.524,10.6,80,8.595
08/06/2022 22:36:02,0.524,10.59,80,8.592
08/06/2022 22:36:03,0.524,10.59,80,8.591
08/06/2022 22:36:04,0.524,10.59,80,8.589
08/06/2022 22:36:05,0.524,10.59,80,8.586
08/06/2022 22:36:06,0.524,10.59,80,8.585
08/06/2022 22:36:07,0.524,10.58,80,8.583
08/06/2022 22:36:08,0.524,10.58,80,8.581
08/06/2022 22:36:09,0.524,10.58,80,8.579
08/06/2022 22:36:10,0.524,10.58,80,8.577
08/06/2022 22:36:11,0.524,10.57,80,8.575
08/06/2022 22:36:12,0.524,10.57,80,8.572
08/06/2022 22:36:13,0.524,10.57,80,8.571
08/06/2022 22:36:14,0.524,10.57,80,8.569
08/06/2022 22:36:15,0.524,10.57,80,8.567
08/06/2022 22:36:16,0.524,10.56,80,8.566
08/06/2022 22:36:17,0.524,10.56,80,8.564
08/06/2022 22:36:23,0.524,10.55,80,8.535
08/06/2022 22:36:24,0.524,10.61,79.99,8.527
08/06/2022 22:36:25,0.524,10.66,79.97,8.519
08/06/2022 22:36:26,0.524,10.72,79.95,8.51
08/06/2022 22:36:27,0.524,10.77,79.94,8.502
08/06/2022 22:36:28,0.524,10.83,79.92,8.494
08/06/2022 22:36:29,0.524,10.88,79.91,8.485
08/06/2022 22:36:30,0.524,10.94,79.89,8.477
08/06/2022 22:36:31,0.524,10.99,79.88,8.469
08/06/2022 22:36:32,0.524,11.05,79.86,8.46
08/06/2022 22:36:33,0.524,11.1,79.85,8.452
08/06/2022 22:36:34,0.524,11.16,79.83,8.444
08/06/2022 22:36:35,0.524,11.21,79.82,8.435
08/06/2022 22:36:36,0.524,11.27,79.8,8.427
08/06/2022 22:36:37,0.524,11.32,79.79,8.419
08/06/2022 22:36:38,0.524,11.38,79.77,8.41
08/06/2022 22:36:39,0.524,11.43,79.76,8.402
08/06/2022 22:36:40,0.524,11.48,79.74,8.394
08/06/2022 22:36:41,0.524,11.54,79.73,8.385
08/06/2022 22:36:42,0.524,11.59,79.71,8.377
08/06/2022 22:36:43,0.524,11.65,79.7,8.369
08/06/2022 22:36:44,0.524,11.7,79.68,8.36
08/06/2022 22:36:45,0.524,11.76,79.67,8.352
08/06/2022 22:36:46,0.524,11.81,79.65,8.344
08/06/2022 22:36:47,0.524,11.86,79.64,8.335
08/06/2022 22:36:48,0.524,11.92,79.62,8.327
08/06/2022 22:36:49,0.524,11.97,79.61,8.319
08/06/2022 22:36:50,0.524,12.03,79.59,8.31
08/06/2022 22:36:51,0.524,12.08,79.58,8.302
08/06/2022 22:36:52,0.524,12.13,79.57,8.294
08/06/2022 22:36:53,0.524,12.19,79.55,8.285
08/06/2022 22:36:54,0.524,12.24,79.54,8.277
08/06/2022 22:36:55,0.524,12.29,79.52,8.269
08/06/2022 22:36:56,0.524,12.35,79.51,8.26
08/06/2022 22:36:57,0.524,12.4,79.49,8.252
08/06/2022 22:36:58,0.524,12.45,79.48,8.244
08/06/2022 22:36:59,0.524,12.51,79.46,8.235
08/06/2022 22:37:00,0.524,12.56,79.45,8.227
08/06/2022 22:37:01,0.524,12.61,79.43,8.219
08/06/2022 22:37:02,0.524,12.67,79.42,8.21
08/06/2022 22:37:03,0.524,12.72,79.41,8.202
08/06/2022 22:37:04,0.524,12.77,79.39,8.194
08/06/2022 22:37:05,0.524,12.83,79.38,8.185
08/06/2022 22:37:06,0.524,12.88,79.36,8.177
08/06/2022 22:37:07,0.524,12.93,79.35,8.169
08/06/2022 22:37:08,0.524,12.99,79.34,8.16
08/06/2022 22:37:09,0.524,13.04,79.32,8.152
08/06/2022 22:37:10,0.524,13.09,79.31,8.144
08/06/2022 22:37:11,0.524,13.15,79.29,8.149
08/06/2022 22:37:12,0.524,13.19,79.28,8.232
08/06/2022 22:37:13,0.524,13.24,79.27,8.315
08/06/2022 22:37:14,0.524,13.29,79.25,8.399
08/06/2022 22:37:15,0.524,13.34,79.24,8.48
08/06/2022 22:37:16,0.524,13.39,79.22,8.561
08/06/2022 22:37:17,0.524,13.44,79.21,8.643
08/06/2022 22:37:18,0.524,13.49,79.2,8.722
08/06/2022 22:37:19,0.524,13.53,79.18,8.801
08/06/2022 22:37:20,0.524,13.58,79.17,8.882
08/06/2022 22:37:21,0.524,13.63,79.16,8.959
08/06/2022 22:37:22,0.524,13.68,79.14,9.037
08/06/2022 22:37:23,0.524,13.73,79.13,9.115
08/06/2022 22:37:24,0.524,13.78,79.11,9.192
08/06/2022 22:37:25,0.524,13.82,79.1,9.267
08/06/2022 22:37:26,0.524,13.87,79.09,9.344
08/06/2022 22:37:27,0.524,13.91,79.08,9.419
08/06/2022 22:37:28,0.524,13.9,79.1,9.492
08/06/2022 22:37:29,0.524,13.9,79.12,9.566
08/06/2022 22:37:30,0.524,13.9,79.13,9.637
08/06/2022 22:37:31,0.524,13.89,79.15,9.706
08/06/2022 22:37:32,0.524,13.89,79.17,9.776
08/06/2022 22:37:33,0.524,13.89,79.18,9.843
08/06/2022 22:37:34,0.524,13.88,79.2,9.908
08/06/2022 22:37:35,0.524,13.88,79.22,9.974
08/06/2022 22:37:36,0.524,13.88,79.23,10.04
08/06/2022 22:37:37,0.524,13.88,79.25,10.1
08/06/2022 22:37:38,0.524,13.87,79.27,10.16
08/06/2022 22:37:39,0.524,13.87,79.28,10.22
08/06/2022 22:37:40,0.524,13.87,79.3,10.28
08/06/2022 22:37:41,0.524,13.86,79.32,10.34
08/06/2022 22:37:42,0.524,13.86,79.33,10.39
08/06/2022 22:37:43,0.524,13.86,79.35,10.45
08/06/2022 22:37:44,0.524,13.86,79.37,10.5
08/06/2022 22:37:45,0.524,13.85,79.38,10.56
08/06/2022 22:37:46,0.524,13.85,79.4,10.61
08/06/2022 22:37:47,0.524,13.85,79.42,10.66
08/06/2022 22:37:48,0.524,13.85,79.43,10.71
08/06/2022 22:37:49,0.524,13.85,79.45,10.76
08/06/2022 22:37:50,0.524,13.84,79.47,10.81
08/06/2022 22:37:51,0.524,13.84,79.48,10.85
08/06/2022 22:37:52,0.524,13.84,79.5,10.9
08/06/2022 22:37:53,0.524,13.84,79.52,10.95
08/06/2022 22:37:54,0.524,13.83,79.53,10.99
08/06/2022 22:37:55,0.524,13.83,79.55,11.03
08/06/2022 22:37:56,0.524,13.83,79.57,11.08
08/06/2022 22:37:57,0.524,13.83,79.58,11.12
08/06/2022 22:37:58,0.524,13.83,79.6,11.16
08/06/2022 22:37:59,0.524,13.82,79.62,11.2
08/06/2022 22:38:00,0.524,13.82,79.63,11.24
08/06/2022 22:38:01,0.524,13.82,79.65,11.28
08/06/2022 22:38:02,0.524,13.82,79.67,11.32
08/06/2022 22:38:03,0.524,13.82,79.68,11.36
08/06/2022 22:38:04,0.524,13.81,79.7,11.39
08/06/2022 22:38:05,0.524,13.81,79.72,11.43
08/06/2022 22:38:06,0.524,13.81,79.73,11.47
08/06/2022 22:38:07,0.524,13.81,79.75,11.5
08/06/2022 22:38:08,0.524,13.81,79.77,11.53
08/06/2022 22:38:09,0.524,13.81,79.78,11.57
08/06/2022 22:38:10,0.524,13.8,79.8,11.6
08/06/2022 22:38:11,0.524,13.8,79.82,11.63
08/06/2022 22:38:12,0.524,13.8,79.83,11.66
08/06/2022 22:38:13,0.524,13.8,79.85,11.69
08/06/2022 22:38:14,0.524,13.8,79.87,11.73
08/06/2022 22:38:15,0.524,13.8,79.88,11.76
08/06/2022 22:38:16,0.524,13.8,79.9,11.78
08/06/2022 22:38:17,0.524,13.8,79.92,11.79
08/06/2022 22:38:18,0.524,13.8,79.93,11.78
08/06/2022 22:38:19,0.524,13.81,79.94,11.77
08/06/2022 22:38:20,0.524,13.86,79.93,11.77
08/06/2022 22:38:21,0.524,13.91,79.92,11.76
08/06/2022 22:38:22,0.524,13.96,79.9,11.75
08/06/2022 22:38:23,0.524,14.02,79.89,11.74
08/06/2022 22:38:24,0.524,14.07,79.88,11.73
08/06/2022 22:38:25,0.524,14.12,79.86,11.73
08/06/2022 22:38:26,0.523,14.17,79.85,11.8
08/06/2022 22:38:27,0.522,14.23,79.83,11.89
08/06/2022 22:38:28,0.521,14.28,79.82,11.98
08/06/2022 22:38:29,0.52,14.33,79.81,12.08
08/06/2022 22:38:30,0.519,14.38,79.79,12.17
08/06/2022 22:38:31,0.518,14.44,79.78,12.26
08/06/2022 22:38:32,0.517,14.49,79.76,12.35
08/06/2022 22:38:33,0.516,14.54,79.75,12.43
08/06/2022 22:38:34,0.515,14.59,79.74,12.52
08/06/2022 22:38:35,0.514,14.65,79.72,12.6
08/06/2022 22:38:36,0.513,14.7,79.71,12.68
08/06/2022 22:38:37,0.512,14.75,79.7,12.76
08/06/2022 22:38:38,0.511,14.81,79.68,12.84
08/06/2022 22:38:39,0.51,14.86,79.67,12.92
08/06/2022 22:38:40,0.509,14.91,79.66,13
08/06/2022 22:38:41,0.508,14.97,79.64,13.07
08/06/2022 22:38:42,0.507,15.02,79.63,13.15
08/06/2022 22:38:43,0.506,15.07,79.62,13.22
08/06/2022 22:38:44,0.505,15.13,79.61,13.3
08/06/2022 22:38:45,0.504,15.18,79.59,13.37
08/06/2022 22:38:46,0.503,15.23,79.58,13.44
08/06/2022 22:38:47,0.502,15.29,79.57,13.51
08/06/2022 22:38:48,0.501,15.34,79.55,13.58
08/06/2022 22:38:49,0.5,15.39,79.54,13.65
08/06/2022 22:38:50,0.499,15.45,79.53,13.72
08/06/2022 22:38:51,0.498,15.5,79.51,13.79
08/06/2022 22:38:52,0.497,15.55,79.5,13.85
08/06/2022 22:38:53,0.496,15.61,79.49,13.92
08/06/2022 22:38:54,0.495,15.66,79.47,13.99
08/06/2022 22:38:55,0.494,15.72,79.46,14.05
08/06/2022 22:38:56,0.493,15.77,79.45,14.12
08/06/2022 22:38:57,0.492,15.82,79.44,14.19
08/06/2022 22:38:58,0.491,15.88,79.42,14.25
08/06/2022 22:38:59,0.49,15.93,79.41,14.31
08/06/2022 22:39:00,0.489,15.99,79.4,14.38
08/06/2022 22:39:01,0.488,16.04,79.39,14.44
08/06/2022 22:39:02,0.487,16.1,79.37,14.5
08/06/2022 22:39:03,0.486,16.15,79.36,14.56
08/06/2022 22:39:04,0.485,16.2,79.35,14.63
08/06/2022 22:39:05,0.484,16.26,79.33,14.69
08/06/2022 22:39:06,0.483,16.31,79.32,14.75
08/06/2022 22:39:07,0.482,16.37,79.31,14.81
08/06/2022 22:39:08,0.481,16.42,79.3,14.87
08/06/2022 22:39:09,0.48,16.48,79.29,14.93
08/06/2022 22:39:10,0.479,16.53,79.27,14.99
08/06/2022 22:39:11,0.478,16.59,79.26,15.05
08/06/2022 22:39:12,0.477,16.64,79.25,15.11
08/06/2022 22:39:13,0.476,16.7,79.24,15.17
08/06/2022 22:39:14,0.475,16.75,79.22,15.23
08/06/2022 22:39:15,0.474,16.81,79.21,15.29
08/06/2022 22:39:16,0.473,16.86,79.2,15.35
08/06/2022 22:39:17,0.472,16.92,79.19,15.41
08/06/2022 22:39:18,0.471,16.97,79.18,15.47
08/06/2022 22:39:19,0.47,17.03,79.16,15.52
08/06/2022 22:39:20,0.469,17.08,79.15,15.58
08/06/2022 22:39:21,0.468,17.14,79.14,15.64
08/06/2022 22:39:22,0.467,17.19,79.13,15.7
08/06/2022 22:39:23,0.466,17.25,79.11,15.76
08/06/2022 22:39:24,0.465,17.31,79.1,15.82
08/06/2022 22:39:25,0.464,17.36,79.09,15.87
08/06/2022 22:39:26,0.463,17.42,79.08,15.93
08/06/2022 22:39:27,0.462,17.47,79.07,15.99
08/06/2022 22:39:28,0.46,17.53,79.06,16.05
08/06/2022 22:39:29,0.459,17.59,79.04,16.1
08/06/2022 22:39:30,0.458,17.64,79.03,16.16
08/06/2022 22:39:31,0.456,17.7,79.02,16.22
08/06/2022 22:39:32,0.455,17.75,79.01,16.28
08/06/2022 22:39:33,0.454,17.81,79,16.33
08/06/2022 22:39:34,0.452,17.87,78.99,16.39
08/06/2022 22:39:35,0.451,17.93,78.97,16.45
08/06/2022 22:39:36,0.45,17.98,78.96,16.51
08/06/2022 22:39:37,0.449,18.04,78.95,16.56
08/06/2022 22:39:38,0.448,18.09,78.94,16.62
08/06/2022 22:39:39,0.448,18.15,78.93,16.68
08/06/2022 22:39:40,0.447,18.2,78.92,16.7
08/06/2022 22:39:41,0.448,18.26,78.9,16.69
08/06/2022 22:39:42,0.448,18.31,78.89,16.68
08/06/2022 22:39:43,0.448,18.37,78.88,16.67
08/06/2022 22:39:44,0.449,18.42,78.87,16.66
08/06/2022 22:39:45,0.449,18.48,78.86,16.66
08/06/2022 22:39:46,0.449,18.53,78.85,16.65
08/06/2022 22:39:47,0.449,18.59,78.84,16.64
08/06/2022 22:39:48,0.45,18.64,78.82,16.63
08/06/2022 22:39:49,0.45,18.7,78.81,16.62
08/06/2022 22:39:50,0.45,18.75,78.8,16.61
08/06/2022 22:39:51,0.451,18.81,78.79,16.6
08/06/2022 22:39:52,0.451,18.86,78.78,16.6
08/06/2022 22:39:53,0.451,18.92,78.77,16.59
08/06/2022 22:39:54,0.451,18.97,78.76,16.58
08/06/2022 22:39:55,0.452,19.02,78.75,16.57
08/06/2022 22:39:56,0.452,19.08,78.74,16.56
08/06/2022 22:39:57,0.452,19.13,78.72,16.56
08/06/2022 22:39:58,0.453,19.18,78.71,16.55
08/06/2022 22:39:59,0.453,19.24,78.7,16.54
08/06/2022 22:40:00,0.453,19.29,78.69,16.53
08/06/2022 22:40:01,0.454,19.34,78.68,16.52
08/06/2022 22:40:02,0.454,19.4,78.67,16.51
08/06/2022 22:40:03,0.454,19.45,78.66,16.5
08/06/2022 22:40:04,0.454,19.5,78.65,16.5
08/06/2022 22:40:05,0.455,19.55,78.64,16.49
08/06/2022 22:40:06,0.455,19.6,78.63,16.48
08/06/2022 22:40:07,0.455,19.66,78.62,16.47
08/06/2022 22:40:08,0.456,19.71,78.61,16.46
08/06/2022 22:40:09,0.456,19.76,78.6,16.45
08/06/2022 22:40:10,0.456,19.81,78.59,16.45
08/06/2022 22:40:11,0.456,19.86,78.57,16.44
08/06/2022 22:40:12,0.457,19.92,78.57,16.43
08/06/2022 22:40:13,0.457,19.97,78.55,16.42
08/06/2022 22:40:14,0.457,20,78.55,16.41
08/06/2022 22:40:15,0.458,20,78.57,16.41
08/06/2022 22:40:16,0.458,20,78.59,16.4
08/06/2022 22:40:17,0.458,19.99,78.6,16.39
08/06/2022 22:40:18,0.458,19.99,78.62,16.38
08/06/2022 22:40:19,0.459,19.99,78.64,16.37
08/06/2022 22:40:20,0.459,19.99,78.65,16.36
08/06/2022 22:40:21,0.459,19.99,78.67,16.35
08/06/2022 22:40:22,0.46,19.98,78.69,16.35
08/06/2022 22:40:23,0.46,19.98,78.7,16.34
08/06/2022 22:40:24,0.46,19.98,78.72,16.33
08/06/2022 22:40:25,0.461,19.98,78.74,16.32
08/06/2022 22:40:26,0.461,19.98,78.75,16.31
08/06/2022 22:40:27,0.461,19.97,78.77,16.31
08/06/2022 22:40:28,0.461,19.97,78.79,16.3
08/06/2022 22:40:29,0.462,19.97,78.8,16.29
08/06/2022 22:40:30,0.462,19.97,78.82,16.28
08/06/2022 22:40:31,0.462,19.96,78.84,16.27
08/06/2022 22:40:32,0.463,19.96,78.85,16.26
08/06/2022 22:40:33,0.463,19.96,78.87,16.25
08/06/2022 22:40:34,0.463,19.96,78.89,16.25
08/06/2022 22:40:35,0.463,19.96,78.9,16.24
08/06/2022 22:40:36,0.464,19.95,78.92,16.23
08/06/2022 22:40:37,0.464,19.95,78.94,16.22
08/06/2022 22:40:38,0.464,19.95,78.95,16.21
08/06/2022 22:40:39,0.465,19.95,78.97,16.2
08/06/2022 22:40:40,0.465,19.94,78.99,16.2
08/06/2022 22:40:41,0.465,19.94,79,16.19
08/06/2022 22:40:42,0.465,19.94,79.02,16.18
08/06/2022 22:40:43,0.466,19.94,79.04,16.17
08/06/2022 22:40:44,0.466,19.94,79.05,16.16
08/06/2022 22:40:45,0.466,19.93,79.07,16.16
08/06/2022 22:40:46,0.467,19.93,79.09,16.15
08/06/2022 22:40:47,0.467,19.93,79.1,16.14
08/06/2022 22:40:48,0.467,19.93,79.12,16.13
08/06/2022 22:40:49,0.468,19.93,79.14,16.12
08/06/2022 22:40:50,0.468,19.92,79.15,16.11
08/06/2022 22:40:51,0.468,19.92,79.17,16.1
08/06/2022 22:40:52,0.468,19.92,79.19,16.1
08/06/2022 22:40:53,0.469,19.92,79.2,16.09
08/06/2022 22:40:54,0.469,19.92,79.22,16.08
08/06/2022 22:40:55,0.469,19.91,79.24,16.07
08/06/2022 22:40:56,0.47,19.91,79.25,16.06
08/06/2022 22:40:57,0.47,19.91,79.27,16.06
08/06/2022 22:40:58,0.47,19.91,79.29,16.05
08/06/2022 22:40:59,0.47,19.91,79.3,16.04
08/06/2022 22:41:00,0.471,19.9,79.32,16.03
08/06/2022 22:41:01,0.471,19.9,79.34,16.02
08/06/2022 22:41:02,0.471,19.9,79.35,16.01
08/06/2022 22:41:03,0.472,19.9,79.37,16
08/06/2022 22:41:04,0.472,19.9,79.39,16
08/06/2022 22:41:05,0.472,19.89,79.4,15.99
08/06/2022 22:41:06,0.472,19.89,79.42,15.98
08/06/2022 22:41:07,0.473,19.89,79.44,15.97
08/06/2022 22:41:08,0.473,19.89,79.45,15.96
08/06/2022 22:41:09,0.473,19.89,79.47,15.95
08/06/2022 22:41:10,0.474,19.88,79.49,15.95
08/06/2022 22:41:11,0.474,19.88,79.5,15.94
08/06/2022 22:41:12,0.474,19.88,79.52,15.93
08/06/2022 22:41:13,0.475,19.88,79.54,15.92
08/06/2022 22:41:14,0.475,19.88,79.55,15.91
08/06/2022 22:41:15,0.475,19.87,79.57,15.9
08/06/2022 22:41:16,0.475,19.87,79.59,15.9
08/06/2022 22:41:17,0.476,19.87,79.6,15.89
08/06/2022 22:41:18,0.476,19.87,79.62,15.88
08/06/2022 22:41:19,0.476,19.91,79.61,15.87
08/06/2022 22:41:20,0.477,19.96,79.6,15.86
08/06/2022 22:41:21,0.477,20.01,79.59,15.85
08/06/2022 22:41:22,0.477,20.06,79.58,15.85
08/06/2022 22:41:23,0.477,20.11,79.57,15.84
08/06/2022 22:41:24,0.478,20.16,79.56,15.83
08/06/2022 22:41:25,0.478,20.21,79.55,15.82
08/06/2022 22:41:26,0.478,20.26,79.54,15.81
08/06/2022 22:41:27,0.479,20.31,79.53,15.81
08/06/2022 22:41:28,0.479,20.36,79.51,15.8
08/06/2022 22:41:29,0.479,20.41,79.5,15.79
08/06/2022 22:41:30,0.479,20.46,79.49,15.78
08/06/2022 22:41:31,0.48,20.5,79.48,15.77
08/06/2022 22:41:32,0.48,20.55,79.47,15.76
08/06/2022 22:41:33,0.48,20.6,79.46,15.76
08/06/2022 22:41:34,0.481,20.65,79.45,15.75
08/06/2022 22:41:35,0.481,20.7,79.44,15.74
08/06/2022 22:41:36,0.481,20.75,79.43,15.76
08/06/2022 22:41:37,0.482,20.79,79.42,15.84
08/06/2022 22:41:38,0.482,20.83,79.41,15.93
08/06/2022 22:41:39,0.482,20.88,79.4,16.01
08/06/2022 22:41:40,0.482,20.92,79.39,16.09
08/06/2022 22:41:41,0.483,20.97,79.38,16.17
08/06/2022 22:41:42,0.483,21.01,79.37,16.25
08/06/2022 22:41:43,0.483,21.05,79.36,16.33
08/06/2022 22:41:44,0.484,21.1,79.35,16.41
09/06/2022 15:00:40,0.5,24.98,40.2,24.9
09/06/2022 15:00:41,0.5,24.99,40.21,24.89
09/06/2022 15:00:42,0.5,25.01,40.22,24.89
09/06/2022 15:00:43,0.5,25.02,40.22,24.88
09/06/2022 15:00:44,0.5,25.03,40.24,24.87
09/06/2022 15:00:45,0.5,25.05,40.24,24.86
09/06/2022 15:00:46,0.5,25.06,40.25,24.85
09/06/2022 15:00:47,0.5,25.07,40.26,24.84
09/06/2022 15:00:48,0.5,25.08,40.27,24.83
09/06/2022 15:00:49,0.5,25.1,40.28,24.83
09/06/2022 15:00:50,0.5,25.11,40.29,24.82
09/06/2022 15:00:51,0.5,25.12,40.3,24.81
09/06/2022 15:00:52,0.5,25.14,40.31,24.8
09/06/2022 15:00:53,0.5,25.15,40.32,24.79
09/06/2022 15:00:54,0.5,25.16,40.33,24.78
09/06/2022 15:00:55,0.5,25.17,40.34,24.78
09/06/2022 15:00:56,0.5,25.19,40.35,24.77
09/06/2022 15:00:57,0.5,25.2,40.36,24.76
09/06/2022 15:00:58,0.5,25.21,40.37,24.75
09/06/2022 15:00:59,0.5,25.23,40.38,24.74
09/06/2022 15:01:00,0.5,25.24,40.39,24.74
09/06/2022 15:01:01,0.5,25.25,40.4,24.73
09/06/2022 15:01:02,0.5,25.26,40.41,24.72
09/06/2022 15:01:03,0.5,25.28,40.42,24.71
09/06/2022 15:01:04,0.5,25.29,40.43,24.7
09/06/2022 15:01:05,0.5,25.3,40.44,24.69
09/06/2022 15:01:06,0.5,25.32,40.45,24.68
09/06/2022 15:01:07,0.5,25.33,40.46,24.68
09/06/2022 15:01:08,0.5,25.34,40.47,24.67
09/06/2022 15:01:09,0.5,25.35,40.48,24.66
09/06/2022 15:01:10,0.5,25.37,40.49,24.65
09/06/2022 15:01:11,0.5,25.38,40.49,24.64
09/06/2022 15:01:12,0.5,25.39,40.51,24.64
09/06/2022 15:01:13,0.5,25.41,40.51,24.63
09/06/2022 15:01:14,0.5,25.42,40.52,24.62
09/06/2022 15:01:15,0.5,25.43,40.53,24.61
09/06/2022 15:01:16,0.5,25.44,40.54,24.6
09/06/2022 15:01:17,0.5,25.46,40.55,24.59
09/06/2022 15:01:18,0.5,25.47,40.56,24.58
09/06/2022 15:01:19,0.5,25.48,40.57,24.58
09/06/2022 15:01:20,0.5,25.5,40.58,24.57
09/06/2022 15:01:21,0.5,25.51,40.59,24.56
09/06/2022 15:01:22,0.5,25.52,40.6,24.55
09/06/2022 15:01:23,0.5,25.53,40.61,24.54
09/06/2022 15:01:24,0.5,25.55,40.62,24.53
09/06/2022 15:01:25,0.5,25.56,40.63,24.53
09/06/2022 15:01:26,0.5,25.57,40.64,24.52
09/06/2022 15:01:27,0.5,25.58,40.65,24.51
09/06/2022 15:01:28,0.5,25.6,40.66,24.5
09/06/2022 15:01:29,0.5,25.61,40.67,24.49
09/06/2022 15:01:30,0.5,25.62,40.68,24.49
09/06/2022 15:01:31,0.5,25.64,40.69,24.48
09/06/2022 15:01:32,0.5,25.65,40.7,24.47
09/06/2022 15:01:33,0.5,25.66,40.71,24.46
09/06/2022 15:01:34,0.5,25.67,40.72,24.45
09/06/2022 15:01:35,0.5,25.69,40.73,24.44
09/06/2022 15:01:36,0.5,25.7,40.74,24.43
09/06/2022 15:01:37,0.5,25.71,40.75,24.43
09/06/2022 15:01:38,0.5,25.73,40.76,24.42
09/06/2022 15:01:39,0.5,25.74,40.77,24.41
09/06/2022 15:01:40,0.5,25.75,40.78,24.4
09/06/2022 15:01:41,0.5,25.76,40.79,24.39
09/06/2022 15:01:42,0.5,25.78,40.8,24.39
09/06/2022 15:01:43,0.5,25.79,40.81,24.38
09/06/2022 15:01:44,0.5,25.8,40.81,24.37
09/06/2022 15:01:45,0.5,25.82,40.83,24.36
09/06/2022 15:01:46,0.5,25.83,40.83,24.35
09/06/2022 15:01:47,0.5,25.84,40.84,24.34
09/06/2022 15:01:48,0.5,25.85,40.85,24.33
09/06/2022 15:01:49,0.5,25.87,40.86,24.33
09/06/2022 15:01:50,0.5,25.88,40.87,24.32
09/06/2022 15:01:51,0.5,25.89,40.88,24.31
09/06/2022 15:01:52,0.5,25.9,40.89,24.3
09/06/2022 15:01:53,0.5,25.92,40.9,24.29
09/06/2022 15:01:54,0.5,25.93,40.91,24.28
09/06/2022 15:01:55,0.5,25.94,40.92,24.28
09/06/2022 15:01:56,0.5,25.95,40.93,24.27
09/06/2022 15:01:57,0.5,25.97,40.94,24.26
09/06/2022 15:01:58,0.5,25.98,40.95,24.25
09/06/2022 15:01:59,0.5,25.99,40.96,24.24
09/06/2022 15:02:00,0.5,26.01,40.97,24.24
09/06/2022 15:02:01,0.5,26.02,40.98,24.23
09/06/2022 15:02:02,0.5,26.03,40.99,24.22
09/06/2022 15:02:03,0.5,26.04,41,24.21
09/06/2022 15:02:04,0.5,26.06,41.01,24.2
09/06/2022 15:02:05,0.5,26.07,41.02,24.19
09/06/2022 15:02:06,0.5,26.08,41.03,24.18
09/06/2022 15:02:07,0.5,26.09,41.04,24.18
09/06/2022 15:02:08,0.5,26.11,41.05,24.17
09/06/2022 15:02:09,0.5,26.12,41.06,24.16
09/06/2022 15:02:10,0.5,26.13,41.07,24.15
09/06/2022 15:02:11,0.5,26.15,41.08,24.14
09/06/2022 15:02:12,0.5,26.16,41.09,24.14
09/06/2022 15:02:13,0.5,26.17,41.1,24.13
09/06/2022 15:02:14,0.5,26.18,41.11,24.12
09/06/2022 15:02:15,0.5,26.2,41.12,24.11
09/06/2022 15:02:16,0.5,26.21,41.13,24.1
09/06/2022 15:02:17,0.5,26.22,41.14,24.09
09/06/2022 15:02:18,0.5,26.23,41.15,24.08
09/06/2022 15:02:19,0.5,26.25,41.16,24.08
09/06/2022 15:02:20,0.5,26.25,41.17,24.07
09/06/2022 15:02:21,0.5,26.25,41.19,24.06
09/06/2022 15:02:22,0.5,26.25,41.2,24.05
09/06/2022 15:02:23,0.5,26.25,41.22,24.04
09/06/2022 15:02:24,0.5,26.25,41.24,24.03
09/06/2022 15:02:25,0.5,26.25,41.25,24.03
09/06/2022 15:02:26,0.5,26.24,41.27,24.02
09/06/2022 15:02:27,0.5,26.24,41.28,24.01
09/06/2022 15:02:28,0.5,26.25,41.3,24
09/06/2022 15:02:29,0.5,26.27,41.31,23.99
09/06/2022 15:02:30,0.5,26.28,41.31,23.99
09/06/2022 15:02:31,0.5,26.29,41.33,23.98
09/06/2022 15:02:32,0.5,26.31,41.33,23.97
09/06/2022 15:02:33,0.5,26.32,41.34,23.96
09/06/2022 15:02:34,0.5,26.33,41.35,23.95
09/06/2022 15:02:35,0.5,26.34,41.36,23.94
09/06/2022 15:02:36,0.5,26.36,41.37,23.93
09/06/2022 15:02:37,0.5,26.37,41.38,23.93
09/06/2022 15:02:38,0.5,26.38,41.39,23.92
09/06/2022 15:02:39,0.5,26.39,41.4,23.91
09/06/2022 15:02:40,0.5,26.41,41.41,23.9
09/06/2022 15:02:41,0.5,26.42,41.42,23.89
09/06/2022 15:02:42,0.5,26.43,41.43,23.89
09/06/2022 15:02:43,0.5,26.44,41.44,23.88
09/06/2022 15:02:44,0.5,26.46,41.45,23.87
09/06/2022 15:02:45,0.5,26.47,41.46,23.86
09/06/2022 15:02:46,0.5,26.48,41.47,23.85
09/06/2022 15:02:47,0.5,26.5,41.48,23.84
09/06/2022 15:02:48,0.5,26.51,41.49,23.83
09/06/2022 15:02:49,0.5,26.52,41.5,23.83
09/06/2022 15:02:50,0.5,26.53,41.51,23.82
09/06/2022 15:02:51,0.5,26.55,41.52,23.81
09/06/2022 15:02:52,0.5,26.56,41.53,23.8
09/06/2022 15:02:53,0.5,26.57,41.54,23.79
09/06/2022 15:02:54,0.5,26.58,41.55,23.78
09/06/2022 15:02:55,0.5,26.6,41.56,23.78
09/06/2022 15:02:56,0.5,26.61,41.57,23.77
09/06/2022 15:02:57,0.5,26.62,41.58,23.76
09/06/2022 15:02:58,0.5,26.64,41.59,23.75
09/06/2022 15:02:59,0.5,26.65,41.6,23.74
09/06/2022 15:03:00,0.5,26.66,41.61,23.74
09/06/2022 15:03:01,0.5,26.67,41.62,23.73
09/06/2022 15:03:02,0.5,26.69,41.63,23.72
09/06/2022 15:03:03,0.5,26.7,41.64,23.71
09/06/2022 15:03:04,0.5,26.71,41.65,23.7
09/06/2022 15:03:05,0.5,26.73,41.66,23.69
09/06/2022 15:03:06,0.5,26.74,41.67,23.68
09/06/2022 15:03:07,0.5,26.75,41.67,23.68
09/06/2022 15:03:08,0.5,26.76,41.69,23.67
09/06/2022 15:03:09,0.5,26.78,41.69,23.66
09/06/2022 15:03:10,0.5,26.79,41.7,23.65
09/06/2022 15:03:11,0.5,26.8,41.71,23.64
09/06/2022 15:03:12,0.5,26.81,41.72,23.64
09/06/2022 15:03:13,0.5,26.83,41.73,23.63
09/06/2022 15:03:14,0.5,26.84,41.74,23.62
09/06/2022 15:03:15,0.5,26.85,41.75,23.61
09/06/2022 15:03:16,0.5,26.86,41.76,23.6
09/06/2022 15:03:17,0.5,26.88,41.77,23.59
09/06/2022 15:03:18,0.5,26.89,41.78,23.58
09/06/2022 15:03:19,0.5,26.9,41.79,23.58
09/06/2022 15:03:20,0.5,26.92,41.8,23.57
09/06/2022 15:03:21,0.5,26.93,41.81,23.56
09/06/2022 15:03:22,0.5,26.94,41.82,23.55
09/06/2022 15:03:23,0.5,26.95,41.83,23.54
09/06/2022 15:03:24,0.5,26.97,41.84,23.53
09/06/2022 15:03:25,0.5,26.98,41.85,23.53
09/06/2022 15:03:26,0.5,26.99,41.86,23.52
09/06/2022 15:03:27,0.5,27,41.87,23.51
09/06/2022 15:03:28,0.5,27.02,41.88,23.5
09/06/2022 15:03:29,0.5,27.03,41.89,23.49
09/06/2022 15:03:30,0.5,27.04,41.9,23.49
09/06/2022 15:03:31,0.5,27.05,41.91,23.48
09/06/2022 15:03:32,0.5,27.07,41.92,23.47
09/06/2022 15:03:33,0.5,27.08,41.93,23.46
09/06/2022 15:03:34,0.5,27.09,41.94,23.45
09/06/2022 15:03:35,0.5,27.1,41.95,23.44
09/06/2022 15:03:36,0.5,27.12,41.96,23.43
09/06/2022 15:03:37,0.5,27.13,41.97,23.43
09/06/2022 15:03:38,0.5,27.14,41.98,23.42
09/06/2022 15:03:39,0.5,27.16,41.99,23.41
09/06/2022 15:03:40,0.5,27.17,42,23.4
09/06/2022 15:03:41,0.5,27.18,42.01,23.39
09/06/2022 15:03:42,0.5,27.19,42.02,23.39
09/06/2022 15:03:43,0.5,27.21,42.03,23.38
09/06/2022 15:03:44,0.5,27.22,42.04,23.37
09/06/2022 15:03:45,0.5,27.23,42.05,23.36
09/06/2022 15:03:46,0.5,27.24,42.06,23.35
09/06/2022 15:03:47,0.5,27.26,42.07,23.34
09/06/2022 15:03:48,0.5,27.27,42.08,23.33
09/06/2022 15:03:49,0.5,27.28,42.09,23.33
09/06/2022 15:03:50,0.5,27.29,42.1,23.32
09/06/2022 15:03:51,0.5,27.31,42.11,23.31
09/06/2022 15:03:52,0.5,27.32,42.12,23.3
09/06/2022 15:03:53,0.5,27.33,42.12,23.29
09/06/2022 15:03:54,0.5,27.34,42.13,23.28
09/06/2022 15:03:55,0.5,27.36,42.15,23.28
09/06/2022 15:03:56,0.5,27.37,42.15,23.27
09/06/2022 15:03:57,0.5,27.38,42.16,23.26
09/06/2022 15:03:58,0.5,27.39,42.17,23.25
09/06/2022 15:03:59,0.5,27.41,42.18,23.24
09/06/2022 15:04:00,0.5,27.42,42.19,23.24
09/06/2022 15:04:01,0.5,27.43,42.2,23.23
09/06/2022 15:04:02,0.5,27.44,42.21,23.22
09/06/2022 15:04:03,0.5,27.46,42.22,23.21
09/06/2022 15:04:04,0.5,27.47,42.23,23.2
09/06/2022 15:04:05,0.5,27.48,42.24,23.19
09/06/2022 15:04:06,0.5,27.49,42.25,23.18
09/06/2022 15:04:07,0.5,27.51,42.26,23.18
09/06/2022 15:04:08,0.5,27.52,42.27,23.17
09/06/2022 15:04:09,0.5,27.53,42.28,23.16
09/06/2022 15:04:10,0.5,27.55,42.29,23.15
09/06/2022 15:04:11,0.5,27.56,42.3,23.14
09/06/2022 15:04:12,0.5,27.57,42.31,23.14
09/06/2022 15:04:13,0.5,27.58,42.32,23.13
09/06/2022 15:04:14,0.5,27.59,42.33,23.12
09/06/2022 15:04:15,0.5,27.61,42.34,23.11
09/06/2022 15:04:16,0.5,27.62,42.35,23.1
09/06/2022 15:04:17,0.5,27.63,42.36,23.09
09/06/2022 15:04:18,0.5,27.65,42.37,23.08
09/06/2022 15:04:19,0.5,27.66,42.38,23.08
09/06/2022 15:04:20,0.5,27.67,42.39,23.07
09/06/2022 15:04:21,0.5,27.68,42.4,23.06
09/06/2022 15:04:22,0.5,27.69,42.41,23.05
09/06/2022 15:04:23,0.5,27.71,42.42,23.04
09/06/2022 15:04:24,0.5,27.72,42.43,23.03
09/06/2022 15:04:25,0.5,27.73,42.44,23.03
09/06/2022 15:04:26,0.5,27.75,42.45,23.02
09/06/2022 15:04:27,0.5,27.76,42.46,23.01
09/06/2022 15:04:28,0.5,27.77,42.47,23
09/06/2022 15:04:29,0.5,27.78,42.48,22.99
09/06/2022 15:04:30,0.5,27.8,42.49,22.99
09/06/2022 15:04:31,0.5,27.81,42.5,22.98
09/06/2022 15:04:32,0.5,27.82,42.51,22.97
09/06/2022 15:04:33,0.5,27.83,42.52,22.96
09/06/2022 15:04:34,0.5,27.84,42.53,22.95
09/06/2022 15:04:35,0.5,27.86,42.54,22.94
09/06/2022 15:04:36,0.5,27.87,42.55,22.93
09/06/2022 15:04:37,0.5,27.88,42.56,22.93
09/06/2022 15:04:38,0.5,27.9,42.57,22.92
09/06/2022 15:04:39,0.5,27.91,42.58,22.91
09/06/2022 15:04:40,0.5,27.92,42.59,22.98
09/06/2022 15:04:41,0.5,27.92,42.6,23.07
09/06/2022 15:04:42,0.5,27.93,42.61,23.15
09/06/2022 15:04:43,0.5,27.94,42.62,23.23
09/06/2022 15:04:44,0.5,27.95,42.63,23.31
09/06/2022 15:04:45,0.5,27.96,42.64,23.38
09/06/2022 15:04:46,0.5,27.97,42.65,23.46
09/06/2022 15:04:47,0.5,27.98,42.66,23.53
09/06/2022 15:04:48,0.5,27.99,42.67,23.6
09/06/2022 15:04:49,0.5,27.99,42.68,23.68
09/06/2022 15:04:50,0.5,28,42.69,23.75
09/06/2022 15:04:51,0.5,28.01,42.7,23.82
09/06/2022 15:04:52,0.5,28.02,42.71,23.89
09/06/2022 15:04:53,0.5,28.03,42.72,23.95
09/06/2022 15:04:54,0.5,28.04,42.73,24.02
09/06/2022 15:04:55,0.5,28.05,42.74,24.09
09/06/2022 15:04:56,0.5,28.06,42.75,24.15
09/06/2022 15:04:57,0.5,28.07,42.76,24.22
09/06/2022 15:04:58,0.5,28.08,42.77,24.28
09/06/2022 15:04:59,0.5,28.08,42.78,24.34
09/06/2022 15:05:00,0.5,28.09,42.78,24.4
09/06/2022 15:05:01,0.5,28.1,42.79,24.46
09/06/2022 15:05:02,0.5,28.11,42.81,24.52
09/06/2022 15:05:03,0.5,28.12,42.81,24.58
09/06/2022 15:05:04,0.5,28.13,42.83,24.63
09/06/2022 15:05:05,0.5,28.14,42.83,24.69
09/06/2022 15:05:06,0.5,28.15,42.85,24.74
09/06/2022 15:05:07,0.5,28.16,42.85,24.8
09/06/2022 15:05:08,0.5,28.17,42.86,24.85
09/06/2022 15:05:09,0.5,28.18,42.87,24.9
09/06/2022 15:05:10,0.5,28.19,42.88,24.96
09/06/2022 15:05:11,0.5,28.2,42.89,25.01
09/06/2022 15:05:12,0.5,28.21,42.9,25.06
09/06/2022 15:05:13,0.5,28.22,42.91,25.11
09/06/2022 15:05:14,0.5,28.23,42.92,25.16
09/06/2022 15:05:15,0.5,28.24,42.93,25.2
09/06/2022 15:05:16,0.5,28.25,42.94,25.25
09/06/2022 15:05:17,0.5,28.26,42.95,25.3
09/06/2022 15:05:18,0.5,28.27,42.96,25.34
09/06/2022 15:05:19,0.5,28.28,42.97,25.39
09/06/2022 15:05:20,0.5,28.29,42.98,25.44
09/06/2022 15:05:21,0.5,28.3,42.99,25.48
09/06/2022 15:05:22,0.5,28.31,43,25.52
09/06/2022 15:05:23,0.5,28.32,43.01,25.57
09/06/2022 15:05:24,0.5,28.33,43.02,25.61
09/06/2022 15:05:25,0.5,28.34,43.03,25.65
09/06/2022 15:05:26,0.5,28.35,43.04,25.69
09/06/2022 15:05:27,0.5,28.36,43.05,25.73
09/06/2022 15:05:28,0.5,28.37,43.06,25.77
09/06/2022 15:05:29,0.5,28.38,43.07,25.81
09/06/2022 15:05:30,0.5,28.39,43.08,25.85
09/06/2022 15:05:31,0.5,28.4,43.09,25.89
09/06/2022 15:05:32,0.5,28.41,43.1,25.93
09/06/2022 15:05:33,0.5,28.42,43.11,25.97
09/06/2022 15:05:34,0.5,28.43,43.12,26
09/06/2022 15:05:35,0.5,28.44,43.13,26.04
09/06/2022 15:05:36,0.5,28.45,43.14,26.07
09/06/2022 15:05:37,0.5,28.47,43.15,26.11
09/06/2022 15:05:38,0.5,28.48,43.16,26.15
09/06/2022 15:05:39,0.5,28.49,43.17,26.18
09/06/2022 15:05:40,0.5,28.5,43.18,26.21
09/06/2022 15:05:41,0.5,28.51,43.19,26.25
09/06/2022 15:05:42,0.5,28.52,43.2,26.28
09/06/2022 15:05:43,0.5,28.53,43.21,26.31
09/06/2022 15:05:44,0.5,28.54,43.22,26.35
09/06/2022 15:05:45,0.5,28.55,43.23,26.38
09/06/2022 15:05:46,0.5,28.56,43.24,26.41
09/06/2022 15:05:47,0.5,28.57,43.25,26.44
09/06/2022 15:05:48,0.5,28.58,43.26,26.47
09/06/2022 15:05:49,0.5,28.59,43.27,26.5
09/06/2022 15:05:50,0.5,28.6,43.28,26.53
09/06/2022 15:05:51,0.5,28.61,43.29,26.56
09/06/2022 15:05:52,0.5,28.63,43.3,26.59
09/06/2022 15:05:53,0.5,28.64,43.31,26.62
09/06/2022 15:05:54,0.5,28.65,43.32,26.64
09/06/2022 15:05:55,0.5,28.66,43.33,26.64
09/06/2022 15:05:56,0.5,28.67,43.34,26.63
09/06/2022 15:05:57,0.5,28.68,43.35,26.62
09/06/2022 15:05:58,0.5,28.7,43.36,26.61
09/06/2022 15:05:59,0.5,28.71,43.37,26.6
09/06/2022 15:06:00,0.5,28.72,43.38,26.59
09/06/2022 15:06:01,0.5,28.74,43.39,26.58
09/06/2022 15:06:02,0.5,28.75,43.4,26.58
09/06/2022 15:06:03,0.5,28.76,43.41,26.57
09/06/2022 15:06:04,0.5,28.77,43.42,26.56
09/06/2022 15:06:05,0.5,28.78,43.43,26.55
09/06/2022 15:06:06,0.5,28.8,43.44,26.54
09/06/2022 15:06:07,0.5,28.81,43.45,26.53
09/06/2022 15:06:08,0.5,28.82,43.46,26.53
09/06/2022 15:06:09,0.5,28.83,43.47,26.52
09/06/2022 15:06:10,0.5,28.85,43.48,26.51
09/06/2022 15:06:11,0.5,28.86,43.49,26.5
09/06/2022 15:06:12,0.5,28.87,43.5,26.49
09/06/2022 15:06:13,0.5,28.88,43.51,26.49
09/06/2022 15:06:14,0.5,28.9,43.52,26.48
09/06/2022 15:06:15,0.5,28.91,43.53,26.47
09/06/2022 15:06:16,0.5,28.92,43.54,26.46
09/06/2022 15:06:17,0.5,28.93,43.55,26.45
09/06/2022 15:06:18,0.5,28.95,43.56,26.44
09/06/2022 15:06:19,0.5,28.96,43.57,26.43
09/06/2022 15:06:20,0.5,28.97,43.58,26.43
09/06/2022 15:06:21,0.5,28.98,43.58,26.42
09/06/2022 15:06:22,0.5,29,43.6,26.41
09/06/2022 15:06:23,0.5,29.01,43.6,26.4
09/06/2022 15:06:24,0.5,29.02,43.62,26.39
09/06/2022 15:06:25,0.5,29.03,43.62,26.39
09/06/2022 15:06:26,0.5,29.05,43.63,26.38
09/06/2022 15:06:27,0.5,29.06,43.65,26.37
09/06/2022 15:06:28,0.5,29.07,43.65,26.36
09/06/2022 15:06:29,0.5,29.08,43.67,26.35
09/06/2022 15:06:30,0.5,29.09,43.67,26.34
09/06/2022 15:06:31,0.5,29.11,43.69,26.33
09/06/2022 15:06:32,0.5,29.12,43.69,26.33
09/06/2022 15:06:33,0.5,29.13,43.7,26.32
09/06/2022 15:06:34,0.5,29.15,43.71,26.31
09/06/2022 15:06:35,0.5,29.16,43.72,26.3
09/06/2022 15:06:36,0.5,29.17,43.73,26.29
09/06/2022 15:06:37,0.5,29.18,43.74,26.28
09/06/2022 15:06:38,0.5,29.19,43.75,26.28
09/06/2022 15:06:39,0.5,29.21,43.76,26.27
09/06/2022 15:06:40,0.5,29.22,43.77,26.26
09/06/2022 15:06:41,0.5,29.23,43.78,26.25
09/06/2022 15:06:42,0.5,29.24,43.79,26.24
09/06/2022 15:06:43,0.5,29.26,43.8,26.24
09/06/2022 15:06:44,0.5,29.27,43.81,26.23
09/06/2022 15:06:45,0.5,29.28,43.82,26.22
09/06/2022 15:06:46,0.5,29.29,43.83,26.21
09/06/2022 15:06:47,0.5,29.31,43.84,26.2
09/06/2022 15:06:48,0.5,29.32,43.85,26.19
09/06/2022 15:06:49,0.5,29.33,43.86,26.18
09/06/2022 15:06:50,0.5,29.34,43.87,26.18
09/06/2022 15:06:51,0.5,29.35,43.88,26.17
09/06/2022 15:06:52,0.5,29.37,43.89,26.16
09/06/2022 15:06:53,0.5,29.38,43.9,26.15
09/06/2022 15:06:54,0.5,29.39,43.91,26.14
09/06/2022 15:06:55,0.5,29.4,43.92,26.14
09/06/2022 15:06:56,0.5,29.42,43.93,26.13
09/06/2022 15:06:57,0.5,29.43,43.94,26.12
09/06/2022 15:06:58,0.5,29.44,43.95,26.11
09/06/2022 15:06:59,0.5,29.45,43.96,26.1
09/06/2022 15:07:00,0.5,29.47,43.97,26.09
09/06/2022 15:07:01,0.5,29.48,43.98,26.08
09/06/2022 15:07:02,0.5,29.49,43.99,26.08
09/06/2022 15:07:03,0.5,29.5,44,26.07
09/06/2022 15:07:04,0.5,29.51,44.01,26.06
09/06/2022 15:07:05,0.5,29.53,44.02,26.05
09/06/2022 15:07:06,0.5,29.54,44.03,26.04
09/06/2022 15:07:07,0.5,29.55,44.04,26.03
09/06/2022 15:07:08,0.5,29.57,44.05,26.03
09/06/2022 15:07:09,0.5,29.58,44.06,26.02
09/06/2022 15:07:10,0.5,29.59,44.07,26.01
09/06/2022 15:07:11,0.5,29.6,44.08,26
09/06/2022 15:07:12,0.5,29.61,44.09,25.99
09/06/2022 15:07:13,0.5,29.63,44.1,25.99
09/06/2022 15:07:14,0.5,29.64,44.11,25.98
09/06/2022 15:07:15,0.5,29.65,44.12,25.97
09/06/2022 15:07:16,0.5,29.66,44.13,25.96
09/06/2022 15:07:17,0.5,29.67,44.14,25.95
09/06/2022 15:07:18,0.5,29.69,44.15,25.94
09/06/2022 15:07:19,0.5,29.7,44.16,25.93
09/06/2022 15:07:20,0.5,29.71,44.17,25.93
09/06/2022 15:07:21,0.5,29.72,44.18,25.92
09/06/2022 15:07:22,0.5,29.74,44.19,25.91
09/06/2022 15:07:23,0.5,29.75,44.2,25.9
09/06/2022 15:07:24,0.5,29.76,44.21,25.89
09/06/2022 15:07:25,0.5,29.77,44.22,25.89
09/06/2022 15:07:26,0.5,29.79,44.23,25.88
09/06/2022 15:07:27,0.5,29.8,44.24,25.87
09/06/2022 15:07:28,0.5,29.81,44.25,25.86
09/06/2022 15:07:29,0.5,29.82,44.26,25.85
09/06/2022 15:07:30,0.5,29.83,44.27,25.84
09/06/2022 15:07:31,0.5,29.85,44.28,25.83
09/06/2022 15:07:32,0.5,29.86,44.29,25.83
09/06/2022 15:07:33,0.5,29.87,44.3,25.82
09/06/2022 15:07:34,0.5,29.88,44.31,25.81
09/06/2022 15:07:35,0.5,29.9,44.32,25.8
09/06/2022 15:07:41,0.5,29.97,44.38,25.75
09/06/2022 15:07:42,0.5,29.99,44.39,25.74
09/06/2022 15:07:43,0.5,30,44.4,25.73
09/06/2022 15:07:44,0.5,30.01,44.41,25.73
09/06/2022 15:07:45,0.5,30.02,44.42,25.72
09/06/2022 15:07:46,0.5,30.03,44.43,25.71
09/06/2022 15:07:47,0.5,30.05,44.44,25.7
09/06/2022 15:07:48,0.5,30.06,44.45,25.69
09/06/2022 15:07:49,0.5,30.07,44.46,25.68
09/06/2022 15:07:50,0.5,30.08,44.47,25.67
09/06/2022 15:07:51,0.5,30.1,44.48,25.67
09/06/2022 15:07:52,0.5,30.11,44.49,25.66
09/06/2022 15:07:53,0.5,30.12,44.5,25.65
09/06/2022 15:07:54,0.5,30.13,44.51,25.64
09/06/2022 15:07:55,0.5,30.14,44.52,25.63
09/06/2022 15:07:56,0.5,30.16,44.53,25.62
09/06/2022 15:07:57,0.5,30.17,44.54,25.62
09/06/2022 15:07:58,0.5,30.18,44.55,25.61
09/06/2022 15:07:59,0.5,30.19,44.56,25.6
09/06/2022 15:08:00,0.5,30.21,44.57,25.59
09/06/2022 15:08:01,0.5,30.22,44.58,25.58
09/06/2022 15:08:02,0.5,30.23,44.59,25.58
09/06/2022 15:08:03,0.5,30.24,44.6,25.57
09/06/2022 15:08:04,0.5,30.25,44.61,25.56
09/06/2022 15:08:05,0.5,30.27,44.62,25.55
09/06/2022 15:08:06,0.5,30.28,44.63,25.54
09/06/2022 15:08:07,0.5,30.29,44.64,25.53
09/06/2022 15:08:08,0.5,30.3,44.65,25.52
09/06/2022 15:08:09,0.5,30.32,44.66,25.52
09/06/2022 15:08:10,0.5,30.33,44.67,25.51
09/06/2022 15:08:11,0.5,30.34,44.68,25.5
09/06/2022 15:08:12,0.5,30.35,44.69,25.49
09/06/2022 15:08:13,0.5,30.36,44.7,25.48
09/06/2022 15:08:14,0.5,30.38,44.71,25.48
09/06/2022 15:08:15,0.5,30.39,44.72,25.47
09/06/2022 15:08:16,0.5,30.4,44.73,25.46
09/06/2022 15:08:17,0.5,30.41,44.74,25.45
09/06/2022 15:08:18,0.5,30.42,44.75,25.44
09/06/2022 15:08:19,0.5,30.44,44.76,25.45
09/06/2022 15:08:20,0.5,30.44,44.78,25.54
09/06/2022 15:08:21,0.5,30.45,44.78,25.62
09/06/2022 15:08:22,0.5,30.46,44.79,25.7
09/06/2022 15:08:23,0.5,30.47,44.81,25.78
09/06/2022 15:08:24,0.5,30.48,44.81,25.86
09/06/2022 15:08:25,0.5,30.49,44.83,25.93
09/06/2022 15:08:26,0.5,30.49,44.83,26.01
09/06/2022 15:08:27,0.5,30.5,44.85,26.08
09/06/2022 15:08:28,0.5,30.51,44.85,26.15
09/06/2022 15:08:29,0.5,30.52,44.87,26.23
09/06/2022 15:08:30,0.5,30.53,44.88,26.3
09/06/2022 15:08:31,0.5,30.54,44.88,26.37
09/06/2022 15:08:32,0.5,30.55,44.9,26.44
09/06/2022 15:08:33,0.5,30.56,44.9,26.5
09/06/2022 15:08:34,0.5,30.56,44.92,26.57
09/06/2022 15:08:35,0.5,30.57,44.92,26.63
09/06/2022 15:08:36,0.5,30.58,44.94,26.7
09/06/2022 15:08:37,0.5,30.59,44.94,26.76
09/06/2022 15:08:38,0.5,30.6,44.96,26.82
09/06/2022 15:08:39,0.5,30.61,44.97,26.88
09/06/2022 15:08:40,0.5,30.62,44.97,26.94
09/06/2022 15:08:41,0.5,30.63,44.99,27
09/06/2022 15:08:42,0.5,30.64,44.99,27.06
09/06/2022 15:08:43,0.5,30.65,45.01,27.12
09/06/2022 15:08:44,0.5,30.66,45.01,27.18
09/06/2022 15:08:45,0.5,30.66,45.03,27.23
09/06/2022 15:08:46,0.5,30.67,45.03,27.29
09/06/2022 15:08:47,0.5,30.68,45.04,27.34
09/06/2022 15:08:48,0.5,30.69,45.06,27.39
09/06/2022 15:08:49,0.5,30.7,45.06,27.44
09/06/2022 15:08:50,0.5,30.71,45.08,27.5
09/06/2022 15:08:51,0.5,30.72,45.08,27.55
09/06/2022 15:08:52,0.5,30.73,45.1,27.6
09/06/2022 15:08:53,0.5,30.74,45.1,27.65
09/06/2022 15:08:54,0.5,30.75,45.12,27.7
09/06/2022 15:08:55,0.5,30.76,45.12,27.74
09/06/2022 15:08:56,0.5,30.77,45.13,27.79
09/06/2022 15:08:57,0.5,30.78,45.15,27.84
09/06/2022 15:08:58,0.5,30.79,45.15,27.88
09/06/2022 15:08:59,0.5,30.8,45.17,27.93
09/06/2022 15:09:00,0.5,30.81,45.17,27.97
09/06/2022 15:09:01,0.5,30.82,45.19,28.02
09/06/2022 15:09:02,0.5,30.83,45.19,28.06
09/06/2022 15:09:03,0.5,30.84,45.21,28.1
09/06/2022 15:09:04,0.5,30.85,45.22,28.14
09/06/2022 15:09:05,0.5,30.86,45.23,28.19
09/06/2022 15:09:06,0.5,30.87,45.24,28.23
09/06/2022 15:09:07,0.5,30.88,45.24,28.27
09/06/2022 15:09:08,0.5,30.89,45.26,28.31
09/06/2022 15:09:09,0.5,30.9,45.27,28.35
09/06/2022 15:09:10,0.5,30.91,45.28,28.39
09/06/2022 15:09:11,0.5,30.92,45.29,28.42
09/06/2022 15:09:12,0.5,30.93,45.3,28.46
09/06/2022 15:09:13,0.5,30.94,45.31,28.5
09/06/2022 15:09:14,0.5,30.95,45.32,28.53
09/06/2022 15:09:15,0.5,30.96,45.33,28.57
09/06/2022 15:09:16,0.5,30.97,45.33,28.61
09/06/2022 15:09:17,0.5,30.98,45.35,28.64
09/06/2022 15:09:18,0.5,30.99,45.36,28.68
09/06/2022 15:09:19,0.5,31,45.37,28.71
09/06/2022 15:09:20,0.5,31.01,45.38,28.75
09/06/2022 15:09:21,0.5,31.02,45.39,28.78
09/06/2022 15:09:22,0.5,31.03,45.4,28.81
09/06/2022 15:09:23,0.5,31.04,45.41,28.84
09/06/2022 15:09:24,0.5,31.05,45.42,28.88
09/06/2022 15:09:25,0.5,31.06,45.43,28.91
09/06/2022 15:09:26,0.5,31.07,45.44,28.94
09/06/2022 15:09:27,0.5,31.08,45.45,28.97
09/06/2022 15:09:28,0.5,31.09,45.46,29
09/06/2022 15:09:29,0.5,31.1,45.47,29.03
09/06/2022 15:09:30,0.5,31.11,45.48,29.06
09/06/2022 15:09:31,0.5,31.12,45.49,29.09
09/06/2022 15:09:32,0.5,31.14,45.5,29.12
09/06/2022 15:09:33,0.5,31.15,45.51,29.15
09/06/2022 15:09:34,0.5,31.16,45.52,29.14
09/06/2022 15:09:35,0.5,31.17,45.53,29.13
09/06/2022 15:09:36,0.5,31.18,45.54,29.12
09/06/2022 15:09:37,0.5,31.19,45.55,29.11
09/06/2022 15:09:38,0.5,31.21,45.56,29.1
09/06/2022 15:09:39,0.5,31.22,45.57,29.09
09/06/2022 15:09:40,0.5,31.23,45.58,29.09
09/06/2022 15:09:41,0.5,31.24,45.59,29.08
09/06/2022 15:09:42,0.5,31.26,45.6,29.07
09/06/2022 15:09:43,0.5,31.27,45.61,29.06
09/06/2022 15:09:44,0.5,31.28,45.62,29.05
09/06/2022 15:09:45,0.5,31.29,45.63,29.05
09/06/2022 15:09:46,0.5,31.31,45.64,29.04
09/06/2022 15:09:47,0.5,31.32,45.65,29.03
09/06/2022 15:09:48,0.5,31.33,45.66,29.02
09/06/2022 15:09:49,0.5,31.34,45.67,29.01
09/06/2022 15:09:50,0.5,31.35,45.68,29
09/06/2022 15:09:51,0.5,31.37,45.69,29
09/06/2022 15:09:52,0.5,31.38,45.7,28.99
09/06/2022 15:09:53,0.5,31.39,45.71,28.98
09/06/2022 15:09:54,0.5,31.4,45.72,28.97
09/06/2022 15:09:55,0.5,31.41,45.73,28.96
09/06/2022 15:09:56,0.5,31.43,45.74,28.95
09/06/2022 15:09:57,0.5,31.44,45.75,28.94
09/06/2022 15:09:58,0.5,31.45,45.76,28.94
09/06/2022 15:09:59,0.5,31.46,45.77,28.93
09/06/2022 15:10:00,0.5,31.48,45.78,28.92
09/06/2022 15:10:01,0.5,31.49,45.79,28.91
09/06/2022 15:10:02,0.5,31.5,45.8,28.9
09/06/2022 15:10:03,0.5,31.51,45.81,28.9
09/06/2022 15:10:04,0.5,31.52,45.82,28.89
09/06/2022 15:10:05,0.5,31.54,45.83,28.88
09/06/2022 15:10:06,0.5,31.55,45.84,28.87
09/06/2022 15:10:07,0.5,31.56,45.85,28.86
09/06/2022 15:10:08,0.5,31.57,45.86,28.85
09/06/2022 15:10:09,0.5,31.58,45.87,28.84
09/06/2022 15:10:10,0.5,31.6,45.88,28.84
09/06/2022 15:10:11,0.5,31.61,45.89,28.83
09/06/2022 15:10:12,0.5,31.62,45.9,28.82
09/06/2022 15:10:13,0.5,31.63,45.91,28.81
09/06/2022 15:10:14,0.5,31.65,45.92,28.8
09/06/2022 15:10:15,0.5,31.66,45.93,28.8
09/06/2022 15:10:16,0.5,31.67,45.94,28.79
09/06/2022 15:10:17,0.5,31.68,45.95,28.78
09/06/2022 15:10:18,0.5,31.69,45.96,28.77
09/06/2022 15:10:19,0.5,31.71,45.97,28.76
09/06/2022 15:10:20,0.5,31.72,45.98,28.75
09/06/2022 15:10:21,0.5,31.73,45.99,28.75
09/06/2022 15:10:22,0.5,31.74,46,28.74
09/06/2022 15:10:23,0.5,31.75,46.01,28.73
09/06/2022 15:10:24,0.5,31.77,46.02,28.72
09/06/2022 15:10:25,0.5,31.78,46.03,28.71
09/06/2022 15:10:26,0.5,31.79,46.04,28.7
09/06/2022 15:10:27,0.5,31.8,46.05,28.69
09/06/2022 15:10:28,0.5,31.82,46.06,28.69
09/06/2022 15:10:29,0.5,31.83,46.07,28.68
09/06/2022 15:10:30,0.5,31.84,46.08,28.67
09/06/2022 15:10:31,0.5,31.85,46.09,28.66
09/06/2022 15:10:32,0.5,31.86,46.1,28.65
09/06/2022 15:10:33,0.5,31.88,46.11,28.65
09/06/2022 15:10:34,0.5,31.89,46.12,28.64
09/06/2022 15:10:35,0.5,31.9,46.13,28.63
09/06/2022 15:10:36,0.5,31.91,46.14,28.62
09/06/2022 15:10:37,0.5,31.92,46.15,28.61
09/06/2022 15:10:38,0.5,31.94,46.16,28.6
09/06/2022 15:10:39,0.5,31.95,46.17,28.59
09/06/2022 15:10:40,0.5,31.96,46.18,28.59
09/06/2022 15:10:41,0.5,31.97,46.19,28.58
09/06/2022 15:10:42,0.5,31.99,46.2,28.57
09/06/2022 15:10:43,0.5,32,46.21,28.56
09/06/2022 15:10:44,0.5,32.01,46.22,28.55
09/06/2022 15:10:45,0.5,32.02,46.23,28.55
09/06/2022 15:10:46,0.5,32.03,46.24,28.54
09/06/2022 15:10:47,0.5,32.04,46.25,28.53
09/06/2022 15:10:48,0.5,32.06,46.26,28.52
09/06/2022 15:10:49,0.5,32.07,46.27,28.51
09/06/2022 15:10:50,0.5,32.08,46.28,28.5
09/06/2022 15:10:51,0.5,32.09,46.29,28.5
09/06/2022 15:10:52,0.5,32.1,46.3,28.49
09/06/2022 15:10:53,0.5,32.12,46.31,28.48
09/06/2022 15:10:54,0.5,32.13,46.32,28.47
09/06/2022 15:10:55,0.5,32.14,46.33,28.46
09/06/2022 15:10:56,0.5,32.15,46.34,28.45
09/06/2022 15:10:57,0.5,32.17,46.35,28.44
09/06/2022 15:10:58,0.5,32.18,46.36,28.44
09/06/2022 15:10:59,0.5,32.19,46.37,28.43
09/06/2022 15:11:00,0.5,32.2,46.38,28.42
09/06/2022 15:11:01,0.5,32.21,46.39,28.41
09/06/2022 15:11:02,0.5,32.23,46.4,28.4
09/06/2022 15:11:03,0.5,32.24,46.41,28.4
09/06/2022 15:11:04,0.5,32.25,46.42,28.39
09/06/2022 15:11:05,0.5,32.26,46.43,28.38
09/06/2022 15:11:06,0.5,32.27,46.44,28.37
09/06/2022 15:11:07,0.5,32.29,46.45,28.36
09/06/2022 15:11:08,0.5,32.3,46.46,28.35
09/06/2022 15:11:09,0.5,32.31,46.47,28.34
09/06/2022 15:11:10,0.5,32.32,46.48,28.34
09/06/2022 15:11:11,0.5,32.33,46.49,28.33
09/06/2022 15:11:12,0.5,32.35,46.5,28.32
09/06/2022 15:11:13,0.5,32.36,46.51,28.31
09/06/2022 15:11:14,0.5,32.37,46.52,28.3
09/06/2022 15:11:15,0.5,32.38,46.53,28.3
09/06/2022 15:11:16,0.5,32.4,46.54,28.29
09/06/2022 15:11:17,0.5,32.41,46.55,28.28
09/06/2022 15:11:18,0.5,32.42,46.56,28.27
09/06/2022 15:11:19,0.5,32.43,46.57,28.26
09/06/2022 15:11:20,0.5,32.44,46.58,28.25
09/06/2022 15:11:21,0.5,32.46,46.59,28.25
09/06/2022 15:11:22,0.5,32.47,46.6,28.24
09/06/2022 15:11:23,0.5,32.48,46.61,28.23
09/06/2022 15:11:24,0.5,32.49,46.62,28.22
09/06/2022 15:11:25,0.5,32.5,46.63,28.21
09/06/2022 15:11:26,0.5,32.51,46.64,28.2
09/06/2022 15:11:27,0.5,32.53,46.65,28.19
09/06/2022 15:11:28,0.5,32.54,46.66,28.19
09/06/2022 15:11:29,0.5,32.55,46.67,28.18
09/06/2022 15:11:30,0.5,32.56,46.69,28.17
09/06/2022 15:11:31,0.5,32.58,46.69,28.16
09/06/2022 15:11:32,0.5,32.59,46.71,28.15
09/06/2022 15:11:33,0.5,32.6,46.72,28.15
09/06/2022 15:11:34,0.5,32.61,46.72,28.14
09/06/2022 15:11:35,0.5,32.62,46.74,28.13
09/06/2022 15:11:36,0.5,32.63,46.74,28.12
09/06/2022 15:11:37,0.5,32.65,46.76,28.11
09/06/2022 15:11:38,0.5,32.66,46.77,28.1
09/06/2022 15:11:39,0.5,32.67,46.78,28.09
09/06/2022 15:11:40,0.5,32.68,46.79,28.09
09/06/2022 15:11:41,0.5,32.69,46.8,28.08
09/06/2022 15:11:42,0.5,32.71,46.81,28.07
09/06/2022 15:11:43,0.5,32.72,46.82,28.06
09/06/2022 15:11:44,0.5,32.73,46.83,28.05
09/06/2022 15:11:45,0.5,32.74,46.84,28.05
09/06/2022 15:11:46,0.5,32.76,46.85,28.04
09/06/2022 15:11:47,0.5,32.77,46.86,28.03
09/06/2022 15:11:48,0.5,32.78,46.87,28.02
09/06/2022 15:11:49,0.5,32.79,46.88,28.01
09/06/2022 15:11:50,0.5,32.8,46.89,28
09/06/2022 15:11:51,0.5,32.81,46.9,28
09/06/2022 15:11:52,0.5,32.83,46.91,27.99
09/06/2022 15:11:53,0.5,32.84,46.92,27.98
09/06/2022 15:11:54,0.5,32.85,46.93,27.97
09/06/2022 15:11:55,0.5,32.86,46.94,27.96
09/06/2022 15:11:56,0.5,32.88,46.95,27.95
09/06/2022 15:11:57,0.5,32.89,46.96,27.94
09/06/2022 15:11:58,0.5,32.9,46.97,27.94
09/06/2022 15:11:59,0.5,32.91,46.98,27.93
09/06/2022 15:12:00,0.5,32.92,46.99,27.94
09/06/2022 15:12:01,0.5,32.93,47,28.02
09/06/2022 15:12:02,0.5,32.94,47.01,28.1
09/06/2022 15:12:03,0.5,32.95,47.02,28.18
09/06/2022 15:12:04,0.5,32.95,47.03,28.26
09/06/2022 15:12:05,0.5,32.96,47.04,28.34
09/06/2022 15:12:06,0.5,32.97,47.05,28.42
09/06/2022 15:12:07,0.5,32.98,47.06,28.49
09/06/2022 15:12:08,0.5,32.99,47.07,28.57
09/06/2022 15:12:09,0.5,32.99,47.08,28.64
09/06/2022 15:12:10,0.5,33,47.09,28.71
09/06/2022 15:12:11,0.5,33.01,47.1,28.78
09/06/2022 15:12:12,0.5,33.02,47.11,28.85
09/06/2022 15:12:13,0.5,33.03,47.12,28.92
09/06/2022 15:12:14,0.5,33.04,47.13,28.99
09/06/2022 15:12:15,0.5,33.05,47.14,29.05
09/06/2022 15:12:16,0.5,33.06,47.15,29.12
09/06/2022 15:12:17,0.5,33.06,47.16,29.18
09/06/2022 15:12:18,0.5,33.07,47.17,29.24
09/06/2022 15:12:19,0.5,33.08,47.18,29.31
09/06/2022 15:12:20,0.5,33.09,47.19,29.37
09/06/2022 15:12:21,0.5,33.1,47.2,29.43
09/06/2022 15:12:22,0.5,33.11,47.21,29.49
09/06/2022 15:12:23,0.5,33.12,47.22,29.55
09/06/2022 15:12:24,0.5,33.13,47.23,29.6
09/06/2022 15:12:25,0.5,33.13,47.24,29.66
09/06/2022 15:12:26,0.5,33.14,47.25,29.72
09/06/2022 15:12:27,0.5,33.15,47.26,29.77
09/06/2022 15:12:28,0.5,33.16,47.27,29.82
09/06/2022 15:12:29,0.5,33.17,47.28,29.88
09/06/2022 15:12:30,0.5,33.18,47.29,29.93
09/06/2022 15:12:31,0.5,33.19,47.3,29.98
09/06/2022 15:12:32,0.5,33.2,47.31,30.03
09/06/2022 15:12:33,0.5,33.21,47.32,30.08
09/06/2022 15:12:34,0.5,33.22,47.33,30.13
09/06/2022 15:12:35,0.5,33.23,47.34,30.18
09/06/2022 15:12:36,0.5,33.24,47.35,30.23
09/06/2022 15:12:37,0.5,33.25,47.36,30.27
09/06/2022 15:12:38,0.5,33.26,47.37,30.32
09/06/2022 15:12:39,0.5,33.27,47.38,30.36
09/06/2022 15:12:40,0.5,33.28,47.39,30.41
09/06/2022 15:12:41,0.5,33.28,47.4,30.45
09/06/2022 15:12:42,0.5,33.29,47.42,30.5
09/06/2022 15:12:43,0.5,33.3,47.42,30.54
09/06/2022 15:12:44,0.5,33.31,47.44,30.58
09/06/2022 15:12:45,0.5,33.32,47.44,30.63
09/06/2022 15:12:46,0.5,33.33,47.46,30.67
09/06/2022 15:12:47,0.5,33.34,47.47,30.71
09/06/2022 15:12:48,0.5,33.35,47.48,30.75
09/06/2022 15:12:49,0.5,33.36,47.49,30.79
09/06/2022 15:12:50,0.5,33.37,47.5,30.83
09/06/2022 15:12:51,0.5,33.38,47.51,30.87
09/06/2022 15:12:52,0.5,33.39,47.52,30.9
09/06/2022 15:12:53,0.5,33.4,47.53,30.94
09/06/2022 15:12:54,0.5,33.41,47.54,30.98
09/06/2022 15:12:55,0.5,33.42,47.55,31.01
09/06/2022 15:12:56,0.5,33.43,47.56,31.05
09/06/2022 15:12:57,0.5,33.44,47.57,31.09
09/06/2022 15:12:58,0.5,33.45,47.58,31.12
09/06/2022 15:12:59,0.5,33.46,47.59,31.16
09/06/2022 15:13:00,0.5,33.47,47.6,31.19
09/06/2022 15:13:01,0.5,33.48,47.61,31.22
09/06/2022 15:13:02,0.5,33.49,47.62,31.26
09/06/2022 15:13:03,0.5,33.5,47.63,31.29
09/06/2022 15:13:04,0.5,33.51,47.64,31.32
09/06/2022 15:13:05,0.5,33.52,47.65,31.35
09/06/2022 15:13:06,0.5,33.53,47.66,31.39
09/06/2022 15:13:07,0.5,33.54,47.67,31.42
09/06/2022 15:13:08,0.5,33.56,47.68,31.45
09/06/2022 15:13:09,0.5,33.56,47.69,31.48
09/06/2022 15:13:10,0.5,33.58,47.7,31.51
09/06/2022 15:13:11,0.5,33.59,47.71,31.54
09/06/2022 15:13:12,0.5,33.6,47.72,31.57
09/06/2022 15:13:13,0.5,33.61,47.73,31.6
09/06/2022 15:13:14,0.5,33.62,47.74,31.61
09/06/2022 15:13:15,0.5,33.63,47.75,31.6
09/06/2022 15:13:16,0.5,33.64,47.76,31.59
09/06/2022 15:13:17,0.5,33.65,47.77,31.58
09/06/2022 15:13:18,0.5,33.67,47.78,31.57
09/06/2022 15:13:19,0.5,33.68,47.79,31.57
09/06/2022 15:13:20,0.5,33.69,47.8,31.56
09/06/2022 15:13:21,0.5,33.7,47.81,31.55
09/06/2022 15:13:22,0.5,33.71,47.82,31.54
09/06/2022 15:13:23,0.5,33.73,47.83,31.53
09/06/2022 15:13:24,0.5,33.74,47.84,31.52
09/06/2022 15:13:25,0.5,33.75,47.85,31.51
09/06/2022 15:13:26,0.5,33.76,47.86,31.51
09/06/2022 15:13:27,0.5,33.77,47.87,31.5
09/06/2022 15:13:28,0.5,33.78,47.88,31.49
09/06/2022 15:13:29,0.5,33.8,47.89,31.48
09/06/2022 15:13:30,0.5,33.81,47.9,31.47
09/06/2022 15:13:31,0.5,33.82,47.91,31.47
09/06/2022 15:13:32,0.5,33.83,47.92,31.46
09/06/2022 15:13:33,0.5,33.85,47.93,31.45
09/06/2022 15:13:34,0.5,33.86,47.94,31.44
09/06/2022 15:13:35,0.5,33.87,47.95,31.43
09/06/2022 15:13:36,0.5,33.88,47.96,31.42
09/06/2022 15:13:37,0.5,33.89,47.97,31.42
09/06/2022 15:13:38,0.5,33.9,47.98,31.41
09/06/2022 15:13:39,0.5,33.92,47.99,31.4
09/06/2022 15:13:40,0.5,33.93,48,31.39
09/06/2022 15:13:41,0.5,33.94,48.01,31.38
09/06/2022 15:13:42,0.5,33.95,48.02,31.37
09/06/2022 15:13:43,0.5,33.97,48.03,31.36
09/06/2022 15:13:44,0.5,33.98,48.04,31.36
09/06/2022 15:13:45,0.5,33.99,48.05,31.35
09/06/2022 15:13:46,0.5,34,48.06,31.34
09/06/2022 15:13:47,0.5,34.01,48.07,31.33
09/06/2022 15:13:48,0.5,34.03,48.08,31.32
09/06/2022 15:13:49,0.5,34.04,48.09,31.32
09/06/2022 15:13:50,0.5,34.05,48.1,31.31
09/06/2022 15:13:51,0.5,34.06,48.11,31.3
09/06/2022 15:13:52,0.5,34.07,48.12,31.29
09/06/2022 15:13:53,0.5,34.08,48.13,31.28
09/06/2022 15:13:54,0.5,34.1,48.15,31.27
09/06/2022 15:13:55,0.5,34.11,48.15,31.26
09/06/2022 15:13:56,0.5,34.12,48.17,31.26
09/06/2022 15:13:57,0.5,34.13,48.17,31.25
09/06/2022 15:13:58,0.5,34.14,48.19,31.24
09/06/2022 15:13:59,0.5,34.16,48.2,31.23
09/06/2022 15:14:00,0.5,34.17,48.21,31.22
09/06/2022 15:14:01,0.5,34.18,48.22,31.22
09/06/2022 15:14:02,0.5,34.19,48.23,31.21
09/06/2022 15:14:03,0.5,34.2,48.24,31.2
09/06/2022 15:14:04,0.5,34.22,48.25,31.19
09/06/2022 15:14:05,0.5,34.23,48.26,31.18
09/06/2022 15:14:06,0.5,34.24,48.27,31.17
09/06/2022 15:14:07,0.5,34.25,48.28,31.17
09/06/2022 15:14:08,0.5,34.26,48.29,31.16
09/06/2022 15:14:09,0.5,34.28,48.3,31.15
09/06/2022 15:14:10,0.5,34.29,48.31,31.14
09/06/2022 15:14:11,0.5,34.3,48.32,31.13
09/06/2022 15:14:12,0.5,34.31,48.33,31.12
09/06/2022 15:14:13,0.5,34.32,48.34,31.11
09/06/2022 15:14:14,0.5,34.34,48.35,31.11
09/06/2022 15:14:15,0.5,34.35,48.36,31.1
09/06/2022 15:14:16,0.5,34.36,48.37,31.09
09/06/2022 15:14:17,0.5,34.37,48.38,31.08
09/06/2022 15:14:18,0.5,34.38,48.39,31.07
09/06/2022 15:14:19,0.5,34.4,48.4,31.07
09/06/2022 15:14:20,0.5,34.41,48.41,31.06
09/06/2022 15:14:21,0.5,34.42,48.42,31.05
09/06/2022 15:14:22,0.5,34.43,48.43,31.04
09/06/2022 15:14:23,0.5,34.44,48.44,31.03
09/06/2022 15:14:24,0.5,34.46,48.45,31.02
09/06/2022 15:14:25,0.5,34.47,48.46,31.01
09/06/2022 15:14:26,0.5,34.48,48.47,31.01
09/06/2022 15:14:27,0.5,34.49,48.48,31
09/06/2022 15:14:28,0.5,34.5,48.49,30.99
09/06/2022 15:14:29,0.5,34.51,48.5,30.98
09/06/2022 15:14:30,0.5,34.53,48.51,30.97
09/06/2022 15:14:31,0.5,34.54,48.52,30.97
09/06/2022 15:14:32,0.5,34.55,48.53,30.96
09/06/2022 15:14:33,0.5,34.56,48.54,30.95
09/06/2022 15:14:34,0.5,34.57,48.55,30.94
09/06/2022 15:14:35,0.5,34.59,48.56,30.93
09/06/2022 15:14:36,0.5,34.6,48.57,30.92
09/06/2022 15:14:37,0.5,34.61,48.58,30.92
09/06/2022 15:14:38,0.5,34.62,48.59,30.91
09/06/2022 15:14:39,0.5,34.63,48.6,30.9
09/06/2022 15:14:40,0.5,34.65,48.61,30.89
09/06/2022 15:14:41,0.5,34.66,48.62,30.88
09/06/2022 15:14:42,0.5,34.67,48.63,30.87
09/06/2022 15:14:43,0.5,34.68,48.64,30.86
09/06/2022 15:14:44,0.5,34.69,48.65,30.86
09/06/2022 15:14:45,0.5,34.7,48.66,30.85
09/06/2022 15:14:46,0.5,34.72,48.67,30.84
09/06/2022 15:14:47,0.5,34.73,48.69,30.83
09/06/2022 15:14:48,0.5,34.74,48.69,30.82
09/06/2022 15:14:49,0.5,34.75,48.71,30.82
09/06/2022 15:14:50,0.5,34.76,48.72,30.81
09/06/2022 15:14:51,0.5,34.78,48.72,30.8
09/06/2022 15:14:52,0.5,34.79,48.74,30.79
09/06/2022 15:14:53,0.5,34.8,48.75,30.78
09/06/2022 15:14:54,0.5,34.81,48.76,30.77
09/06/2022 15:14:55,0.5,34.82,48.77,30.76
09/06/2022 15:14:56,0.5,34.83,48.78,30.76
09/06/2022 15:14:57,0.5,34.85,48.79,30.75
09/06/2022 15:14:58,0.5,34.86,48.8,30.74
09/06/2022 15:14:59,0.5,34.87,48.81,30.73
09/06/2022 15:15:00,0.5,34.88,48.82,30.72
09/06/2022 15:15:01,0.5,34.89,48.83,30.72
09/06/2022 15:15:02,0.5,34.91,48.84,30.71
09/06/2022 15:15:03,0.5,34.92,48.85,30.7
09/06/2022 15:15:04,0.5,34.93,48.86,30.69
09/06/2022 15:15:05,0.5,34.94,48.87,30.68
09/06/2022 15:15:06,0.5,34.95,48.88,30.67
09/06/2022 15:15:07,0.5,34.97,48.89,30.67
09/06/2022 15:15:08,0.5,34.98,48.9,30.66
09/06/2022 15:15:09,0.5,34.99,48.91,30.65
09/06/2022 15:15:10,0.5,35,48.92,30.64
09/06/2022 15:15:11,0.5,35.01,48.93,30.63
09/06/2022 15:15:12,0.5,35.03,48.94,30.62
09/06/2022 15:15:13,0.5,35.04,48.95,30.61
09/06/2022 15:15:14,0.5,35.05,48.96,30.61
09/06/2022 15:15:15,0.5,35.06,48.97,30.6
09/06/2022 15:15:16,0.5,35.07,48.98,30.59
09/06/2022 15:15:17,0.5,35.08,48.99,30.58
09/06/2022 15:15:18,0.5,35.1,49,30.57
09/06/2022 15:15:19,0.5,35.11,49.01,30.57
09/06/2022 15:15:20,0.5,35.12,49.02,30.56
09/06/2022 15:15:21,0.5,35.13,49.03,30.55
09/06/2022 15:15:22,0.5,35.14,49.04,30.54
09/06/2022 15:15:23,0.5,35.15,49.05,30.53
09/06/2022 15:15:24,0.5,35.17,49.06,30.52
09/06/2022 15:15:25,0.5,35.18,49.07,30.51
09/06/2022 15:15:26,0.5,35.19,49.08,30.51
09/06/2022 15:15:27,0.5,35.2,49.09,30.5
09/06/2022 15:15:28,0.5,35.21,49.1,30.49
09/06/2022 15:15:29,0.5,35.23,49.11,30.48
09/06/2022 15:15:30,0.5,35.24,49.12,30.47
09/06/2022 15:15:31,0.5,35.25,49.13,30.47
09/06/2022 15:15:32,0.5,35.26,49.15,30.46
09/06/2022 15:15:33,0.5,35.27,49.15,30.45
09/06/2022 15:15:34,0.5,35.28,49.17,30.44
09/06/2022 15:15:35,0.5,35.3,49.17,30.43
09/06/2022 15:15:36,0.5,35.31,49.19,30.42
09/06/2022 15:15:37,0.5,35.32,49.2,30.42
09/06/2022 15:15:38,0.5,35.33,49.21,30.41
09/06/2022 15:15:39,0.5,35.34,49.22,30.4
09/06/2022 15:15:40,0.5,35.36,49.23,30.39
09/06/2022 15:15:41,0.5,35.37,49.24,30.38
09/06/2022 15:15:42,0.5,35.38,49.25,30.4
09/06/2022 15:15:43,0.5,35.39,49.26,30.48
09/06/2022 15:15:44,0.5,35.39,49.27,30.57
09/06/2022 15:15:45,0.5,35.4,49.28,30.65
09/06/2022 15:15:46,0.5,35.41,49.29,30.72
09/06/2022 15:15:47,0.5,35.42,49.3,30.8
09/06/2022 15:15:48,0.5,35.42,49.31,30.88
09/06/2022 15:15:49,0.5,35.43,49.32,30.95
09/06/2022 15:15:50,0.5,35.44,49.33,31.03
09/06/2022 15:15:51,0.5,35.45,49.34,31.1
09/06/2022 15:15:52,0.5,35.46,49.35,31.17
09/06/2022 15:15:53,0.5,35.47,49.36,31.24
09/06/2022 15:15:54,0.5,35.47,49.37,31.31
09/06/2022 15:15:55,0.5,35.48,49.38,31.38
09/06/2022 15:15:56,0.5,35.49,49.39,31.45
09/06/2022 15:15:57,0.5,35.5,49.4,31.51
09/06/2022 15:15:58,0.5,35.51,49.41,31.58
09/06/2022 15:15:59,0.5,35.52,49.42,31.64
09/06/2022 15:16:00,0.5,35.53,49.43,31.71
09/06/2022 15:16:01,0.5,35.53,49.44,31.77
09/06/2022 15:16:02,0.5,35.54,49.45,31.83
09/06/2022 15:16:03,0.5,35.55,49.46,31.89
09/06/2022 15:16:04,0.5,35.56,49.47,31.95
09/06/2022 15:16:05,0.5,35.57,49.48,32.01
09/06/2022 15:16:06,0.5,35.58,49.49,32.06
09/06/2022 15:16:07,0.5,35.59,49.5,32.12
09/06/2022 15:16:08,0.5,35.6,49.51,32.17
09/06/2022 15:16:09,0.5,35.6,49.52,32.23
09/06/2022 15:16:10,0.5,35.61,49.53,32.28
09/06/2022 15:16:11,0.5,35.62,49.54,32.34
09/06/2022 15:16:12,0.5,35.63,49.55,32.39
09/06/2022 15:16:13,0.5,35.64,49.56,32.44
09/06/2022 15:16:14,0.5,35.65,49.57,32.49
09/06/2022 15:16:15,0.5,35.66,49.58,32.54
09/06/2022 15:16:16,0.5,35.67,49.6,32.59
09/06/2022 15:16:17,0.5,35.68,49.6,32.64
09/06/2022 15:16:18,0.5,35.69,49.62,32.69
09/06/2022 15:16:19,0.5,35.7,49.62,32.73
09/06/2022 15:16:20,0.5,35.71,49.64,32.78
09/06/2022 15:16:21,0.5,35.72,49.65,32.82
09/06/2022 15:16:22,0.5,35.72,49.66,32.87
09/06/2022 15:16:23,0.5,35.74,49.67,32.91
09/06/2022 15:16:24,0.5,35.74,49.68,32.96
09/06/2022 15:16:25,0.5,35.75,49.69,33
09/06/2022 15:16:26,0.5,35.76,49.7,33.04
09/06/2022 15:16:27,0.5,35.77,49.71,33.08
09/06/2022 15:16:28,0.5,35.78,49.72,33.12
09/06/2022 15:16:29,0.5,35.79,49.73,33.17
09/06/2022 15:16:30,0.5,35.8,49.74,33.21
09/06/2022 15:16:31,0.5,35.81,49.75,33.24
09/06/2022 15:16:32,0.5,35.82,49.76,33.28
09/06/2022 15:16:33,0.5,35.83,49.77,33.32
09/06/2022 15:16:34,0.5,35.84,49.78,33.36
09/06/2022 15:16:35,0.5,35.85,49.79,33.4
09/06/2022 15:16:36,0.5,35.86,49.8,33.43
09/06/2022 15:16:37,0.5,35.87,49.81,33.47
09/06/2022 15:16:38,0.5,35.88,49.82,33.51
09/06/2022 15:16:39,0.5,35.89,49.83,33.54
09/06/2022 15:16:40,0.5,35.9,49.84,33.58
09/06/2022 15:16:41,0.5,35.91,49.85,33.61
09/06/2022 15:16:42,0.5,35.92,49.86,33.65
09/06/2022 15:16:43,0.5,35.93,49.87,33.68
09/06/2022 15:16:44,0.5,35.94,49.88,33.71
09/06/2022 15:16:45,0.5,35.95,49.89,33.74
09/06/2022 15:16:46,0.5,35.96,49.9,33.78
09/06/2022 15:16:47,0.5,35.97,49.91,33.81
09/06/2022 15:16:48,0.5,35.98,49.92,33.84
09/06/2022 15:16:49,0.5,35.99,49.93,33.87
09/06/2022 15:16:50,0.5,36,49.94,33.9
09/06/2022 15:16:51,0.5,36.01,49.95,33.93
09/06/2022 15:16:52,0.5,36.02,49.96,33.96
09/06/2022 15:16:53,0.5,36.03,49.97,33.99
09/06/2022 15:16:54,0.5,36.04,49.98,34.02
09/06/2022 15:16:55,0.5,36.05,49.99,34.05
09/06/2022 15:16:56,0.5,36.06,50,34.04
09/06/2022 15:16:57,0.5,36.08,50.01,34.03
09/06/2022 15:16:58,0.5,36.09,50.02,34.03
09/06/2022 15:16:59,0.5,36.1,50.03,34.02
09/06/2022 15:17:00,0.5,36.11,50.04,34.01
09/06/2022 15:17:01,0.5,36.12,50.05,34
09/06/2022 15:17:02,0.5,36.13,50.06,33.99
09/06/2022 15:17:03,0.5,36.15,50.08,33.98
09/06/2022 15:17:04,0.5,36.16,50.08,33.98
09/06/2022 15:17:05,0.5,36.17,50.1,33.97
09/06/2022 15:17:06,0.5,36.18,50.11,33.96
09/06/2022 15:17:07,0.5,36.19,50.12,33.95
09/06/2022 15:17:08,0.5,36.21,50.13,33.94
09/06/2022 15:17:09,0.5,36.22,50.14,33.93
09/06/2022 15:17:10,0.5,36.23,50.15,33.93
09/06/2022 15:17:11,0.5,36.24,50.16,33.92
09/06/2022 15:17:12,0.5,36.25,50.17,33.91
09/06/2022 15:17:13,0.5,36.26,50.18,33.9
09/06/2022 15:17:14,0.5,36.28,50.19,33.89
09/06/2022 15:17:15,0.5,36.29,50.2,33.88
09/06/2022 15:17:16,0.5,36.3,50.21,33.88
09/06/2022 15:17:17,0.5,36.31,50.22,33.87
09/06/2022 15:17:18,0.5,36.32,50.23,33.86
09/06/2022 15:17:19,0.5,36.33,50.24,33.85
09/06/2022 15:17:20,0.5,36.35,50.25,33.84
09/06/2022 15:17:21,0.5,36.36,50.26,33.83
09/06/2022 15:17:22,0.5,36.37,50.27,33.83
09/06/2022 15:17:23,0.5,36.38,50.28,33.82
09/06/2022 15:17:24,0.5,36.4,50.29,33.81
09/06/2022 15:17:25,0.5,36.41,50.3,33.8
09/06/2022 15:17:26,0.5,36.42,50.31,33.79
09/06/2022 15:17:27,0.5,36.43,50.32,33.78
09/06/2022 15:17:28,0.5,36.44,50.33,33.78
09/06/2022 15:17:29,0.5,36.45,50.34,33.77
09/06/2022 15:17:30,0.5,36.47,50.35,33.76
09/06/2022 15:17:31,0.5,36.48,50.36,33.75
09/06/2022 15:17:32,0.5,36.49,50.37,33.74
09/06/2022 15:17:33,0.5,36.5,50.38,33.73
09/06/2022 15:17:34,0.5,36.51,50.39,33.73
09/06/2022 15:17:35,0.5,36.53,50.4,33.72
09/06/2022 15:17:36,0.5,36.54,50.41,33.71
09/06/2022 15:17:37,0.5,36.55,50.42,33.7
09/06/2022 15:17:38,0.5,36.56,50.43,33.69
09/06/2022 15:17:39,0.5,36.57,50.44,33.68
09/06/2022 15:17:40,0.5,36.58,50.45,33.68
09/06/2022 15:17:41,0.5,36.6,50.46,33.67
09/06/2022 15:17:42,0.5,36.61,50.47,33.66
09/06/2022 15:17:43,0.5,36.62,50.48,33.65
09/06/2022 15:17:44,0.5,36.63,50.49,33.64
09/06/2022 15:17:45,0.5,36.64,50.51,33.63
09/06/2022 15:17:46,0.5,36.65,50.51,33.63
09/06/2022 15:17:47,0.5,36.67,50.53,33.62
09/06/2022 15:17:48,0.5,36.68,50.53,33.61
09/06/2022 15:17:49,0.5,36.69,50.55,33.6
09/06/2022 15:17:50,0.5,36.7,50.56,33.59
09/06/2022 15:17:51,0.5,36.71,50.57,33.58
09/06/2022 15:17:52,0.5,36.72,50.58,33.58
09/06/2022 15:17:53,0.5,36.74,50.59,33.57
09/06/2022 15:17:54,0.5,36.75,50.6,33.56
09/06/2022 15:17:55,0.5,36.76,50.61,33.55
09/06/2022 15:17:56,0.5,36.77,50.62,33.54
09/06/2022 15:17:57,0.5,36.78,50.63,33.53
09/06/2022 15:17:58,0.5,36.8,50.64,33.53
09/06/2022 15:17:59,0.5,36.81,50.65,33.52
09/06/2022 15:18:00,0.5,36.82,50.66,33.51
09/06/2022 15:18:01,0.5,36.83,50.67,33.5
09/06/2022 15:18:02,0.5,36.84,50.68,33.49
09/06/2022 15:18:03,0.5,36.85,50.69,33.48
09/06/2022 15:18:04,0.5,36.87,50.7,33.48
09/06/2022 15:18:05,0.5,36.88,50.71,33.47
09/06/2022 15:18:06,0.5,36.89,50.72,33.46
09/06/2022 15:18:07,0.5,36.9,50.73,33.45
09/06/2022 15:18:08,0.5,36.91,50.74,33.44
09/06/2022 15:18:09,0.5,36.92,50.75,33.43
09/06/2022 15:18:10,0.5,36.94,50.76,33.43
09/06/2022 15:18:11,0.5,36.95,50.77,33.42
09/06/2022 15:18:12,0.5,36.96,50.78,33.41
09/06/2022 15:18:13,0.5,36.97,50.79,33.4
09/06/2022 15:18:14,0.5,36.98,50.8,33.39
09/06/2022 15:18:15,0.5,37,50.81,33.38
09/06/2022 15:18:16,0.5,37.01,50.82,33.38
09/06/2022 15:18:17,0.5,37.02,50.83,33.37
09/06/2022 15:18:18,0.5,37.03,50.84,33.36
09/06/2022 15:18:19,0.5,37.04,50.85,33.35
09/06/2022 15:18:20,0.5,37.06,50.86,33.34
09/06/2022 15:18:21,0.5,37.07,50.87,33.33
09/06/2022 15:18:22,0.5,37.08,50.88,33.33
09/06/2022 15:18:23,0.5,37.09,50.9,33.32
09/06/2022 15:18:24,0.5,37.1,50.9,33.31
09/06/2022 15:18:25,0.5,37.11,50.92,33.3
09/06/2022 15:18:26,0.5,37.12,50.93,33.29
09/06/2022 15:18:27,0.5,37.14,50.94,33.28
09/06/2022 15:18:28,0.5,37.15,50.95,33.28
09/06/2022 15:18:29,0.5,37.16,50.96,33.27
09/06/2022 15:18:30,0.5,37.17,50.97,33.26
09/06/2022 15:18:31,0.5,37.18,50.98,33.25
09/06/2022 15:18:32,0.5,37.2,50.99,33.24
09/06/2022 15:18:33,0.5,37.21,51,33.23
09/06/2022 15:18:34,0.5,37.22,51.01,33.23
09/06/2022 15:18:35,0.5,37.23,51.02,33.22
09/06/2022 15:18:36,0.5,37.24,51.03,33.21
09/06/2022 15:18:37,0.5,37.25,51.04,33.2
09/06/2022 15:18:38,0.5,37.27,51.05,33.19
09/06/2022 15:18:39,0.5,37.28,51.06,33.18
09/06/2022 15:18:40,0.5,37.29,51.07,33.18
09/06/2022 15:18:41,0.5,37.3,51.08,33.17
09/06/2022 15:18:42,0.5,37.31,51.09,33.16
09/06/2022 15:18:43,0.5,37.33,51.1,33.15
09/06/2022 15:18:44,0.5,37.34,51.11,33.14
09/06/2022 15:18:45,0.5,37.35,51.12,33.13
09/06/2022 15:18:46,0.5,37.36,51.13,33.13
09/06/2022 15:18:47,0.5,37.37,51.14,33.12
09/06/2022 15:18:48,0.5,37.38,51.15,33.11
09/06/2022 15:18:49,0.5,37.4,51.16,33.1
09/06/2022 15:18:50,0.5,37.41,51.17,33.09
09/06/2022 15:18:51,0.5,37.42,51.18,33.08
09/06/2022 15:18:52,0.5,37.43,51.19,33.08
09/06/2022 15:18:53,0.5,37.44,51.2,33.07
09/06/2022 15:18:54,0.5,37.45,51.21,33.06
09/06/2022 15:18:55,0.5,37.47,51.22,33.05
09/06/2022 15:18:56,0.5,37.48,51.23,33.04
09/06/2022 15:18:57,0.5,37.49,51.24,33.03
09/06/2022 15:18:58,0.5,37.5,51.26,33.03
09/06/2022 15:18:59,0.5,37.51,51.26,33.02
09/06/2022 15:19:00,0.5,37.52,51.28,33.01
09/06/2022 15:19:01,0.5,37.53,51.29,33
09/06/2022 15:19:02,0.5,37.55,51.3,32.99
09/06/2022 15:19:03,0.5,37.56,51.31,32.98
09/06/2022 15:19:04,0.5,37.57,51.32,32.98
09/06/2022 15:19:05,0.5,37.58,51.33,32.97
09/06/2022 15:19:06,0.5,37.59,51.34,32.96
09/06/2022 15:19:07,0.5,37.61,51.35,32.95
09/06/2022 15:19:08,0.5,37.62,51.36,32.94
09/06/2022 15:19:09,0.5,37.63,51.37,32.93
09/06/2022 15:19:10,0.5,37.64,51.38,32.93
09/06/2022 15:19:11,0.5,37.65,51.39,32.92
09/06/2022 15:19:12,0.5,37.66,51.4,32.91
09/06/2022 15:19:13,0.5,37.68,51.41,32.9
09/06/2022 15:19:14,0.5,37.69,51.42,32.89
09/06/2022 15:19:15,0.5,37.7,51.43,32.88
09/06/2022 15:19:16,0.5,37.71,51.44,32.88
09/06/2022 15:19:17,0.5,37.72,51.45,32.87
09/06/2022 15:19:18,0.5,37.73,51.46,32.86
09/06/2022 15:19:19,0.5,37.75,51.47,32.85
09/06/2022 15:19:20,0.5,37.76,51.48,32.84
09/06/2022 15:19:21,0.5,37.77,51.49,32.83
09/06/2022 15:19:22,0.5,37.78,51.5,32.83
09/06/2022 15:19:23,0.5,37.79,51.51,32.82
09/06/2022 15:19:24,0.5,37.8,51.52,32.81
09/06/2022 15:19:25,0.5,37.81,51.53,32.87
09/06/2022 15:19:26,0.5,37.82,51.54,32.96
09/06/2022 15:19:27,0.5,37.83,51.55,33.04
09/06/2022 15:19:28,0.5,37.84,51.56,33.12
09/06/2022 15:19:29,0.5,37.84,51.57,33.2
09/06/2022 15:19:30,0.5,37.85,51.58,33.27
09/06/2022 15:19:31,0.5,37.86,51.6,33.35
09/06/2022 15:19:32,0.5,37.87,51.6,33.42
09/06/2022 15:19:33,0.5,37.88,51.62,33.5
09/06/2022 15:19:34,0.5,37.88,51.63,33.57
09/06/2022 15:19:35,0.5,37.89,51.64,33.64
09/06/2022 15:19:36,0.5,37.9,51.65,33.71
09/06/2022 15:19:37,0.5,37.91,51.66,33.78
09/06/2022 15:19:38,0.5,37.92,51.67,33.85
09/06/2022 15:19:39,0.5,37.92,51.68,33.91
09/06/2022 15:19:40,0.5,37.93,51.69,33.98
09/06/2022 15:19:41,0.5,37.94,51.7,34.04
09/06/2022 15:19:42,0.5,37.95,51.71,34.1
09/06/2022 15:19:43,0.5,37.96,51.72,34.17
09/06/2022 15:19:44,0.5,37.97,51.73,34.23
09/06/2022 15:19:45,0.5,37.98,51.74,34.29
09/06/2022 15:19:46,0.5,37.98,51.75,34.35
09/06/2022 15:19:47,0.5,37.99,51.76,34.41
09/06/2022 15:19:48,0.5,38,51.77,34.47
09/06/2022 15:19:49,0.5,38.01,51.78,34.52
09/06/2022 15:19:50,0.5,38.02,51.79,34.58
09/06/2022 15:19:51,0.5,38.03,51.8,34.63
09/06/2022 15:19:52,0.5,38.04,51.81,34.69
09/06/2022 15:19:53,0.5,38.05,51.82,34.74
09/06/2022 15:19:54,0.5,38.06,51.83,34.79
09/06/2022 15:19:55,0.5,38.06,51.84,34.84
09/06/2022 15:19:56,0.5,38.07,51.85,34.9
09/06/2022 15:19:57,0.5,38.08,51.86,34.94
09/06/2022 15:19:58,0.5,38.09,51.87,34.99
09/06/2022 15:19:59,0.5,38.1,51.88,35.04
09/06/2022 15:20:00,0.5,38.11,51.89,35.09
09/06/2022 15:20:01,0.5,38.12,51.9,35.14
09/06/2022 15:20:02,0.5,38.13,51.91,35.19
09/06/2022 15:20:03,0.5,38.14,51.92,35.23
09/06/2022 15:20:04,0.5,38.15,51.93,35.28
09/06/2022 15:20:05,0.5,38.16,51.94,35.32
09/06/2022 15:20:06,0.5,38.17,51.96,35.36
09/06/2022 15:20:07,0.5,38.17,51.97,35.41
09/06/2022 15:20:08,0.5,38.19,51.98,35.45
09/06/2022 15:20:09,0.5,38.19,51.99,35.49
09/06/2022 15:20:10,0.5,38.2,52,35.53
09/06/2022 15:20:11,0.5,38.21,52.01,35.58
09/06/2022 15:20:12,0.5,38.22,52.02,35.62
09/06/2022 15:20:13,0.5,38.23,52.03,35.65
09/06/2022 15:20:14,0.5,38.24,52.04,35.69
09/06/2022 15:20:15,0.5,38.25,52.05,35.73
09/06/2022 15:20:16,0.5,38.26,52.06,35.77
09/06/2022 15:20:17,0.5,38.27,52.07,35.81
09/06/2022 15:20:18,0.5,38.28,52.08,35.85
09/06/2022 15:20:19,0.5,38.29,52.09,35.88
09/06/2022 15:20:20,0.5,38.3,52.1,35.92
09/06/2022 15:20:21,0.5,38.31,52.11,35.95
09/06/2022 15:20:22,0.5,38.32,52.12,35.99
09/06/2022 15:20:23,0.5,38.33,52.13,36.02
09/06/2022 15:20:24,0.5,38.34,52.14,36.06
09/06/2022 15:20:25,0.5,38.35,52.15,36.09
09/06/2022 15:20:26,0.5,38.36,52.16,36.12
09/06/2022 15:20:27,0.5,38.37,52.17,36.16
09/06/2022 15:20:28,0.5,38.38,52.18,36.19
09/06/2022 15:20:29,0.5,38.39,52.19,36.22
09/06/2022 15:20:30,0.5,38.4,52.2,36.25
09/06/2022 15:20:31,0.5,38.41,52.21,36.28
09/06/2022 15:20:32,0.5,38.42,52.22,36.31
09/06/2022 15:20:33,0.5,38.43,52.23,36.35
09/06/2022 15:20:34,0.5,38.44,52.24,36.38
09/06/2022 15:20:35,0.5,38.45,52.25,36.4
09/06/2022 15:20:36,0.5,38.46,52.26,36.43
09/06/2022 15:20:37,0.5,38.47,52.27,36.46
09/06/2022 15:20:38,0.5,38.48,52.28,36.47
09/06/2022 15:20:39,0.5,38.49,52.29,36.46
09/06/2022 15:20:40,0.5,38.5,52.31,36.45
09/06/2022 15:20:41,0.5,38.51,52.31,36.44
09/06/2022 15:20:42,0.5,38.53,52.33,36.43
09/06/2022 15:20:43,0.5,38.54,52.33,36.42
09/06/2022 15:20:44,0.5,38.55,52.35,36.42
09/06/2022 15:20:45,0.5,38.56,52.36,36.41
09/06/2022 15:20:46,0.5,38.57,52.37,36.4
09/06/2022 15:20:47,0.5,38.59,52.38,36.39
09/06/2022 15:20:48,0.5,38.6,52.39,36.38
09/06/2022 15:20:49,0.5,38.61,52.4,36.38
09/06/2022 15:20:50,0.5,38.62,52.41,36.37
09/06/2022 15:20:51,0.5,38.63,52.42,36.36
09/06/2022 15:20:52,0.5,38.64,52.43,36.35
09/06/2022 15:20:53,0.5,38.66,52.44,36.34
09/06/2022 15:20:54,0.5,38.67,52.45,36.33
09/06/2022 15:20:55,0.5,38.68,52.46,36.33
09/06/2022 15:20:56,0.5,38.69,52.47,36.32
09/06/2022 15:20:57,0.5,38.7,52.48,36.31
09/06/2022 15:20:58,0.5,38.72,52.49,36.3
09/06/2022 15:20:59,0.5,38.73,52.5,36.29
09/06/2022 15:21:00,0.5,38.74,52.51,36.28
09/06/2022 15:21:01,0.5,38.75,52.52,36.28
09/06/2022 15:21:02,0.5,38.76,52.53,36.27
09/06/2022 15:21:03,0.5,38.77,52.54,36.26
09/06/2022 15:21:04,0.5,38.78,52.55,36.25
09/06/2022 15:21:05,0.5,38.8,52.56,36.24
09/06/2022 15:21:06,0.5,38.81,52.57,36.23
09/06/2022 15:21:07,0.5,38.82,52.58,36.22
09/06/2022 15:21:08,0.5,38.83,52.59,36.22
09/06/2022 15:21:09,0.5,38.84,52.6,36.21
09/06/2022 15:21:10,0.5,38.85,52.61,36.2
09/06/2022 15:21:11,0.5,38.87,52.62,36.19
09/06/2022 15:21:12,0.5,38.88,52.63,36.18
09/06/2022 15:21:13,0.5,38.89,52.64,36.17
09/06/2022 15:21:14,0.5,38.9,52.65,36.17
09/06/2022 15:21:15,0.5,38.91,52.67,36.16
09/06/2022 15:21:16,0.5,38.92,52.67,36.15
09/06/2022 15:21:17,0.5,38.94,52.69,36.14
09/06/2022 15:21:18,0.5,38.95,52.7,36.13
09/06/2022 15:21:19,0.5,38.96,52.71,36.12
09/06/2022 15:21:20,0.5,38.97,52.72,36.12
09/06/2022 15:21:21,0.5,38.98,52.73,36.11
09/06/2022 15:21:22,0.5,39,52.74,36.1
09/06/2022 15:21:23,0.5,39.01,52.75,36.09
09/06/2022 15:21:24,0.5,39.02,52.76,36.08
09/06/2022 15:21:25,0.5,39.03,52.77,36.08
09/06/2022 15:21:26,0.5,39.04,52.78,36.07
09/06/2022 15:21:27,0.5,39.05,52.79,36.06
09/06/2022 15:21:28,0.5,39.07,52.8,36.05
09/06/2022 15:21:29,0.5,39.08,52.81,36.04
09/06/2022 15:21:30,0.5,39.09,52.82,36.03
09/06/2022 15:21:31,0.5,39.1,52.83,36.03
09/06/2022 15:21:32,0.5,39.11,52.84,36.02
09/06/2022 15:21:33,0.5,39.12,52.85,36.01
09/06/2022 15:21:34,0.5,39.14,52.86,36
09/06/2022 15:21:35,0.5,39.15,52.87,35.99
09/06/2022 15:21:36,0.5,39.16,52.88,35.98
09/06/2022 15:21:37,0.5,39.17,52.89,35.97
09/06/2022 15:21:38,0.5,39.18,52.9,35.97
09/06/2022 15:21:39,0.5,39.19,52.91,35.96
09/06/2022 15:21:40,0.5,39.21,52.92,35.95
09/06/2022 15:21:41,0.5,39.22,52.93,35.94
09/06/2022 15:21:42,0.5,39.23,52.94,35.93
09/06/2022 15:21:43,0.5,39.24,52.95,35.92
09/06/2022 15:21:44,0.5,39.25,52.96,35.92
09/06/2022 15:21:45,0.5,39.26,52.97,35.91
09/06/2022 15:21:46,0.5,39.28,52.98,35.9
09/06/2022 15:21:47,0.5,39.29,52.99,35.89
09/06/2022 15:21:48,0.5,39.3,53.01,35.88
09/06/2022 15:21:49,0.5,39.31,53.01,35.88
09/06/2022 15:21:50,0.5,39.32,53.03,35.87
09/06/2022 15:21:51,0.5,39.33,53.04,35.86
09/06/2022 15:21:52,0.5,39.35,53.05,35.85
09/06/2022 15:21:53,0.5,39.36,53.06,35.84
09/06/2022 15:21:54,0.5,39.37,53.07,35.83
09/06/2022 15:21:55,0.5,39.38,53.08,35.83
09/06/2022 15:21:56,0.5,39.39,53.09,35.82
09/06/2022 15:21:57,0.5,39.4,53.1,35.81
09/06/2022 15:21:58,0.5,39.42,53.11,35.8
09/06/2022 15:21:59,0.5,39.43,53.12,35.79
09/06/2022 15:22:00,0.5,39.44,53.13,35.78
09/06/2022 15:22:01,0.5,39.45,53.14,35.78
09/06/2022 15:22:02,0.5,39.46,53.15,35.77
09/06/2022 15:22:03,0.5,39.47,53.16,35.76
09/06/2022 15:22:04,0.5,39.49,53.17,35.75
09/06/2022 15:22:05,0.5,39.5,53.18,35.74
09/06/2022 15:22:06,0.5,39.51,53.19,35.73
09/06/2022 15:22:07,0.5,39.52,53.2,35.72
09/06/2022 15:22:08,0.5,39.53,53.21,35.72
09/06/2022 15:22:09,0.5,39.54,53.22,35.71
09/06/2022 15:22:10,0.5,39.56,53.23,35.7
09/06/2022 15:22:11,0.5,39.57,53.24,35.69
09/06/2022 15:22:12,0.5,39.58,53.25,35.68
09/06/2022 15:22:13,0.5,39.59,53.26,35.67
09/06/2022 15:22:14,0.5,39.6,53.27,35.67
09/06/2022 15:22:15,0.5,39.61,53.28,35.66
09/06/2022 15:22:16,0.5,39.63,53.29,35.65
09/06/2022 15:22:17,0.5,39.64,53.31,35.64
09/06/2022 15:22:18,0.5,39.65,53.31,35.63
09/06/2022 15:22:19,0.5,39.66,53.33,35.62
09/06/2022 15:22:20,0.5,39.67,53.34,35.62
09/06/2022 15:22:21,0.5,39.68,53.35,35.61
09/06/2022 15:22:22,0.5,39.69,53.36,35.6
09/06/2022 15:22:23,0.5,39.71,53.37,35.59
09/06/2022 15:22:24,0.5,39.72,53.38,35.58
09/06/2022 15:22:25,0.5,39.73,53.39,35.58
09/06/2022 15:22:26,0.5,39.74,53.4,35.57
09/06/2022 15:22:27,0.5,39.75,53.41,35.56
09/06/2022 15:22:28,0.5,39.76,53.42,35.55
09/06/2022 15:22:29,0.5,39.78,53.43,35.54
09/06/2022 15:22:30,0.5,39.79,53.44,35.53
09/06/2022 15:22:31,0.5,39.8,53.45,35.53
09/06/2022 15:22:32,0.5,39.81,53.46,35.52
09/06/2022 15:22:33,0.5,39.82,53.47,35.51
09/06/2022 15:22:34,0.5,39.83,53.48,35.5
09/06/2022 15:22:35,0.5,39.85,53.49,35.49
09/06/2022 15:22:36,0.5,39.86,53.5,35.48
09/06/2022 15:22:37,0.5,39.87,53.51,35.47
09/06/2022 15:22:38,0.5,39.88,53.52,35.47
09/06/2022 15:22:39,0.5,39.89,53.53,35.46
09/06/2022 15:22:40,0.5,39.9,53.54,35.45
09/06/2022 15:22:41,0.5,39.92,53.55,35.44
09/06/2022 15:22:42,0.5,39.93,53.56,35.43
09/06/2022 15:22:43,0.5,39.94,53.57,35.42
09/06/2022 15:22:44,0.5,39.95,53.58,35.42
09/06/2022 15:22:45,0.5,39.96,53.59,35.41
09/06/2022 15:22:46,0.5,39.97,53.6,35.4
09/06/2022 15:22:47,0.5,39.99,53.62,35.39
09/06/2022 15:22:48,0.5,40,53.62,35.38
09/06/2022 15:22:49,0.5,40.01,53.64,35.38
09/06/2022 15:22:50,0.5,40.02,53.65,35.37
09/06/2022 15:22:51,0.5,40.03,53.66,35.36
09/06/2022 15:22:52,0.5,40.04,53.67,35.35
09/06/2022 15:22:53,0.5,40.06,53.68,35.34
09/06/2022 15:22:54,0.5,40.07,53.69,35.33
09/06/2022 15:22:55,0.5,40.08,53.7,35.33
09/06/2022 15:22:56,0.5,40.09,53.71,35.32
09/06/2022 15:22:57,0.5,40.1,53.72,35.31
09/06/2022 15:22:58,0.5,40.11,53.73,35.3
09/06/2022 15:22:59,0.5,40.12,53.74,35.29
09/06/2022 15:23:00,0.5,40.14,53.75,35.28
09/06/2022 15:23:01,0.5,40.15,53.76,35.28
09/06/2022 15:23:02,0.5,40.16,53.77,35.27
09/06/2022 15:23:03,0.5,40.17,53.78,35.26
09/06/2022 15:23:04,0.5,40.18,53.79,35.25
09/06/2022 15:23:05,0.5,40.19,53.8,35.24
09/06/2022 15:23:06,0.5,40.21,53.81,35.23
09/06/2022 15:23:07,0.5,40.22,53.82,35.22
09/06/2022 15:23:08,0.5,40.23,53.83,35.28
09/06/2022 15:23:09,0.5,40.23,53.84,35.36
09/06/2022 15:23:10,0.5,40.24,53.85,35.44
09/06/2022 15:23:11,0.5,40.25,53.86,35.52
09/06/2022 15:23:12,0.5,40.26,53.87,35.6
09/06/2022 15:23:13,0.5,40.26,53.88,35.67
09/06/2022 15:23:14,0.5,40.27,53.9,35.75
09/06/2022 15:23:15,0.5,40.28,53.9,35.83
09/06/2022 15:23:16,0.5,40.29,53.92,35.9
09/06/2022 15:23:17,0.5,40.3,53.93,35.97
09/06/2022 15:23:18,0.5,40.3,53.94,36.04
09/06/2022 15:23:19,0.5,40.31,53.95,36.11
09/06/2022 15:23:20,0.5,40.32,53.96,36.18
09/06/2022 15:23:21,0.5,40.33,53.97,36.25
09/06/2022 15:23:22,0.5,40.34,53.98,36.32
09/06/2022 15:23:23,0.5,40.35,53.99,36.38
09/06/2022 15:23:24,0.5,40.35,54,36.45
09/06/2022 15:23:25,0.5,40.36,54.01,36.51
09/06/2022 15:23:26,0.5,40.37,54.02,36.57
09/06/2022 15:23:27,0.5,40.38,54.03,36.63
09/06/2022 15:23:28,0.5,40.39,54.04,36.69
09/06/2022 15:23:29,0.5,40.4,54.05,36.76
09/06/2022 15:23:30,0.5,40.4,54.06,36.81
09/06/2022 15:23:31,0.5,40.41,54.07,36.87
09/06/2022 15:23:32,0.5,40.42,54.08,36.93
09/06/2022 15:23:33,0.5,40.43,54.09,36.98
09/06/2022 15:23:34,0.5,40.44,54.1,37.04
09/06/2022 15:23:35,0.5,40.45,54.11,37.09
09/06/2022 15:23:36,0.5,40.46,54.12,37.15
09/06/2022 15:23:37,0.5,40.47,54.13,37.2
09/06/2022 15:23:38,0.5,40.47,54.14,37.25
09/06/2022 15:23:39,0.5,40.48,54.15,37.3
09/06/2022 15:23:40,0.5,40.49,54.16,37.35
09/06/2022 15:23:41,0.5,40.5,54.17,37.4
09/06/2022 15:23:42,0.5,40.51,54.19,37.45
09/06/2022 15:23:43,0.5,40.52,54.19,37.5
09/06/2022 15:23:44,0.5,40.53,54.21,37.55
09/06/2022 15:23:45,0.5,40.54,54.22,37.59
09/06/2022 15:23:46,0.5,40.55,54.23,37.64
09/06/2022 15:23:47,0.5,40.56,54.24,37.68
09/06/2022 15:23:48,0.5,40.57,54.25,37.73
09/06/2022 15:23:49,0.5,40.58,54.26,37.77
09/06/2022 15:23:50,0.5,40.58,54.27,37.81
09/06/2022 15:23:51,0.5,40.59,54.28,37.86
09/06/2022 15:23:52,0.5,40.6,54.29,37.9
09/06/2022 15:23:53,0.5,40.61,54.3,37.94
09/06/2022 15:23:54,0.5,40.62,54.31,37.98
09/06/2022 15:23:55,0.5,40.63,54.32,38.02
09/06/2022 15:23:56,0.5,40.64,54.33,38.06
09/06/2022 15:23:57,0.5,40.65,54.34,38.1
09/06/2022 15:23:58,0.5,40.66,54.35,38.14
09/06/2022 15:23:59,0.5,40.67,54.36,38.18
09/06/2022 15:24:00,0.5,40.68,54.37,38.22
09/06/2022 15:24:01,0.5,40.69,54.38,38.25
09/06/2022 15:24:02,0.5,40.7,54.39,38.29
09/06/2022 15:24:03,0.5,40.71,54.4,38.33
09/06/2022 15:24:04,0.5,40.72,54.41,38.36
09/06/2022 15:24:05,0.5,40.73,54.42,38.4
09/06/2022 15:24:06,0.5,40.74,54.43,38.43
09/06/2022 15:24:07,0.5,40.75,54.44,38.46
09/06/2022 15:24:08,0.5,40.76,54.45,38.5
09/06/2022 15:24:09,0.5,40.77,54.46,38.53
09/06/2022 15:24:10,0.5,40.78,54.47,38.56
09/06/2022 15:24:11,0.5,40.79,54.48,38.6
09/06/2022 15:24:12,0.5,40.8,54.49,38.63
09/06/2022 15:24:13,0.5,40.81,54.51,38.66
09/06/2022 15:24:14,0.5,40.82,54.51,38.69
09/06/2022 15:24:15,0.5,40.83,54.53,38.72
09/06/2022 15:24:16,0.5,40.84,54.54,38.75
09/06/2022 15:24:17,0.5,40.85,54.55,38.78
09/06/2022 15:24:18,0.5,40.86,54.56,38.81
09/06/2022 15:24:19,0.5,40.87,54.57,38.84
09/06/2022 15:24:20,0.5,40.88,54.58,38.87
09/06/2022 15:24:21,0.5,40.89,54.59,38.87
09/06/2022 15:24:22,0.5,40.9,54.6,38.86
09/06/2022 15:24:23,0.5,40.91,54.61,38.85
09/06/2022 15:24:24,0.5,40.92,54.62,38.85
09/06/2022 15:24:25,0.5,40.93,54.63,38.84
09/06/2022 15:24:26,0.5,40.94,54.64,38.83
09/06/2022 15:24:27,0.5,40.96,54.65,38.82
09/06/2022 15:24:28,0.5,40.97,54.66,38.81
09/06/2022 15:24:29,0.5,40.98,54.67,38.81
09/06/2022 15:24:30,0.5,40.99,54.68,38.8
09/06/2022 15:24:31,0.5,41,54.69,38.79
09/06/2022 15:24:32,0.5,41.01,54.7,38.78
09/06/2022 15:24:33,0.5,41.03,54.71,38.77
09/06/2022 15:24:34,0.5,41.04,54.72,38.76
09/06/2022 15:24:35,0.5,41.05,54.73,38.76
09/06/2022 15:24:36,0.5,41.06,54.74,38.75
09/06/2022 15:24:37,0.5,41.07,54.75,38.74
09/06/2022 15:24:38,0.5,41.08,54.76,38.73
09/06/2022 15:24:39,0.5,41.1,54.77,38.72
09/06/2022 15:24:40,0.5,41.11,54.78,38.71
09/06/2022 15:24:41,0.5,41.12,54.79,38.71
09/06/2022 15:24:42,0.5,41.13,54.8,38.7
09/06/2022 15:24:43,0.5,41.14,54.81,38.69
09/06/2022 15:24:44,0.5,41.15,54.83,38.68
09/06/2022 15:24:45,0.5,41.17,54.83,38.67
09/06/2022 15:24:46,0.5,41.18,54.85,38.66
09/06/2022 15:24:47,0.5,41.19,54.86,38.65
09/06/2022 15:24:48,0.5,41.2,54.87,38.65
09/06/2022 15:24:49,0.5,41.21,54.88,38.64
09/06/2022 15:24:50,0.5,41.22,54.89,38.63
09/06/2022 15:24:51,0.5,41.24,54.9,38.62
09/06/2022 15:24:52,0.5,41.25,54.91,38.61
09/06/2022 15:24:53,0.5,41.26,54.92,38.6
09/06/2022 15:24:54,0.5,41.27,54.93,38.6
09/06/2022 15:24:55,0.5,41.28,54.94,38.59
09/06/2022 15:24:56,0.5,41.29,54.95,38.58
09/06/2022 15:24:57,0.5,41.31,54.96,38.57
09/06/2022 15:24:58,0.5,41.32,54.97,38.56
09/06/2022 15:24:59,0.5,41.33,54.98,38.56
09/06/2022 15:25:00,0.5,41.34,54.99,38.55
09/06/2022 15:25:01,0.5,41.35,55,38.54
09/06/2022 15:25:02,0.5,41.36,55.01,38.53
09/06/2022 15:25:03,0.5,41.38,55.02,38.52
09/06/2022 15:25:04,0.5,41.39,55.03,38.51
09/06/2022 15:25:05,0.5,41.4,55.04,38.51
09/06/2022 15:25:06,0.5,41.41,55.05,38.5
09/06/2022 15:25:07,0.5,41.42,55.06,38.49
09/06/2022 15:25:08,0.5,41.43,55.07,38.48
09/06/2022 15:25:09,0.5,41.44,55.08,38.47
09/06/2022 15:25:10,0.5,41.46,55.09,38.46
09/06/2022 15:25:11,0.5,41.47,55.1,38.46
09/06/2022 15:25:12,0.5,41.48,55.12,38.45
09/06/2022 15:25:13,0.5,41.49,55.12,38.44
09/06/2022 15:25:14,0.5,41.5,55.13,38.43
09/06/2022 15:25:15,0.5,41.51,55.15,38.42
09/06/2022 15:25:16,0.5,41.53,55.16,38.41
09/06/2022 15:25:17,0.5,41.54,55.17,38.4
09/06/2022 15:25:18,0.5,41.55,55.18,38.4
09/06/2022 15:25:19,0.5,41.56,55.19,38.39
09/06/2022 15:25:20,0.5,41.57,55.2,38.38
09/06/2022 15:25:21,0.5,41.58,55.21,38.37
09/06/2022 15:25:22,0.5,41.6,55.22,38.36
09/06/2022 15:25:23,0.5,41.61,55.23,38.35
09/06/2022 15:25:24,0.5,41.62,55.24,38.35
09/06/2022 15:25:25,0.5,41.63,55.25,38.34
09/06/2022 15:25:26,0.5,41.64,55.26,38.33
09/06/2022 15:25:27,0.5,41.65,55.27,38.32
09/06/2022 15:25:28,0.5,41.67,55.28,38.31
09/06/2022 15:25:29,0.5,41.68,55.29,38.31
09/06/2022 15:25:30,0.5,41.69,55.3,38.3
09/06/2022 15:25:31,0.5,41.7,55.31,38.29
09/06/2022 15:25:32,0.5,41.71,55.32,38.28
09/06/2022 15:25:33,0.5,41.72,55.33,38.27
09/06/2022 15:25:34,0.5,41.74,55.34,38.26
09/06/2022 15:25:35,0.5,41.75,55.35,38.26
09/06/2022 15:25:36,0.5,41.76,55.36,38.25
09/06/2022 15:25:37,0.5,41.77,55.37,38.24
09/06/2022 15:25:38,0.5,41.78,55.38,38.23
09/06/2022 15:25:39,0.5,41.79,55.39,38.22
09/06/2022 15:25:40,0.5,41.81,55.4,38.21
09/06/2022 15:25:41,0.5,41.82,55.42,38.21
09/06/2022 15:25:42,0.5,41.83,55.43,38.2
09/06/2022 15:25:43,0.5,41.84,55.44,38.19
09/06/2022 15:25:44,0.5,41.85,55.45,38.18
09/06/2022 15:25:45,0.5,41.86,55.46,38.17
09/06/2022 15:25:46,0.5,41.87,55.47,38.16
09/06/2022 15:25:47,0.5,41.89,55.48,38.15
09/06/2022 15:25:48,0.5,41.9,55.49,38.15
09/06/2022 15:25:49,0.5,41.91,55.5,38.14
09/06/2022 15:25:50,0.5,41.92,55.51,38.13
09/06/2022 15:25:51,0.5,41.93,55.52,38.12
09/06/2022 15:25:52,0.5,41.94,55.53,38.11
09/06/2022 15:25:53,0.5,41.96,55.54,38.1
09/06/2022 15:25:54,0.5,41.97,55.55,38.1
09/06/2022 15:25:55,0.5,41.98,55.56,38.09
09/06/2022 15:25:56,0.5,41.99,55.57,38.08
09/06/2022 15:25:57,0.5,42,55.58,38.07
09/06/2022 15:25:58,0.5,42.01,55.59,38.06
09/06/2022 15:25:59,0.5,42.03,55.6,38.06
09/06/2022 15:26:00,0.5,42.04,55.61,38.05
09/06/2022 15:26:01,0.5,42.05,55.62,38.04
09/06/2022 15:26:02,0.5,42.06,55.63,38.03
09/06/2022 15:26:03,0.5,42.07,55.64,38.02
09/06/2022 15:26:04,0.5,42.08,55.65,38.01
09/06/2022 15:26:05,0.5,42.09,55.66,38.01
09/06/2022 15:26:06,0.5,42.11,55.67,38
09/06/2022 15:26:07,0.5,42.12,55.69,37.99
09/06/2022 15:26:08,0.5,42.13,55.69,37.98
09/06/2022 15:26:09,0.5,42.14,55.71,37.97
09/06/2022 15:26:10,0.5,42.15,55.72,37.96
09/06/2022 15:26:11,0.5,42.16,55.73,37.96
09/06/2022 15:26:12,0.5,42.17,55.74,37.95
09/06/2022 15:26:13,0.5,42.19,55.75,37.94
09/06/2022 15:26:14,0.5,42.2,55.76,37.93
09/06/2022 15:26:15,0.5,42.21,55.77,37.92
09/06/2022 15:26:16,0.5,42.22,55.78,37.91
09/06/2022 15:26:17,0.5,42.23,55.79,37.9
09/06/2022 15:26:18,0.5,42.24,55.8,37.9
09/06/2022 15:26:19,0.5,42.26,55.81,37.89
09/06/2022 15:26:20,0.5,42.27,55.82,37.88
09/06/2022 15:26:21,0.5,42.28,55.83,37.87
09/06/2022 15:26:22,0.5,42.29,55.84,37.86
09/06/2022 15:26:23,0.5,42.3,55.85,37.85
09/06/2022 15:26:24,0.5,42.31,55.86,37.85
09/06/2022 15:26:25,0.5,42.33,55.87,37.84
09/06/2022 15:26:26,0.5,42.34,55.88,37.83
09/06/2022 15:26:27,0.5,42.35,55.89,37.82
09/06/2022 15:26:28,0.5,42.36,55.9,37.81
09/06/2022 15:26:29,0.5,42.37,55.91,37.81
09/06/2022 15:26:30,0.5,42.38,55.92,37.8
09/06/2022 15:26:31,0.5,42.39,55.93,37.79
09/06/2022 15:26:32,0.5,42.41,55.94,37.78
09/06/2022 15:26:33,0.5,42.42,55.96,37.77
09/06/2022 15:26:34,0.5,42.43,55.97,37.76
09/06/2022 15:26:35,0.5,42.44,55.98,37.76
09/06/2022 15:26:36,0.5,42.45,55.99,37.75
09/06/2022 15:26:37,0.5,42.46,56,37.74
09/06/2022 15:26:38,0.5,42.47,56.01,37.73
09/06/2022 15:26:39,0.5,42.49,56.02,37.72
09/06/2022 15:26:40,0.5,42.5,56.03,37.71
09/06/2022 15:26:41,0.5,42.51,56.04,37.71
09/06/2022 15:26:42,0.5,42.52,56.05,37.7
09/06/2022 15:26:43,0.5,42.53,56.06,37.69
09/06/2022 15:26:44,0.5,42.54,56.07,37.68
09/06/2022 15:26:45,0.5,42.56,56.08,37.67
09/06/2022 15:26:46,0.5,42.57,56.09,37.66
09/06/2022 15:26:47,0.5,42.58,56.1,37.65
09/06/2022 15:26:48,0.5,42.59,56.11,37.65
09/06/2022 15:26:49,0.5,42.6,56.12,37.64
09/06/2022 15:26:50,0.5,42.61,56.13,37.63
09/06/2022 15:26:51,0.5,42.62,56.14,37.64
09/06/2022 15:26:52,0.5,42.63,56.15,37.72
09/06/2022 15:26:53,0.5,42.64,56.16,37.8
09/06/2022 15:26:54,0.5,42.65,56.17,37.88
09/06/2022 15:26:55,0.5,42.65,56.18,37.96
09/06/2022 15:26:56,0.5,42.66,56.19,38.04
09/06/2022 15:26:57,0.5,42.67,56.21,38.12
09/06/2022 15:26:58,0.5,42.68,56.22,38.19
09/06/2022 15:26:59,0.5,42.69,56.23,38.26
09/06/2022 15:27:00,0.5,42.69,56.24,38.34
09/06/2022 15:27:01,0.5,42.7,56.25,38.41
09/06/2022 15:27:02,0.5,42.71,56.26,38.48
09/06/2022 15:27:03,0.5,42.72,56.27,38.55
09/06/2022 15:27:04,0.5,42.72,56.28,38.62
09/06/2022 15:27:05,0.5,42.73,56.29,38.69
09/06/2022 15:27:06,0.5,42.74,56.3,38.75
09/06/2022 15:27:07,0.5,42.75,56.31,38.81
09/06/2022 15:27:08,0.5,42.76,56.32,38.88
09/06/2022 15:27:09,0.5,42.77,56.33,38.94
09/06/2022 15:27:10,0.5,42.77,56.34,39
09/06/2022 15:27:11,0.5,42.78,56.35,39.07
09/06/2022 15:27:12,0.5,42.79,56.36,39.13
09/06/2022 15:27:13,0.5,42.8,56.37,39.18
09/06/2022 15:27:14,0.5,42.81,56.38,39.24
09/06/2022 15:27:15,0.5,42.82,56.39,39.3
09/06/2022 15:27:16,0.5,42.83,56.4,39.36
09/06/2022 15:27:17,0.5,42.83,56.41,39.41
09/06/2022 15:27:18,0.5,42.84,56.42,39.47
09/06/2022 15:27:19,0.5,42.85,56.43,39.52
09/06/2022 15:27:20,0.5,42.86,56.44,39.57
09/06/2022 